###############################################################################
#
# IAR ELF Linker V9.10.2.313/W64 for ARM                  15/Jun/2022  13:11:51
# Copyright 2007-2021 IAR Systems AB.
#
#    Output file  =
#        C:\Users\VinDa\OneDrive\Documents\IAR\ELEN509_SQ22\IS_COMM_Tst\EWARM\IS_COMM_Tst\Exe\IS_COMM_Tst.out
#    Map file     =
#        C:\Users\VinDa\OneDrive\Documents\IAR\ELEN509_SQ22\IS_COMM_Tst\EWARM\IS_COMM_Tst\List\IS_COMM_Tst.map
#    Command line =
#        -f
#        C:\Users\VinDa\OneDrive\Documents\IAR\ELEN509_SQ22\IS_COMM_Tst\EWARM\IS_COMM_Tst\Exe\IS_COMM_Tst.out.rsp
#        (C:\Users\VinDa\OneDrive\Documents\IAR\ELEN509_SQ22\IS_COMM_Tst\EWARM\IS_COMM_Tst\Obj\Application\User\Modules\gps.o
#        C:\Users\VinDa\OneDrive\Documents\IAR\ELEN509_SQ22\IS_COMM_Tst\EWARM\IS_COMM_Tst\Obj\Application\User\Core\main.o
#        C:\Users\VinDa\OneDrive\Documents\IAR\ELEN509_SQ22\IS_COMM_Tst\EWARM\IS_COMM_Tst\Obj\Application\User\Modules\Serial.o
#        C:\Users\VinDa\OneDrive\Documents\IAR\ELEN509_SQ22\IS_COMM_Tst\EWARM\IS_COMM_Tst\Obj\Application\User\Modules\serial_user.o
#        C:\Users\VinDa\OneDrive\Documents\IAR\ELEN509_SQ22\IS_COMM_Tst\EWARM\IS_COMM_Tst\Obj\Application\EWARM\startup_stm32g070xx.o
#        C:\Users\VinDa\OneDrive\Documents\IAR\ELEN509_SQ22\IS_COMM_Tst\EWARM\IS_COMM_Tst\Obj\Drivers\STM32G0xx_HAL_Driver\stm32g0xx_hal.o
#        C:\Users\VinDa\OneDrive\Documents\IAR\ELEN509_SQ22\IS_COMM_Tst\EWARM\IS_COMM_Tst\Obj\Drivers\STM32G0xx_HAL_Driver\stm32g0xx_hal_adc.o
#        C:\Users\VinDa\OneDrive\Documents\IAR\ELEN509_SQ22\IS_COMM_Tst\EWARM\IS_COMM_Tst\Obj\Drivers\STM32G0xx_HAL_Driver\stm32g0xx_hal_adc_ex.o
#        C:\Users\VinDa\OneDrive\Documents\IAR\ELEN509_SQ22\IS_COMM_Tst\EWARM\IS_COMM_Tst\Obj\Drivers\STM32G0xx_HAL_Driver\stm32g0xx_hal_cortex.o
#        C:\Users\VinDa\OneDrive\Documents\IAR\ELEN509_SQ22\IS_COMM_Tst\EWARM\IS_COMM_Tst\Obj\Drivers\STM32G0xx_HAL_Driver\stm32g0xx_hal_dma.o
#        C:\Users\VinDa\OneDrive\Documents\IAR\ELEN509_SQ22\IS_COMM_Tst\EWARM\IS_COMM_Tst\Obj\Drivers\STM32G0xx_HAL_Driver\stm32g0xx_hal_dma_ex.o
#        C:\Users\VinDa\OneDrive\Documents\IAR\ELEN509_SQ22\IS_COMM_Tst\EWARM\IS_COMM_Tst\Obj\Drivers\STM32G0xx_HAL_Driver\stm32g0xx_hal_exti.o
#        C:\Users\VinDa\OneDrive\Documents\IAR\ELEN509_SQ22\IS_COMM_Tst\EWARM\IS_COMM_Tst\Obj\Drivers\STM32G0xx_HAL_Driver\stm32g0xx_hal_flash.o
#        C:\Users\VinDa\OneDrive\Documents\IAR\ELEN509_SQ22\IS_COMM_Tst\EWARM\IS_COMM_Tst\Obj\Drivers\STM32G0xx_HAL_Driver\stm32g0xx_hal_flash_ex.o
#        C:\Users\VinDa\OneDrive\Documents\IAR\ELEN509_SQ22\IS_COMM_Tst\EWARM\IS_COMM_Tst\Obj\Drivers\STM32G0xx_HAL_Driver\stm32g0xx_hal_gpio.o
#        C:\Users\VinDa\OneDrive\Documents\IAR\ELEN509_SQ22\IS_COMM_Tst\EWARM\IS_COMM_Tst\Obj\Drivers\STM32G0xx_HAL_Driver\stm32g0xx_hal_i2c.o
#        C:\Users\VinDa\OneDrive\Documents\IAR\ELEN509_SQ22\IS_COMM_Tst\EWARM\IS_COMM_Tst\Obj\Drivers\STM32G0xx_HAL_Driver\stm32g0xx_hal_i2c_ex.o
#        C:\Users\VinDa\OneDrive\Documents\IAR\ELEN509_SQ22\IS_COMM_Tst\EWARM\IS_COMM_Tst\Obj\Application\User\Core\stm32g0xx_hal_msp.o
#        C:\Users\VinDa\OneDrive\Documents\IAR\ELEN509_SQ22\IS_COMM_Tst\EWARM\IS_COMM_Tst\Obj\Drivers\STM32G0xx_HAL_Driver\stm32g0xx_hal_pwr.o
#        C:\Users\VinDa\OneDrive\Documents\IAR\ELEN509_SQ22\IS_COMM_Tst\EWARM\IS_COMM_Tst\Obj\Drivers\STM32G0xx_HAL_Driver\stm32g0xx_hal_pwr_ex.o
#        C:\Users\VinDa\OneDrive\Documents\IAR\ELEN509_SQ22\IS_COMM_Tst\EWARM\IS_COMM_Tst\Obj\Drivers\STM32G0xx_HAL_Driver\stm32g0xx_hal_rcc.o
#        C:\Users\VinDa\OneDrive\Documents\IAR\ELEN509_SQ22\IS_COMM_Tst\EWARM\IS_COMM_Tst\Obj\Drivers\STM32G0xx_HAL_Driver\stm32g0xx_hal_rcc_ex.o
#        C:\Users\VinDa\OneDrive\Documents\IAR\ELEN509_SQ22\IS_COMM_Tst\EWARM\IS_COMM_Tst\Obj\Drivers\STM32G0xx_HAL_Driver\stm32g0xx_hal_spi.o
#        C:\Users\VinDa\OneDrive\Documents\IAR\ELEN509_SQ22\IS_COMM_Tst\EWARM\IS_COMM_Tst\Obj\Drivers\STM32G0xx_HAL_Driver\stm32g0xx_hal_spi_ex.o
#        C:\Users\VinDa\OneDrive\Documents\IAR\ELEN509_SQ22\IS_COMM_Tst\EWARM\IS_COMM_Tst\Obj\Drivers\STM32G0xx_HAL_Driver\stm32g0xx_hal_tim.o
#        C:\Users\VinDa\OneDrive\Documents\IAR\ELEN509_SQ22\IS_COMM_Tst\EWARM\IS_COMM_Tst\Obj\Drivers\STM32G0xx_HAL_Driver\stm32g0xx_hal_tim_ex.o
#        C:\Users\VinDa\OneDrive\Documents\IAR\ELEN509_SQ22\IS_COMM_Tst\EWARM\IS_COMM_Tst\Obj\Drivers\STM32G0xx_HAL_Driver\stm32g0xx_hal_uart.o
#        C:\Users\VinDa\OneDrive\Documents\IAR\ELEN509_SQ22\IS_COMM_Tst\EWARM\IS_COMM_Tst\Obj\Drivers\STM32G0xx_HAL_Driver\stm32g0xx_hal_uart_ex.o
#        C:\Users\VinDa\OneDrive\Documents\IAR\ELEN509_SQ22\IS_COMM_Tst\EWARM\IS_COMM_Tst\Obj\Application\User\Core\stm32g0xx_it.o
#        C:\Users\VinDa\OneDrive\Documents\IAR\ELEN509_SQ22\IS_COMM_Tst\EWARM\IS_COMM_Tst\Obj\Drivers\STM32G0xx_HAL_Driver\stm32g0xx_ll_adc.o
#        C:\Users\VinDa\OneDrive\Documents\IAR\ELEN509_SQ22\IS_COMM_Tst\EWARM\IS_COMM_Tst\Obj\Drivers\STM32G0xx_HAL_Driver\stm32g0xx_ll_dma.o
#        C:\Users\VinDa\OneDrive\Documents\IAR\ELEN509_SQ22\IS_COMM_Tst\EWARM\IS_COMM_Tst\Obj\Drivers\STM32G0xx_HAL_Driver\stm32g0xx_ll_rcc.o
#        C:\Users\VinDa\OneDrive\Documents\IAR\ELEN509_SQ22\IS_COMM_Tst\EWARM\IS_COMM_Tst\Obj\Drivers\STM32G0xx_LL_Driver\stm32g0xx_ll_usart.o
#        C:\Users\VinDa\OneDrive\Documents\IAR\ELEN509_SQ22\IS_COMM_Tst\EWARM\IS_COMM_Tst\Obj\Drivers\CMSIS\system_stm32g0xx.o
#        --no_out_extension -o
#        C:\Users\VinDa\OneDrive\Documents\IAR\ELEN509_SQ22\IS_COMM_Tst\EWARM\IS_COMM_Tst\Exe\IS_COMM_Tst.out
#        --redirect _Printf=_PrintfFullNoMb --redirect _Scanf=_ScanfFullNoMb
#        --map
#        C:\Users\VinDa\OneDrive\Documents\IAR\ELEN509_SQ22\IS_COMM_Tst\EWARM\IS_COMM_Tst\List\IS_COMM_Tst.map
#        --config
#        C:\Users\VinDa\OneDrive\Documents\IAR\ELEN509_SQ22\IS_COMM_Tst\EWARM/stm32g070xx_flash.icf
#        --semihosting --entry __iar_program_start --vfe --text_out locale)
#
###############################################################################

*******************************************************************************
*** RUNTIME MODEL ATTRIBUTES
***

CppFlavor       = *
__SystemLibrary = DLib
__dlib_version  = 6


*******************************************************************************
*** HEAP SELECTION
***

The basic heap was selected because no calls to memory allocation
functions were found in the application outside of system library
functions, and there are calls to deallocation functions in the
application.


*******************************************************************************
*** PLACEMENT SUMMARY
***

"A0":  place at address 0x800'0000 { ro section .intvec };
"P1":  place in [from 0x800'0000 to 0x801'ffff] { ro };
define block CSTACK with size = 1K, alignment = 8 { };
define block HEAP with size = 512, alignment = 8 { };
"P2":  place in [from 0x2000'0000 to 0x2000'8fff] {
          rw, block CSTACK, block HEAP };
initialize by copy { rw };

  Section            Kind         Address    Size  Object
  -------            ----         -------    ----  ------
"A0":                                        0xb8
  .intvec            ro code   0x800'0000    0xb8  startup_stm32g070xx.o [1]
                             - 0x800'00b8    0xb8

"P1":                                      0x29c2
  .text              ro code   0x800'00b8   0x8dc  stm32g0xx_hal_uart.o [5]
  .text              ro code   0x800'0994   0x308  stm32g0xx_hal_msp.o [2]
  .text              ro code   0x800'0c9c     0xc  stm32g0xx_hal.o [5]
  .text              ro code   0x800'0ca8    0xfc  stm32g0xx_hal_dma.o [5]
  .text              ro code   0x800'0da4     0x2  stm32g0xx_hal_uart.o [5]
  .text              ro code   0x800'0da6     0x2  stm32g0xx_hal_uart.o [5]
  .text              ro code   0x800'0da8     0x2  stm32g0xx_hal_uart_ex.o [5]
  .text              ro code   0x800'0daa     0x2  stm32g0xx_hal_uart.o [5]
  .text              ro code   0x800'0dac     0x2  stm32g0xx_hal_uart_ex.o [5]
  .text              ro code   0x800'0dae     0x2  stm32g0xx_hal_uart_ex.o [5]
  .text              ro code   0x800'0db0   0x5f4  stm32g0xx_hal_rcc.o [5]
  .text              ro code   0x800'13a4    0x5e  I32DivMod.o [8]
  .text              ro code   0x800'1402    0x3e  packbits_init_single.o [8]
  .text              ro code   0x800'1440    0x40  stm32g0xx_hal.o [5]
  .text              ro code   0x800'1480    0x14  memset.o [8]
  .text              ro code   0x800'1494   0x184  stm32g0xx_hal_gpio.o [5]
  .text              ro code   0x800'1618    0x90  stm32g0xx_hal_cortex.o [5]
  .text              ro code   0x800'16a8    0x4c  stm32g0xx_hal.o [5]
  .text              ro code   0x800'16f4     0x2  IntDivZer.o [8]
  .text              ro code   0x800'16f6     0x2  startup_stm32g070xx.o [1]
  .text              ro code   0x800'16f8    0x4e  ABImemset.o [8]
  .text              ro code   0x800'1746     0x2  startup_stm32g070xx.o [1]
  .text              ro code   0x800'1748   0x518  main.o [2]
  .text              ro code   0x800'1c60   0x1a4  stm32g0xx_hal_uart_ex.o [5]
  .text              ro code   0x800'1e04   0x4c8  stm32g0xx_hal_adc.o [5]
  .text              ro code   0x800'22cc    0xb4  stm32g0xx_hal_i2c.o [5]
  .text              ro code   0x800'2380    0x8c  stm32g0xx_hal_i2c_ex.o [5]
  .text              ro code   0x800'240c   0x108  stm32g0xx_hal_spi.o [5]
  .text              ro code   0x800'2514    0x10  Serial.o [3]
  .text              ro code   0x800'2524    0xd4  gps.o [3]
  .text              ro code   0x800'25f8    0x4c  stm32g0xx_hal_pwr_ex.o [5]
  .text              ro code   0x800'2644   0x164  stm32g0xx_hal_rcc_ex.o [5]
  .text              ro code   0x800'27a8    0xf8  stm32g0xx_it.o [2]
  .text              ro code   0x800'28a0    0x10  stm32g0xx_hal.o [5]
  .rodata            const     0x800'28b0    0x40  system_stm32g0xx.o [4]
  .text              ro code   0x800'28f0    0x3c  zero_init3.o [8]
  .text              ro code   0x800'292c    0x28  data_init.o [8]
  .iar.init_table    const     0x800'2954    0x20  - Linker created -
  .rodata            const     0x800'2974    0x20  system_stm32g0xx.o [4]
  .text              ro code   0x800'2994    0x1e  cmain.o [8]
  .text              ro code   0x800'29b2     0x4  low_level_init.o [7]
  .text              ro code   0x800'29b6     0x8  exit.o [7]
  .text              ro code   0x800'29be     0x2  startup_stm32g070xx.o [1]
  .text              ro code   0x800'29c0     0xa  cexit.o [8]
  .text              ro code   0x800'29ca     0x2  startup_stm32g070xx.o [1]
  .text              ro code   0x800'29cc    0x14  exit.o [9]
  .text              ro code   0x800'29e0    0x1c  cstartup_M.o [8]
  .text              ro code   0x800'29fc    0x10  startup_stm32g070xx.o [1]
  .text              ro code   0x800'2a0c     0x2  startup_stm32g070xx.o [1]
  .text              ro code   0x800'2a0e     0x2  startup_stm32g070xx.o [1]
  .text              ro code   0x800'2a10     0x2  startup_stm32g070xx.o [1]
  .text              ro code   0x800'2a12     0x2  startup_stm32g070xx.o [1]
  .text              ro code   0x800'2a14     0x2  startup_stm32g070xx.o [1]
  .text              ro code   0x800'2a16     0x2  startup_stm32g070xx.o [1]
  .text              ro code   0x800'2a18     0x2  startup_stm32g070xx.o [1]
  .text              ro code   0x800'2a1a     0x2  startup_stm32g070xx.o [1]
  .text              ro code   0x800'2a1c     0x2  startup_stm32g070xx.o [1]
  .text              ro code   0x800'2a1e     0x2  startup_stm32g070xx.o [1]
  .text              ro code   0x800'2a20     0x2  startup_stm32g070xx.o [1]
  .text              ro code   0x800'2a22     0x2  startup_stm32g070xx.o [1]
  .text              ro code   0x800'2a24     0x2  startup_stm32g070xx.o [1]
  .text              ro code   0x800'2a26     0x2  startup_stm32g070xx.o [1]
  .text              ro code   0x800'2a28     0x2  startup_stm32g070xx.o [1]
  .text              ro code   0x800'2a2a     0x2  startup_stm32g070xx.o [1]
  .text              ro code   0x800'2a2c     0x2  startup_stm32g070xx.o [1]
  .text              ro code   0x800'2a2e     0x2  startup_stm32g070xx.o [1]
  .text              ro code   0x800'2a30     0x2  startup_stm32g070xx.o [1]
  .text              ro code   0x800'2a32     0x2  startup_stm32g070xx.o [1]
  .text              ro code   0x800'2a34     0x2  system_stm32g0xx.o [4]
  .rodata            const     0x800'2a36     0x0  zero_init3.o [8]
  .rodata            const     0x800'2a36     0x0  packbits_init_single.o [8]
  Initializer bytes  const     0x800'2a36    0x44  <for P2-1>
                             - 0x800'2a7a  0x29c2

"P2", part 1 of 3:                          0x434
  P2-1                        0x2000'0000   0x434  <Init block>
    .data            inited   0x2000'0000    0xa8  gps.o [3]
    .data            inited   0x2000'00a8   0x35c  main.o [2]
    .data            inited   0x2000'0404    0x10  serial_user.o [3]
    .data            inited   0x2000'0414    0x10  serial_user.o [3]
    .data            inited   0x2000'0424     0xc  stm32g0xx_hal.o [5]
    .data            inited   0x2000'0430     0x4  system_stm32g0xx.o [4]
                            - 0x2000'0434   0x434

"P2", part 2 of 3:                          0x134
  .bss               zero     0x2000'0434    0xfc  serial_user.o [3]
  .bss               zero     0x2000'0530    0x34  serial_user.o [3]
  .bss               zero     0x2000'0564     0x1  main.o [2]
                            - 0x2000'0565   0x131

"P2", part 3 of 3:                          0x400
  CSTACK                      0x2000'0568   0x400  <Block>
    CSTACK           uninit   0x2000'0568   0x400  <Block tail>
                            - 0x2000'0968   0x400

Unused ranges:

         From           To      Size
         ----           --      ----
   0x800'2a7a   0x801'ffff  0x1'd586
  0x2000'0968  0x2000'8fff    0x8698


*******************************************************************************
*** INIT TABLE
***

          Address      Size
          -------      ----
Zero (__iar_zero_init3)
    1 destination range, total size 0x131:
          0x2000'0434  0x131

Copy/packbits (__iar_packbits_init_single3)
    1 source range, total size 0x44 (6% of destination):
           0x800'2a36   0x44
    1 destination range, total size 0x434:
          0x2000'0000  0x434



*******************************************************************************
*** MODULE SUMMARY
***

    Module                   ro code  ro data  rw data
    ------                   -------  -------  -------
command line/config:
    --------------------------------------------------
    Total:

C:\Users\VinDa\OneDrive\Documents\IAR\ELEN509_SQ22\IS_COMM_Tst\EWARM\IS_COMM_Tst\Obj\Application\EWARM: [1]
    startup_stm32g070xx.o        248
    --------------------------------------------------
    Total:                       248

C:\Users\VinDa\OneDrive\Documents\IAR\ELEN509_SQ22\IS_COMM_Tst\EWARM\IS_COMM_Tst\Obj\Application\User\Core: [2]
    main.o                     1'304       54      861
    stm32g0xx_hal_msp.o          776
    stm32g0xx_it.o               248
    --------------------------------------------------
    Total:                     2'328       54      861

C:\Users\VinDa\OneDrive\Documents\IAR\ELEN509_SQ22\IS_COMM_Tst\EWARM\IS_COMM_Tst\Obj\Application\User\Modules: [3]
    Serial.o                      16
    gps.o                        212       10      168
    serial_user.o                           2      336
    --------------------------------------------------
    Total:                       228       12      504

C:\Users\VinDa\OneDrive\Documents\IAR\ELEN509_SQ22\IS_COMM_Tst\EWARM\IS_COMM_Tst\Obj\Drivers\CMSIS: [4]
    system_stm32g0xx.o             2       97        4
    --------------------------------------------------
    Total:                         2       97        4

C:\Users\VinDa\OneDrive\Documents\IAR\ELEN509_SQ22\IS_COMM_Tst\EWARM\IS_COMM_Tst\Obj\Drivers\STM32G0xx_HAL_Driver: [5]
    stm32g0xx_hal.o              168        1       12
    stm32g0xx_hal_adc.o        1'224
    stm32g0xx_hal_cortex.o       144
    stm32g0xx_hal_dma.o          252
    stm32g0xx_hal_gpio.o         388
    stm32g0xx_hal_i2c.o          180
    stm32g0xx_hal_i2c_ex.o       140
    stm32g0xx_hal_pwr_ex.o        76
    stm32g0xx_hal_rcc.o        1'524
    stm32g0xx_hal_rcc_ex.o       356
    stm32g0xx_hal_spi.o          264
    stm32g0xx_hal_uart.o       2'274
    stm32g0xx_hal_uart_ex.o      426
    --------------------------------------------------
    Total:                     7'416        1       12

C:\Users\VinDa\OneDrive\Documents\IAR\ELEN509_SQ22\IS_COMM_Tst\EWARM\IS_COMM_Tst\Obj\Drivers\STM32G0xx_LL_Driver: [6]
    --------------------------------------------------
    Total:

dl6M_tln.a: [7]
    exit.o                         8
    low_level_init.o               4
    --------------------------------------------------
    Total:                        12

rt6M_tl.a: [8]
    ABImemset.o                   78
    I32DivMod.o                   94
    IntDivZer.o                    2
    cexit.o                       10
    cmain.o                       30
    cstartup_M.o                  28
    data_init.o                   40
    memset.o                      20
    packbits_init_single.o        62
    zero_init3.o                  60
    --------------------------------------------------
    Total:                       424

shb_l.a: [9]
    exit.o                        20
    --------------------------------------------------
    Total:                        20

    Linker created                         32    1'024
------------------------------------------------------
    Grand Total:              10'678      196    2'405


*******************************************************************************
*** ENTRY LIST
***

Entry                       Address   Size  Type      Object
-----                       -------   ----  ----      ------
.iar.init_table$$Base    0x800'2954          --   Gb  - Linker created -
.iar.init_table$$Limit   0x800'2974          --   Gb  - Linker created -
?main                    0x800'2995         Code  Gb  cmain.o [8]
AHBPrescTable            0x800'28b0   0x40  Data  Gb  system_stm32g0xx.o [4]
APBPrescTable            0x800'2974   0x20  Data  Gb  system_stm32g0xx.o [4]
CSTACK$$Base            0x2000'0568          --   Gb  - Linker created -
CSTACK$$Limit           0x2000'0968          --   Gb  - Linker created -
Error_Handler            0x800'1c5d    0x4  Code  Gb  main.o [2]
GPS_rxBuffer            0x2000'0434   0xfc  Data  Gb  serial_user.o [3]
GPS_txBuffer            0x2000'0530   0x34  Data  Gb  serial_user.o [3]
HAL_ADC_ConfigChannel    0x800'2039  0x262  Code  Gb  stm32g0xx_hal_adc.o [5]
HAL_ADC_Init             0x800'1e1b  0x1fa  Code  Gb  stm32g0xx_hal_adc.o [5]
HAL_ADC_MspInit          0x800'09c5   0x78  Code  Gb  stm32g0xx_hal_msp.o [2]
HAL_DMA_Abort            0x800'0ca9   0x78  Code  Gb  stm32g0xx_hal_dma.o [5]
HAL_DMA_Abort_IT         0x800'0d21   0x7a  Code  Gb  stm32g0xx_hal_dma.o [5]
HAL_GPIO_Init            0x800'1495  0x160  Code  Gb  stm32g0xx_hal_gpio.o [5]
HAL_GPIO_WritePin        0x800'15f5    0xc  Code  Gb  stm32g0xx_hal_gpio.o [5]
HAL_GetTick              0x800'0c9d    0xc  Code  Gb  stm32g0xx_hal.o [5]
HAL_I2CEx_ConfigAnalogFilter
                         0x800'2381   0x3a  Code  Gb  stm32g0xx_hal_i2c_ex.o [5]
HAL_I2CEx_ConfigDigitalFilter
                         0x800'23bb   0x36  Code  Gb  stm32g0xx_hal_i2c_ex.o [5]
HAL_I2C_Init             0x800'22cd   0xa8  Code  Gb  stm32g0xx_hal_i2c.o [5]
HAL_I2C_MspInit          0x800'0a3d   0x5c  Code  Gb  stm32g0xx_hal_msp.o [2]
HAL_IncTick              0x800'28a1   0x10  Code  Gb  stm32g0xx_hal.o [5]
HAL_Init                 0x800'1441   0x24  Code  Gb  stm32g0xx_hal.o [5]
HAL_InitTick             0x800'16a9   0x4c  Code  Gb  stm32g0xx_hal.o [5]
HAL_MspInit              0x800'0995   0x30  Code  Gb  stm32g0xx_hal_msp.o [2]
HAL_NVIC_EnableIRQ       0x800'165d   0x12  Code  Gb  stm32g0xx_hal_cortex.o [5]
HAL_NVIC_SetPriority     0x800'1653    0x8  Code  Gb  stm32g0xx_hal_cortex.o [5]
HAL_PWREx_ControlVoltageScaling
                         0x800'25f9   0x3a  Code  Gb  stm32g0xx_hal_pwr_ex.o [5]
HAL_RCCEx_PeriphCLKConfig
                         0x800'2645  0x142  Code  Gb  stm32g0xx_hal_rcc_ex.o [5]
HAL_RCC_ClockConfig      0x800'1179  0x14e  Code  Gb  stm32g0xx_hal_rcc.o [5]
HAL_RCC_GetPCLK1Freq     0x800'135b   0x1a  Code  Gb  stm32g0xx_hal_rcc.o [5]
HAL_RCC_GetSysClockFreq
                         0x800'12d9   0x82  Code  Gb  stm32g0xx_hal_rcc.o [5]
HAL_RCC_OscConfig        0x800'0db1  0x3b2  Code  Gb  stm32g0xx_hal_rcc.o [5]
HAL_RS485Ex_Init         0x800'1c61   0x84  Code  Gb  stm32g0xx_hal_uart_ex.o [5]
HAL_SPI_Init             0x800'240d  0x104  Code  Gb  stm32g0xx_hal_spi.o [5]
HAL_SPI_MspInit          0x800'0a99   0x78  Code  Gb  stm32g0xx_hal_msp.o [2]
HAL_SYSCFG_StrobeDBattpinsConfig
                         0x800'1465    0xe  Code  Gb  stm32g0xx_hal.o [5]
HAL_SYSTICK_Config       0x800'166f   0x28  Code  Gb  stm32g0xx_hal_cortex.o [5]
HAL_UARTEx_DisableFifoMode
                         0x800'1ce5   0x3a  Code  Gb  stm32g0xx_hal_uart_ex.o [5]
HAL_UARTEx_RxEventCallback
                         0x800'0da7    0x2  Code  Gb  stm32g0xx_hal_uart.o [5]
HAL_UARTEx_RxFifoFullCallback
                         0x800'0daf    0x2  Code  Gb  stm32g0xx_hal_uart_ex.o [5]
HAL_UARTEx_SetRxFifoThreshold
                         0x800'1d51   0x30  Code  Gb  stm32g0xx_hal_uart_ex.o [5]
HAL_UARTEx_SetTxFifoThreshold
                         0x800'1d1f   0x32  Code  Gb  stm32g0xx_hal_uart_ex.o [5]
HAL_UARTEx_TxFifoEmptyCallback
                         0x800'0dad    0x2  Code  Gb  stm32g0xx_hal_uart_ex.o [5]
HAL_UARTEx_WakeupCallback
                         0x800'0da9    0x2  Code  Gb  stm32g0xx_hal_uart_ex.o [5]
HAL_UART_ErrorCallback   0x800'0da5    0x2  Code  Gb  stm32g0xx_hal_uart.o [5]
HAL_UART_IRQHandler      0x800'021d  0x306  Code  Gb  stm32g0xx_hal_uart.o [5]
HAL_UART_Init            0x800'00b9   0x56  Code  Gb  stm32g0xx_hal_uart.o [5]
HAL_UART_MspInit         0x800'0b19  0x158  Code  Gb  stm32g0xx_hal_msp.o [2]
HAL_UART_Transmit        0x800'0125   0xf8  Code  Gb  stm32g0xx_hal_uart.o [5]
HAL_UART_TxCpltCallback
                         0x800'0dab    0x2  Code  Gb  stm32g0xx_hal_uart.o [5]
HardFault_Handler        0x800'27ab    0x2  Code  Gb  stm32g0xx_it.o [2]
IsBufferEmpty            0x800'2515   0x10  Code  Gb  Serial.o [3]
LL_ADC_SetSamplingTimeCommonChannels
                         0x800'1e05   0x16  Code  Lc  stm32g0xx_hal_adc.o [5]
LL_USART_EnableIT_RXNE_RXFNE
                         0x800'1749   0x18  Code  Lc  main.o [2]
NMI_Handler              0x800'27a9    0x2  Code  Gb  stm32g0xx_it.o [2]
PendSV_Handler           0x800'27af    0x2  Code  Gb  stm32g0xx_it.o [2]
ProcessGpsInputChar      0x800'2525   0xd4  Code  Gb  gps.o [3]
Region$$Table$$Base      0x800'2954          --   Gb  - Linker created -
Region$$Table$$Limit     0x800'2974          --   Gb  - Linker created -
SVC_Handler              0x800'27ad    0x2  Code  Gb  stm32g0xx_it.o [2]
SysTick_Handler          0x800'27b1    0x8  Code  Gb  stm32g0xx_it.o [2]
SystemClock_Config       0x800'1bad   0x82  Code  Gb  main.o [2]
SystemCoreClock         0x2000'0430    0x4  Data  Gb  system_stm32g0xx.o [4]
SystemInit               0x800'2a35    0x2  Code  Gb  system_stm32g0xx.o [4]
UARTEx_SetNbDataToProcess
                         0x800'1da9   0x4a  Code  Lc  stm32g0xx_hal_uart_ex.o [5]
UARTEx_SetNbDataToProcess::denominator
                         0x800'1dfc    0x8  Data  Lc  stm32g0xx_hal_uart_ex.o [5]
UARTEx_SetNbDataToProcess::numerator
                         0x800'1df4    0x8  Data  Lc  stm32g0xx_hal_uart_ex.o [5]
UARTPrescTable           0x800'06a4   0x18  Data  Gb  stm32g0xx_hal_uart.o [5]
UART_AdvFeatureConfig    0x800'06bd   0xc8  Code  Gb  stm32g0xx_hal_uart.o [5]
UART_CheckIdleState      0x800'0789   0x60  Code  Gb  stm32g0xx_hal_uart.o [5]
UART_DMAAbortOnError     0x800'0981   0x14  Code  Lc  stm32g0xx_hal_uart.o [5]
UART_EndRxTransfer       0x800'0915   0x5e  Code  Lc  stm32g0xx_hal_uart.o [5]
UART_SetConfig           0x800'0541  0x162  Code  Gb  stm32g0xx_hal_uart.o [5]
UART_WaitOnFlagUntilTimeout
                         0x800'0809   0xde  Code  Gb  stm32g0xx_hal_uart.o [5]
USART1_IRQHandler        0x800'27b9   0x94  Code  Gb  stm32g0xx_it.o [2]
USART2_IRQHandler        0x800'284d    0xa  Code  Gb  stm32g0xx_it.o [2]
USART3_4_IRQHandler      0x800'2857   0x26  Code  Gb  stm32g0xx_it.o [2]
__ICFEDIT_region_RAM_end__ {Abs}
                        0x2000'8fff         Data  Gb  <internal module>
__ICFEDIT_region_RAM_start__ {Abs}
                        0x2000'0000         Data  Gb  <internal module>
__NVIC_SetPriority       0x800'1619   0x3a  Code  Lc  stm32g0xx_hal_cortex.o [5]
__aeabi_idiv0            0x800'16f5         Code  Gb  IntDivZer.o [8]
__aeabi_memset           0x800'16f9         Code  Gb  ABImemset.o [8]
__cmain                  0x800'2995         Code  Gb  cmain.o [8]
__exit                   0x800'29cd   0x14  Code  Gb  exit.o [9]
__iar_Memset4_word       0x800'1719         Code  Gb  ABImemset.o [8]
__iar_Memset_word        0x800'1705         Code  Gb  ABImemset.o [8]
__iar_data_init3         0x800'292d   0x28  Code  Gb  data_init.o [8]
__iar_packbits_init_single3
                         0x800'1403   0x3e  Code  Gb  packbits_init_single.o [8]
__iar_program_start      0x800'29e1         Code  Gb  cstartup_M.o [8]
__iar_small_idiv         0x800'13a5         Code  Gb  I32DivMod.o [8]
__iar_small_idivmod      0x800'13a5         Code  Gb  I32DivMod.o [8]
__iar_small_uidiv        0x800'13cd         Code  Gb  I32DivMod.o [8]
__iar_small_uidivmod     0x800'13cd         Code  Gb  I32DivMod.o [8]
__iar_zero_init3         0x800'28f1   0x3c  Code  Gb  zero_init3.o [8]
__low_level_init         0x800'29b3    0x4  Code  Gb  low_level_init.o [7]
__vector_table           0x800'0000         Data  Gb  startup_stm32g070xx.o [1]
_call_main               0x800'29a1         Code  Gb  cmain.o [8]
_exit                    0x800'29c1         Code  Gb  cexit.o [8]
byteReceived            0x2000'0564    0x1  Data  Gb  main.o [2]
char2Send               0x2000'010e    0x2  Data  Gb  main.o [2]
charCounter             0x2000'010c    0x1  Data  Gb  main.o [2]
exit                     0x800'29b7    0x8  Code  Gb  exit.o [7]
gpsHeaderBuffer         0x2000'0000    0xc  Data  Gb  gps.o [3]
gpsHeaderBufferIndex    0x2000'000d    0x1  Data  Gb  gps.o [3]
gpsPacketBuffer         0x2000'0010   0x98  Data  Gb  gps.o [3]
gpsPacketBufferIndex    0x2000'000c    0x1  Data  Gb  gps.o [3]
gpsPacketStatus         0x2000'000e    0x1  Data  Gb  gps.o [3]
gpsProcessPacket        0x2000'000f    0x1  Data  Gb  gps.o [3]
gps_inputBuffer         0x2000'0404   0x10  Data  Gb  serial_user.o [3]
gps_outputBuffer        0x2000'0414   0x10  Data  Gb  serial_user.o [3]
hadc1                   0x2000'00a8   0x64  Data  Gb  main.o [2]
hi2c1                   0x2000'03b4   0x4c  Data  Gb  main.o [2]
hspi1                   0x2000'0110   0x64  Data  Gb  main.o [2]
huart1                  0x2000'0174   0x90  Data  Gb  main.o [2]
huart2                  0x2000'0204   0x90  Data  Gb  main.o [2]
huart3                  0x2000'0294   0x90  Data  Gb  main.o [2]
huart4                  0x2000'0324   0x90  Data  Gb  main.o [2]
main                     0x800'1761  0x442  Code  Gb  main.o [2]
memset                   0x800'1481   0x14  Code  Gb  memset.o [8]
uwTick                  0x2000'0428    0x4  Data  Gb  stm32g0xx_hal.o [5]
uwTickFreq              0x2000'0424    0x1  Data  Gb  stm32g0xx_hal.o [5]
uwTickPrio              0x2000'042c    0x4  Data  Gb  stm32g0xx_hal.o [5]
xmitDelay               0x2000'0400    0x4  Data  Gb  main.o [2]


[1] = C:\Users\VinDa\OneDrive\Documents\IAR\ELEN509_SQ22\IS_COMM_Tst\EWARM\IS_COMM_Tst\Obj\Application\EWARM
[2] = C:\Users\VinDa\OneDrive\Documents\IAR\ELEN509_SQ22\IS_COMM_Tst\EWARM\IS_COMM_Tst\Obj\Application\User\Core
[3] = C:\Users\VinDa\OneDrive\Documents\IAR\ELEN509_SQ22\IS_COMM_Tst\EWARM\IS_COMM_Tst\Obj\Application\User\Modules
[4] = C:\Users\VinDa\OneDrive\Documents\IAR\ELEN509_SQ22\IS_COMM_Tst\EWARM\IS_COMM_Tst\Obj\Drivers\CMSIS
[5] = C:\Users\VinDa\OneDrive\Documents\IAR\ELEN509_SQ22\IS_COMM_Tst\EWARM\IS_COMM_Tst\Obj\Drivers\STM32G0xx_HAL_Driver
[6] = C:\Users\VinDa\OneDrive\Documents\IAR\ELEN509_SQ22\IS_COMM_Tst\EWARM\IS_COMM_Tst\Obj\Drivers\STM32G0xx_LL_Driver
[7] = dl6M_tln.a
[8] = rt6M_tl.a
[9] = shb_l.a

  10'678 bytes of readonly  code memory
     196 bytes of readonly  data memory
   2'405 bytes of readwrite data memory

Errors: none
Warnings: none
