###############################################################################
#
# IAR ELF Linker V9.10.2.313/W64 for ARM                  08/Dec/2021  09:00:36
# Copyright 2007-2021 IAR Systems AB.
#
#    Output file  =  C:\GitHub\SCU-Work\ELEN 501\Lab6\EWARM\Lab6\Exe\Lab6.out
#    Map file     =  C:\GitHub\SCU-Work\ELEN 501\Lab6\EWARM\Lab6\List\Lab6.map
#    Command line =
#        -f "C:\GitHub\SCU-Work\ELEN 501\Lab6\EWARM\Lab6\Exe\Lab6.out.rsp"
#        ("C:\GitHub\SCU-Work\ELEN
#        501\Lab6\EWARM\Lab6\Obj\Application\User\Modules\ASCII_numbers.o"
#        "C:\GitHub\SCU-Work\ELEN
#        501\Lab6\EWARM\Lab6\Obj\Drivers\SSD1306\fonts.o"
#        "C:\GitHub\SCU-Work\ELEN
#        501\Lab6\EWARM\Lab6\Obj\Application\User\Modules\KeyboardHoldRepeat.o"
#        "C:\GitHub\SCU-Work\ELEN
#        501\Lab6\EWARM\Lab6\Obj\Application\User\Modules\KeyboardHoldRepeat_User.o"
#        "C:\GitHub\SCU-Work\ELEN
#        501\Lab6\EWARM\Lab6\Obj\Application\User\Core\main.o"
#        "C:\GitHub\SCU-Work\ELEN
#        501\Lab6\EWARM\Lab6\Obj\Application\User\Modules\Serial.o"
#        "C:\GitHub\SCU-Work\ELEN
#        501\Lab6\EWARM\Lab6\Obj\Application\User\Modules\serial_user.o"
#        "C:\GitHub\SCU-Work\ELEN
#        501\Lab6\EWARM\Lab6\Obj\Drivers\SSD1306\ssd1306.o"
#        "C:\GitHub\SCU-Work\ELEN
#        501\Lab6\EWARM\Lab6\Obj\Application\EWARM\startup_stm32g070xx.o"
#        "C:\GitHub\SCU-Work\ELEN
#        501\Lab6\EWARM\Lab6\Obj\Drivers\STM32G0xx_HAL_Driver\stm32g0xx_hal.o"
#        "C:\GitHub\SCU-Work\ELEN
#        501\Lab6\EWARM\Lab6\Obj\Drivers\STM32G0xx_HAL_Driver\stm32g0xx_hal_adc.o"
#        "C:\GitHub\SCU-Work\ELEN
#        501\Lab6\EWARM\Lab6\Obj\Drivers\STM32G0xx_HAL_Driver\stm32g0xx_hal_adc_ex.o"
#        "C:\GitHub\SCU-Work\ELEN
#        501\Lab6\EWARM\Lab6\Obj\Drivers\STM32G0xx_HAL_Driver\stm32g0xx_hal_cortex.o"
#        "C:\GitHub\SCU-Work\ELEN
#        501\Lab6\EWARM\Lab6\Obj\Drivers\STM32G0xx_HAL_Driver\stm32g0xx_hal_dma.o"
#        "C:\GitHub\SCU-Work\ELEN
#        501\Lab6\EWARM\Lab6\Obj\Drivers\STM32G0xx_HAL_Driver\stm32g0xx_hal_dma_ex.o"
#        "C:\GitHub\SCU-Work\ELEN
#        501\Lab6\EWARM\Lab6\Obj\Drivers\STM32G0xx_HAL_Driver\stm32g0xx_hal_exti.o"
#        "C:\GitHub\SCU-Work\ELEN
#        501\Lab6\EWARM\Lab6\Obj\Drivers\STM32G0xx_HAL_Driver\stm32g0xx_hal_flash.o"
#        "C:\GitHub\SCU-Work\ELEN
#        501\Lab6\EWARM\Lab6\Obj\Drivers\STM32G0xx_HAL_Driver\stm32g0xx_hal_flash_ex.o"
#        "C:\GitHub\SCU-Work\ELEN
#        501\Lab6\EWARM\Lab6\Obj\Drivers\STM32G0xx_HAL_Driver\stm32g0xx_hal_gpio.o"
#        "C:\GitHub\SCU-Work\ELEN
#        501\Lab6\EWARM\Lab6\Obj\Drivers\STM32G0xx_HAL_Driver\stm32g0xx_hal_i2c.o"
#        "C:\GitHub\SCU-Work\ELEN
#        501\Lab6\EWARM\Lab6\Obj\Drivers\STM32G0xx_HAL_Driver\stm32g0xx_hal_i2c_ex.o"
#        "C:\GitHub\SCU-Work\ELEN
#        501\Lab6\EWARM\Lab6\Obj\Application\User\Core\stm32g0xx_hal_msp.o"
#        "C:\GitHub\SCU-Work\ELEN
#        501\Lab6\EWARM\Lab6\Obj\Drivers\STM32G0xx_HAL_Driver\stm32g0xx_hal_pwr.o"
#        "C:\GitHub\SCU-Work\ELEN
#        501\Lab6\EWARM\Lab6\Obj\Drivers\STM32G0xx_HAL_Driver\stm32g0xx_hal_pwr_ex.o"
#        "C:\GitHub\SCU-Work\ELEN
#        501\Lab6\EWARM\Lab6\Obj\Drivers\STM32G0xx_HAL_Driver\stm32g0xx_hal_rcc.o"
#        "C:\GitHub\SCU-Work\ELEN
#        501\Lab6\EWARM\Lab6\Obj\Drivers\STM32G0xx_HAL_Driver\stm32g0xx_hal_rcc_ex.o"
#        "C:\GitHub\SCU-Work\ELEN
#        501\Lab6\EWARM\Lab6\Obj\Drivers\STM32G0xx_HAL_Driver\stm32g0xx_hal_tim.o"
#        "C:\GitHub\SCU-Work\ELEN
#        501\Lab6\EWARM\Lab6\Obj\Drivers\STM32G0xx_HAL_Driver\stm32g0xx_hal_tim_ex.o"
#        "C:\GitHub\SCU-Work\ELEN
#        501\Lab6\EWARM\Lab6\Obj\Drivers\STM32G0xx_HAL_Driver\stm32g0xx_hal_uart.o"
#        "C:\GitHub\SCU-Work\ELEN
#        501\Lab6\EWARM\Lab6\Obj\Drivers\STM32G0xx_HAL_Driver\stm32g0xx_hal_uart_ex.o"
#        "C:\GitHub\SCU-Work\ELEN
#        501\Lab6\EWARM\Lab6\Obj\Application\User\Core\stm32g0xx_it.o"
#        "C:\GitHub\SCU-Work\ELEN
#        501\Lab6\EWARM\Lab6\Obj\Drivers\STM32G0xx_HAL_Driver\stm32g0xx_ll_adc.o"
#        "C:\GitHub\SCU-Work\ELEN
#        501\Lab6\EWARM\Lab6\Obj\Drivers\STM32G0xx_HAL_Driver\stm32g0xx_ll_dma.o"
#        "C:\GitHub\SCU-Work\ELEN
#        501\Lab6\EWARM\Lab6\Obj\Drivers\STM32G0xx_HAL_Driver\stm32g0xx_ll_rcc.o"
#        "C:\GitHub\SCU-Work\ELEN
#        501\Lab6\EWARM\Lab6\Obj\Drivers\CMSIS\system_stm32g0xx.o"
#        "C:\GitHub\SCU-Work\ELEN
#        501\Lab6\EWARM\Lab6\Obj\Application\User\Modules\ux_manager.o"
#        --no_out_extension -o "C:\GitHub\SCU-Work\ELEN
#        501\Lab6\EWARM\Lab6\Exe\Lab6.out" --redirect _Printf=_PrintfFullNoMb
#        --redirect _Scanf=_ScanfFullNoMb --map "C:\GitHub\SCU-Work\ELEN
#        501\Lab6\EWARM\Lab6\List\Lab6.map" --config "C:\GitHub\SCU-Work\ELEN
#        501\Lab6\EWARM/stm32g070xx_flash.icf" --semihosting --entry
#        __iar_program_start --vfe --text_out locale)
#
###############################################################################

*******************************************************************************
*** RUNTIME MODEL ATTRIBUTES
***

CppFlavor       = *
__SystemLibrary = DLib
__dlib_version  = 6


*******************************************************************************
*** HEAP SELECTION
***

The basic heap was selected because some modules are built with
size limitations (and not runtime checking), and --advanced_heap
was not specified.


*******************************************************************************
*** PLACEMENT SUMMARY
***

"A0":  place at address 0x800'0000 { ro section .intvec };
"P1":  place in [from 0x800'0000 to 0x801'ffff] { ro };
define block CSTACK with size = 1K, alignment = 8 { };
define block HEAP with size = 512, alignment = 8 { };
"P2":  place in [from 0x2000'0000 to 0x2000'8fff] {
          rw, block CSTACK, block HEAP };
initialize by copy { rw };

  Section            Kind         Address    Size  Object
  -------            ----         -------    ----  ------
"A0":                                        0xb8
  .intvec            ro code   0x800'0000    0xb8  startup_stm32g070xx.o [1]
                             - 0x800'00b8    0xb8

"P1":                                      0x78e1
  .text              ro code   0x800'00b8   0xffc  xprintffull_nomb.o [7]
  .text              ro code   0x800'10b4    0x12  strchr.o [9]
  .text              ro code   0x800'10c6    0x7e  lz77_init_single.o [9]
  .text              ro code   0x800'1144    0x48  xfail_s.o [7]
  .text              ro code   0x800'118c     0xe  strlen.o [9]
  .text              ro code   0x800'119a     0xa  xsprout.o [7]
  .text              ro code   0x800'11a4    0x16  memchr.o [9]
  .rodata            const     0x800'11ba     0x2  xlocale_c.o [7]
  .text              ro code   0x800'11bc    0x4e  ABImemcpy.o [9]
  .text              ro code   0x800'120a    0x2a  frexp.o [8]
  .text              ro code   0x800'1234    0x32  DblCmpLe.o [8]
  .text              ro code   0x800'1266    0x32  DblCmpGe.o [8]
  .text              ro code   0x800'1298    0x70  ldexp.o [8]
  .text              ro code   0x800'1308    0x52  DblToI32.o [8]
  .rodata            const     0x800'135a     0x2  xlocale_c.o [7]
  .text              ro code   0x800'135c    0x34  IxxToDbl.o [8]
  .text              ro code   0x800'1390   0x1b4  DblAddSub.o [8]
  .text              ro code   0x800'1544    0x5e  I32DivMod.o [9]
  .text              ro code   0x800'15a2    0xc2  DblDiv.o [8]
  .text              ro code   0x800'1664   0x184  DblMul.o [8]
  .text              ro code   0x800'17e8    0x44  xlocale_c.o [7]
  .text              ro code   0x800'182c    0x7c  I64DivMod.o [9]
  .text              ro code   0x800'18a8     0xa  abort.o [7]
  .text              ro code   0x800'18b2     0x2  startup_stm32g070xx.o [1]
  .text              ro code   0x800'18b4     0x2  IntDivZer.o [9]
  .text              ro code   0x800'18b6     0x2  startup_stm32g070xx.o [1]
  .text              ro code   0x800'18b8     0x2  I64DivZer.o [9]
  .text              ro code   0x800'18ba     0x2  startup_stm32g070xx.o [1]
  .text              ro code   0x800'18bc    0x14  exit.o [10]
  .rodata            const     0x800'18d0   0xd5c  fonts.o [5]
  .text              ro code   0x800'262c   0x90c  stm32g0xx_hal_adc.o [6]
  .text              ro code   0x800'2f38   0x280  stm32g0xx_hal_msp.o [2]
  .text              ro code   0x800'31b8   0x3c4  stm32g0xx_hal_dma.o [6]
  .text              ro code   0x800'357c     0x2  stm32g0xx_hal_adc_ex.o [6]
  .text              ro code   0x800'357e     0x2  stm32g0xx_hal_adc.o [6]
  .text              ro code   0x800'3580     0x2  stm32g0xx_hal_adc.o [6]
  .text              ro code   0x800'3582     0x2  stm32g0xx_hal_adc_ex.o [6]
  .text              ro code   0x800'3584     0x2  stm32g0xx_hal_adc_ex.o [6]
  .text              ro code   0x800'3586     0x2  stm32g0xx_hal_adc.o [6]
  .text              ro code   0x800'3588     0x2  stm32g0xx_hal_adc_ex.o [6]
  .text              ro code   0x800'358a     0x2  startup_stm32g070xx.o [1]
  .text              ro code   0x800'358c     0xc  stm32g0xx_hal.o [6]
  .text              ro code   0x800'3598     0x2  stm32g0xx_hal_adc.o [6]
  .text              ro code   0x800'359a     0x2  startup_stm32g070xx.o [1]
  .text              ro code   0x800'359c    0x40  stm32g0xx_hal.o [6]
  .text              ro code   0x800'35dc    0x14  memset.o [9]
  .text              ro code   0x800'35f0   0x190  stm32g0xx_hal_gpio.o [6]
  .text              ro code   0x800'3780   0x76c  main.o [2]
  .text              ro code   0x800'3eec    0x90  stm32g0xx_hal_cortex.o [6]
  .text              ro code   0x800'3f7c    0x4c  stm32g0xx_hal.o [6]
  .text              ro code   0x800'3fc8    0x10  ABImemset_small.o [9]
  .text              ro code   0x800'3fd8   0x7e2  stm32g0xx_hal_tim.o [6]
  .text              ro code   0x800'47ba     0x2  startup_stm32g070xx.o [1]
  .text              ro code   0x800'47bc   0x130  stm32g0xx_hal_tim_ex.o [6]
  .text              ro code   0x800'48ec   0x8dc  stm32g0xx_hal_uart.o [6]
  .text              ro code   0x800'51c8   0x118  stm32g0xx_hal_uart_ex.o [6]
  .text              ro code   0x800'52e0   0x3b8  stm32g0xx_hal_i2c.o [6]
  .text              ro code   0x800'5698    0x8c  stm32g0xx_hal_i2c_ex.o [6]
  .text              ro code   0x800'5724    0xe4  Serial.o [3]
  .text              ro code   0x800'5808   0x30c  ssd1306.o [5]
  .text              ro code   0x800'5b14    0x28  stm32g0xx_hal.o [6]
  .text              ro code   0x800'5b3c   0x3c0  ux_manager.o [3]
  .text              ro code   0x800'5efc   0x218  serial_user.o [3]
  .text              ro code   0x800'6114    0x64  KeyboardHoldRepeat_User.o [3]
  .text              ro code   0x800'6178    0x80  KeyboardHoldRepeat.o [3]
  .text              ro code   0x800'61f8    0x4c  stm32g0xx_hal_pwr_ex.o [6]
  .text              ro code   0x800'6244   0x5fc  stm32g0xx_hal_rcc.o [6]
  .text              ro code   0x800'6840   0x164  stm32g0xx_hal_rcc_ex.o [6]
  .text              ro code   0x800'69a4     0x2  stm32g0xx_hal_tim.o [6]
  .text              ro code   0x800'69a6     0x2  stm32g0xx_hal_uart.o [6]
  .text              ro code   0x800'69a8     0x2  stm32g0xx_hal_uart.o [6]
  .text              ro code   0x800'69aa     0x2  stm32g0xx_hal_uart_ex.o [6]
  .text              ro code   0x800'69ac     0x2  stm32g0xx_hal_uart.o [6]
  .text              ro code   0x800'69ae     0x2  stm32g0xx_hal_uart_ex.o [6]
  .text              ro code   0x800'69b0     0x2  stm32g0xx_hal_uart_ex.o [6]
  .text              ro code   0x800'69b2     0x2  startup_stm32g070xx.o [1]
  .text              ro code   0x800'69b4    0x32  FltToDbl.o [8]
  .text              ro code   0x800'69e6     0x2  startup_stm32g070xx.o [1]
  .text              ro code   0x800'69e8    0x40  sprintf.o [7]
  .text              ro code   0x800'6a28   0x32e  strto64.o [8]
  .text              ro code   0x800'6d56    0x1c  strcat.o [7]
  .text              ro code   0x800'6d72     0x2  startup_stm32g070xx.o [1]
  .text              ro code   0x800'6d74    0x20  FltCmpEq.o [8]
  .text              ro code   0x800'6d94    0x62  DblToFlt.o [8]
  .text              ro code   0x800'6df6    0x58  ASCII_numbers.o [3]
  .text              ro code   0x800'6e4e   0x118  iar_Stopfx.o [7]
  .text              ro code   0x800'6f66     0x2  startup_stm32g070xx.o [1]
  .text              ro code   0x800'6f68   0x1d4  iar_Stoflt.o [7]
  .text              ro code   0x800'713c   0x238  iar_Stoxflt.o [7]
  .text              ro code   0x800'7374    0x12  isspace.o [7]
  .text              ro code   0x800'7386    0x12  isalpha.o [7]
  .rodata            const     0x800'7398   0x200  main.o [2]
  .text              ro code   0x800'7598   0x11c  stm32g0xx_it.o [2]
  .text              ro code   0x800'76b4    0x10  stm32g0xx_hal.o [6]
  .rodata            const     0x800'76c4    0x6a  xprintffull_nomb.o [7]
  .text              ro code   0x800'772e     0x2  startup_stm32g070xx.o [1]
  .rodata            const     0x800'7730    0x48  strto64.o [8]
  .rodata            const     0x800'7778    0x40  system_stm32g0xx.o [4]
  .text              ro code   0x800'77b8    0x3c  zero_init3.o [9]
  .text              ro code   0x800'77f4    0x28  data_init.o [9]
  .iar.init_table    const     0x800'781c    0x20  - Linker created -
  .rodata            const     0x800'783c    0x20  system_stm32g0xx.o [4]
  .text              ro code   0x800'785c    0x1e  cmain.o [9]
  .text              ro code   0x800'787a     0x4  low_level_init.o [7]
  .text              ro code   0x800'787e     0x8  exit.o [7]
  .text              ro code   0x800'7886     0x2  startup_stm32g070xx.o [1]
  .text              ro code   0x800'7888     0xa  cexit.o [9]
  .text              ro code   0x800'7892     0x2  startup_stm32g070xx.o [1]
  .text              ro code   0x800'7894    0x1c  cstartup_M.o [9]
  .text              ro code   0x800'78b0    0x10  startup_stm32g070xx.o [1]
  .text              ro code   0x800'78c0    0x10  system_stm32g0xx.o [4]
  .text              ro code   0x800'78d0     0x2  startup_stm32g070xx.o [1]
  .text              ro code   0x800'78d2     0x2  startup_stm32g070xx.o [1]
  .text              ro code   0x800'78d4     0x2  startup_stm32g070xx.o [1]
  .text              ro code   0x800'78d6     0x2  startup_stm32g070xx.o [1]
  .text              ro code   0x800'78d8     0x2  startup_stm32g070xx.o [1]
  .text              ro code   0x800'78da     0x2  startup_stm32g070xx.o [1]
  .text              ro code   0x800'78dc     0x2  startup_stm32g070xx.o [1]
  .text              ro code   0x800'78de     0x2  startup_stm32g070xx.o [1]
  .text              ro code   0x800'78e0     0x2  startup_stm32g070xx.o [1]
  .text              ro code   0x800'78e2     0x2  startup_stm32g070xx.o [1]
  .text              ro code   0x800'78e4     0x2  startup_stm32g070xx.o [1]
  .rodata            const     0x800'78e6     0x1  xlocale_c.o [7]
  .rodata            const     0x800'78e7     0x0  zero_init3.o [9]
  .rodata            const     0x800'78e7     0x0  lz77_init_single.o [9]
  Initializer bytes  const     0x800'78e7    0xb2  <for P2-1>
                             - 0x800'7999  0x78e1

"P2", part 1 of 3:                          0x2bf
  P2-1                        0x2000'0000   0x2bf  <Init block>
    .data            inited   0x2000'0000     0x8  fonts.o [5]
    .data            inited   0x2000'0008   0x168  main.o [2]
    .data            inited   0x2000'0170    0x18  main.o [2]
    .data            inited   0x2000'0188    0x30  main.o [2]
    .data            inited   0x2000'01b8    0x30  main.o [2]
    .data            inited   0x2000'01e8     0xc  main.o [2]
    .data            inited   0x2000'01f4     0xc  stm32g0xx_hal.o [6]
    .data            inited   0x2000'0200     0x4  system_stm32g0xx.o [4]
    .data            inited   0x2000'0204    0x24  ux_manager.o [3]
    .data            inited   0x2000'0228    0x38  xlocale_c.o [7]
    .data            inited   0x2000'0260    0x48  xlocale_c.o [7]
    .data            inited   0x2000'02a8     0x2  main.o [2]
    .data            inited   0x2000'02aa     0xc  stm32g0xx_it.o [2]
    .data            inited   0x2000'02b6     0x9  KeyboardHoldRepeat.o [3]
                            - 0x2000'02bf   0x2bf

"P2", part 2 of 3:                          0x604
  .bss               zero     0x2000'02c0   0x400  ssd1306.o [5]
  .bss               zero     0x2000'06c0    0x5c  main.o [2]
  .bss               zero     0x2000'071c    0x4c  main.o [2]
  .bss               zero     0x2000'0768    0x4c  main.o [2]
  .bss               zero     0x2000'07b4    0x4c  main.o [2]
  .bss               zero     0x2000'0800    0x34  Serial.o [3]
  .bss               zero     0x2000'0834    0x34  Serial.o [3]
  .bss               zero     0x2000'0868    0x28  serial_user.o [3]
  .bss               zero     0x2000'0890    0x1f  serial_user.o [3]
  .bss               zero     0x2000'08af     0x1  main.o [2]
  .bss               zero     0x2000'08b0     0x8  ssd1306.o [5]
  .bss               zero     0x2000'08b8     0x4  xfail_s.o [7]
  .bss               zero     0x2000'08bc     0x2  Serial.o [3]
  .bss               zero     0x2000'08be     0x1  main.o [2]
  .bss               zero     0x2000'08bf     0x1  main.o [2]
  .bss               zero     0x2000'08c0     0x1  Serial.o [3]
  .bss               zero     0x2000'08c1     0x1  Serial.o [3]
                            - 0x2000'08c2   0x602

"P2", part 3 of 3:                          0x400
  CSTACK                      0x2000'08c8   0x400  <Block>
    CSTACK           uninit   0x2000'08c8   0x400  <Block tail>
                            - 0x2000'0cc8   0x400

Unused ranges:

         From           To      Size
         ----           --      ----
   0x800'7999   0x801'ffff  0x1'8667
  0x2000'02bf  0x2000'02bf       0x1
  0x2000'08c4  0x2000'08c7       0x4
  0x2000'0cc8  0x2000'8fff    0x8338


*******************************************************************************
*** INIT TABLE
***

          Address      Size
          -------      ----
Zero (__iar_zero_init3)
    1 destination range, total size 0x602:
          0x2000'02c0  0x602

Copy/lz77 (__iar_lz77_init_single3)
    1 source range, total size 0xb2 (25% of destination):
           0x800'78e7   0xb2
    1 destination range, total size 0x2bf:
          0x2000'0000  0x2bf



*******************************************************************************
*** MODULE SUMMARY
***

    Module                     ro code  ro data  rw data
    ------                     -------  -------  -------
command line/config:
    ----------------------------------------------------
    Total:

C:\GitHub\SCU-Work\ELEN 501\Lab6\EWARM\Lab6\Obj\Application\EWARM: [1]
    startup_stm32g070xx.o          248
    ----------------------------------------------------
    Total:                         248

C:\GitHub\SCU-Work\ELEN 501\Lab6\EWARM\Lab6\Obj\Application\User\Core: [2]
    main.o                       1'900      636      817
    stm32g0xx_hal_msp.o            640
    stm32g0xx_it.o                 284        3       12
    ----------------------------------------------------
    Total:                       2'824      639      829

C:\GitHub\SCU-Work\ELEN 501\Lab6\EWARM\Lab6\Obj\Application\User\Modules: [3]
    ASCII_numbers.o                 88
    KeyboardHoldRepeat.o           128        3        9
    KeyboardHoldRepeat_User.o      100
    Serial.o                       228               108
    serial_user.o                  536                71
    ux_manager.o                   960        9       36
    ----------------------------------------------------
    Total:                       2'040       12      224

C:\GitHub\SCU-Work\ELEN 501\Lab6\EWARM\Lab6\Obj\Drivers\CMSIS: [4]
    system_stm32g0xx.o              16       97        4
    ----------------------------------------------------
    Total:                          16       97        4

C:\GitHub\SCU-Work\ELEN 501\Lab6\EWARM\Lab6\Obj\Drivers\SSD1306: [5]
    fonts.o                               3'422        8
    ssd1306.o                      780             1'032
    ----------------------------------------------------
    Total:                         780    3'422    1'040

C:\GitHub\SCU-Work\ELEN 501\Lab6\EWARM\Lab6\Obj\Drivers\STM32G0xx_HAL_Driver: [6]
    stm32g0xx_hal.o                208        3       12
    stm32g0xx_hal_adc.o          2'324
    stm32g0xx_hal_adc_ex.o           8
    stm32g0xx_hal_cortex.o         144
    stm32g0xx_hal_dma.o            964
    stm32g0xx_hal_gpio.o           400
    stm32g0xx_hal_i2c.o            952
    stm32g0xx_hal_i2c_ex.o         140
    stm32g0xx_hal_pwr_ex.o          76
    stm32g0xx_hal_rcc.o          1'532
    stm32g0xx_hal_rcc_ex.o         356
    stm32g0xx_hal_tim.o          2'020
    stm32g0xx_hal_tim_ex.o         304
    stm32g0xx_hal_uart.o         2'274
    stm32g0xx_hal_uart_ex.o        286
    ----------------------------------------------------
    Total:                      11'988        3       12

dl6M_tlf.a: [7]
    abort.o                         10
    exit.o                           8
    iar_Stoflt.o                   468
    iar_Stopfx.o                   280
    iar_Stoxflt.o                  568
    isalpha.o                       18
    isspace.o                       18
    low_level_init.o                 4
    sprintf.o                       64
    strcat.o                        28
    xfail_s.o                       72                 4
    xlocale_c.o                     68       38      128
    xprintffull_nomb.o           4'092      106
    xsprout.o                       10
    ----------------------------------------------------
    Total:                       5'708      144      132

m6M_tl.a: [8]
    DblAddSub.o                    436
    DblCmpGe.o                      50
    DblCmpLe.o                      50
    DblDiv.o                       194
    DblMul.o                       388
    DblToFlt.o                      98
    DblToI32.o                      82
    FltCmpEq.o                      32
    FltToDbl.o                      50
    IxxToDbl.o                      52
    frexp.o                         42
    ldexp.o                        112
    strto64.o                      814       72
    ----------------------------------------------------
    Total:                       2'400       72

rt6M_tl.a: [9]
    ABImemcpy.o                     78
    ABImemset_small.o               16
    I32DivMod.o                     94
    I64DivMod.o                    124
    I64DivZer.o                      2
    IntDivZer.o                      2
    cexit.o                         10
    cmain.o                         30
    cstartup_M.o                    28
    data_init.o                     40
    lz77_init_single.o             126
    memchr.o                        22
    memset.o                        20
    strchr.o                        18
    strlen.o                        14
    zero_init3.o                    60
    ----------------------------------------------------
    Total:                         684

shb_l.a: [10]
    exit.o                          20
    ----------------------------------------------------
    Total:                          20

    Linker created                           32    1'024
--------------------------------------------------------
    Grand Total:                26'708    4'421    3'265


*******************************************************************************
*** ENTRY LIST
***

Entry                       Address   Size  Type      Object
-----                       -------   ----  ----      ------
.iar.init_table$$Base    0x800'781c          --   Gb  - Linker created -
.iar.init_table$$Limit   0x800'783c          --   Gb  - Linker created -
?main                    0x800'785d         Code  Gb  cmain.o [9]
ADC1_IRQHandler          0x800'75f3    0xa  Code  Gb  stm32g0xx_it.o [2]
ADC_DMAConvCplt          0x800'2e7f   0x7c  Code  Lc  stm32g0xx_hal_adc.o [6]
ADC_DMAError             0x800'2f1f   0x1a  Code  Lc  stm32g0xx_hal_adc.o [6]
ADC_DMAHalfConvCplt      0x800'2f15    0xa  Code  Lc  stm32g0xx_hal_adc.o [6]
ADC_Enable               0x800'2de9   0x96  Code  Gb  stm32g0xx_hal_adc.o [6]
AHBPrescTable            0x800'7778   0x40  Data  Gb  system_stm32g0xx.o [4]
APBPrescTable            0x800'783c   0x20  Data  Gb  system_stm32g0xx.o [4]
CSTACK$$Base            0x2000'08c8          --   Gb  - Linker created -
CSTACK$$Limit           0x2000'0cc8          --   Gb  - Linker created -
CheckBuffer              0x800'57e1   0x1a  Code  Gb  Serial.o [3]
ConvertASCII2UINT16      0x800'6df7   0x58  Code  Gb  ASCII_numbers.o [3]
DMA1_Channel1_IRQHandler
                         0x800'75e9    0xa  Code  Gb  stm32g0xx_it.o [2]
DMA_CalcDMAMUXChannelBaseAndMask
                         0x800'351b   0x2a  Code  Lc  stm32g0xx_hal_dma.o [6]
DMA_CalcDMAMUXRequestGenBaseAndMask
                         0x800'3545   0x20  Code  Lc  stm32g0xx_hal_dma.o [6]
DMA_SetConfig            0x800'34dd   0x3e  Code  Lc  stm32g0xx_hal_dma.o [6]
DebounceKeyCode          0x800'6179   0x80  Code  Gb  KeyboardHoldRepeat.o [3]
Dtentox                  0x800'6a29  0x1ec  Code  Lc  strto64.o [8]
Error_Handler            0x800'3ebd    0x4  Code  Gb  main.o [2]
Font11x18                0x800'18d0  0xd5c  Data  Gb  fonts.o [5]
Font_11x18              0x2000'0000    0x8  Data  Gb  fonts.o [5]
HAL_ADCEx_ChannelConfigReadyCallback
                         0x800'3589    0x2  Code  Gb  stm32g0xx_hal_adc_ex.o [6]
HAL_ADCEx_EndOfSamplingCallback
                         0x800'357d    0x2  Code  Gb  stm32g0xx_hal_adc_ex.o [6]
HAL_ADCEx_LevelOutOfWindow2Callback
                         0x800'3583    0x2  Code  Gb  stm32g0xx_hal_adc_ex.o [6]
HAL_ADCEx_LevelOutOfWindow3Callback
                         0x800'3585    0x2  Code  Gb  stm32g0xx_hal_adc_ex.o [6]
HAL_ADC_ConfigChannel    0x800'2b55  0x262  Code  Gb  stm32g0xx_hal_adc.o [6]
HAL_ADC_ConvCpltCallback
                         0x800'357f    0x2  Code  Gb  stm32g0xx_hal_adc.o [6]
HAL_ADC_ConvHalfCpltCallback
                         0x800'3599    0x2  Code  Gb  stm32g0xx_hal_adc.o [6]
HAL_ADC_ErrorCallback    0x800'3587    0x2  Code  Gb  stm32g0xx_hal_adc.o [6]
HAL_ADC_IRQHandler       0x800'29f7  0x142  Code  Gb  stm32g0xx_hal_adc.o [6]
HAL_ADC_Init             0x800'265b  0x23e  Code  Gb  stm32g0xx_hal_adc.o [6]
HAL_ADC_LevelOutOfWindowCallback
                         0x800'3581    0x2  Code  Gb  stm32g0xx_hal_adc.o [6]
HAL_ADC_MspInit          0x800'2f69   0x98  Code  Gb  stm32g0xx_hal_msp.o [2]
HAL_ADC_Start_DMA        0x800'2959   0x9e  Code  Gb  stm32g0xx_hal_adc.o [6]
HAL_ADC_Start_IT         0x800'28c9   0x7a  Code  Gb  stm32g0xx_hal_adc.o [6]
HAL_DMA_Abort            0x800'32eb   0x78  Code  Gb  stm32g0xx_hal_dma.o [6]
HAL_DMA_Abort_IT         0x800'3363   0x7a  Code  Gb  stm32g0xx_hal_dma.o [6]
HAL_DMA_IRQHandler       0x800'33ed   0xea  Code  Gb  stm32g0xx_hal_dma.o [6]
HAL_DMA_Init             0x800'31b9   0xa4  Code  Gb  stm32g0xx_hal_dma.o [6]
HAL_DMA_Start_IT         0x800'325d   0x8e  Code  Gb  stm32g0xx_hal_dma.o [6]
HAL_Delay                0x800'5b15   0x28  Code  Gb  stm32g0xx_hal.o [6]
HAL_GPIO_Init            0x800'35f1  0x160  Code  Gb  stm32g0xx_hal_gpio.o [6]
HAL_GPIO_ReadPin         0x800'3751    0xc  Code  Gb  stm32g0xx_hal_gpio.o [6]
HAL_GPIO_WritePin        0x800'375d    0xc  Code  Gb  stm32g0xx_hal_gpio.o [6]
HAL_GetTick              0x800'358d    0xc  Code  Gb  stm32g0xx_hal.o [6]
HAL_I2CEx_ConfigAnalogFilter
                         0x800'5699   0x3a  Code  Gb  stm32g0xx_hal_i2c_ex.o [6]
HAL_I2CEx_ConfigDigitalFilter
                         0x800'56d3   0x36  Code  Gb  stm32g0xx_hal_i2c_ex.o [6]
HAL_I2C_Init             0x800'52e1   0xa8  Code  Gb  stm32g0xx_hal_i2c.o [6]
HAL_I2C_Master_Transmit
                         0x800'5389  0x138  Code  Gb  stm32g0xx_hal_i2c.o [6]
HAL_I2C_MspInit          0x800'3001   0x5e  Code  Gb  stm32g0xx_hal_msp.o [2]
HAL_IncTick              0x800'76b5   0x10  Code  Gb  stm32g0xx_hal.o [6]
HAL_Init                 0x800'359d   0x24  Code  Gb  stm32g0xx_hal.o [6]
HAL_InitTick             0x800'3f7d   0x4c  Code  Gb  stm32g0xx_hal.o [6]
HAL_MspInit              0x800'2f39   0x30  Code  Gb  stm32g0xx_hal_msp.o [2]
HAL_NVIC_EnableIRQ       0x800'3f31   0x12  Code  Gb  stm32g0xx_hal_cortex.o [6]
HAL_NVIC_SetPriority     0x800'3f27    0x8  Code  Gb  stm32g0xx_hal_cortex.o [6]
HAL_PWREx_ControlVoltageScaling
                         0x800'61f9   0x3a  Code  Gb  stm32g0xx_hal_pwr_ex.o [6]
HAL_RCCEx_PeriphCLKConfig
                         0x800'6841  0x142  Code  Gb  stm32g0xx_hal_rcc_ex.o [6]
HAL_RCC_ClockConfig      0x800'6615  0x14e  Code  Gb  stm32g0xx_hal_rcc.o [6]
HAL_RCC_GetPCLK1Freq     0x800'67f7   0x1a  Code  Gb  stm32g0xx_hal_rcc.o [6]
HAL_RCC_GetSysClockFreq
                         0x800'6775   0x82  Code  Gb  stm32g0xx_hal_rcc.o [6]
HAL_RCC_OscConfig        0x800'6245  0x3ba  Code  Gb  stm32g0xx_hal_rcc.o [6]
HAL_SYSCFG_StrobeDBattpinsConfig
                         0x800'35c1    0xe  Code  Gb  stm32g0xx_hal.o [6]
HAL_SYSTICK_Config       0x800'3f43   0x28  Code  Gb  stm32g0xx_hal_cortex.o [6]
HAL_TIMEx_ConfigBreakDeadTime
                         0x800'481f   0x86  Code  Gb  stm32g0xx_hal_tim_ex.o [6]
HAL_TIMEx_MasterConfigSynchronization
                         0x800'47bd   0x62  Code  Gb  stm32g0xx_hal_tim_ex.o [6]
HAL_TIM_Base_Init        0x800'3fd9   0x1e  Code  Gb  stm32g0xx_hal_tim.o [6]
HAL_TIM_Base_MspInit     0x800'305f   0x3e  Code  Gb  stm32g0xx_hal_msp.o [2]
HAL_TIM_ConfigClockSource
                         0x800'434d   0xba  Code  Gb  stm32g0xx_hal_tim.o [6]
HAL_TIM_MspPostInit      0x800'309d   0x80  Code  Gb  stm32g0xx_hal_msp.o [2]
HAL_TIM_PWM_ConfigChannel
                         0x800'423d  0x10c  Code  Gb  stm32g0xx_hal_tim.o [6]
HAL_TIM_PWM_Init         0x800'403b   0x1e  Code  Gb  stm32g0xx_hal_tim.o [6]
HAL_TIM_PWM_MspInit      0x800'69a5    0x2  Code  Gb  stm32g0xx_hal_tim.o [6]
HAL_TIM_PWM_Start        0x800'4059   0x38  Code  Gb  stm32g0xx_hal_tim.o [6]
HAL_TIM_PWM_Stop         0x800'412d    0xa  Code  Gb  stm32g0xx_hal_tim.o [6]
HAL_UARTEx_DisableFifoMode
                         0x800'51c9   0x3a  Code  Gb  stm32g0xx_hal_uart_ex.o [6]
HAL_UARTEx_RxEventCallback
                         0x800'69a9    0x2  Code  Gb  stm32g0xx_hal_uart.o [6]
HAL_UARTEx_RxFifoFullCallback
                         0x800'69b1    0x2  Code  Gb  stm32g0xx_hal_uart_ex.o [6]
HAL_UARTEx_SetRxFifoThreshold
                         0x800'5235   0x30  Code  Gb  stm32g0xx_hal_uart_ex.o [6]
HAL_UARTEx_SetTxFifoThreshold
                         0x800'5203   0x32  Code  Gb  stm32g0xx_hal_uart_ex.o [6]
HAL_UARTEx_TxFifoEmptyCallback
                         0x800'69af    0x2  Code  Gb  stm32g0xx_hal_uart_ex.o [6]
HAL_UARTEx_WakeupCallback
                         0x800'69ab    0x2  Code  Gb  stm32g0xx_hal_uart_ex.o [6]
HAL_UART_ErrorCallback   0x800'69a7    0x2  Code  Gb  stm32g0xx_hal_uart.o [6]
HAL_UART_IRQHandler      0x800'4a51  0x306  Code  Gb  stm32g0xx_hal_uart.o [6]
HAL_UART_Init            0x800'48ed   0x56  Code  Gb  stm32g0xx_hal_uart.o [6]
HAL_UART_MspInit         0x800'3121   0x6a  Code  Gb  stm32g0xx_hal_msp.o [2]
HAL_UART_Transmit        0x800'4959   0xf8  Code  Gb  stm32g0xx_hal_uart.o [6]
HAL_UART_TxCpltCallback
                         0x800'69ad    0x2  Code  Gb  stm32g0xx_hal_uart.o [6]
HardFault_Handler        0x800'759b    0x2  Code  Gb  stm32g0xx_it.o [2]
I2C_Flush_TXDR           0x800'54d9   0x1c  Code  Lc  stm32g0xx_hal_i2c.o [6]
I2C_IsAcknowledgeFailed
                         0x800'55eb   0x80  Code  Lc  stm32g0xx_hal_i2c.o [6]
I2C_TransferConfig       0x800'566b   0x22  Code  Lc  stm32g0xx_hal_i2c.o [6]
I2C_WaitOnFlagUntilTimeout
                         0x800'54f5   0x58  Code  Lc  stm32g0xx_hal_i2c.o [6]
I2C_WaitOnSTOPFlagUntilTimeout
                         0x800'559f   0x4c  Code  Lc  stm32g0xx_hal_i2c.o [6]
I2C_WaitOnTXISFlagUntilTimeout
                         0x800'554d   0x52  Code  Lc  stm32g0xx_hal_i2c.o [6]
LL_ADC_REG_IsConversionOngoing
                         0x800'2653    0x8  Code  Lc  stm32g0xx_hal_adc.o [6]
LL_ADC_REG_IsTriggerSourceSWStart
                         0x800'2643   0x10  Code  Lc  stm32g0xx_hal_adc.o [6]
LL_ADC_SetSamplingTimeCommonChannels
                         0x800'262d   0x16  Code  Lc  stm32g0xx_hal_adc.o [6]
NMI_Handler              0x800'7599    0x2  Code  Gb  stm32g0xx_it.o [2]
PendSV_Handler           0x800'759f    0x2  Code  Gb  stm32g0xx_it.o [2]
ProcessKeyCodeInContext
                         0x800'5cb9   0x46  Code  Gb  ux_manager.o [3]
ProcessPacket            0x800'5f45  0x166  Code  Gb  serial_user.o [3]
ProcessReceiveBuffer     0x800'5efd   0x46  Code  Gb  serial_user.o [3]
Region$$Table$$Base      0x800'781c          --   Gb  - Linker created -
Region$$Table$$Limit     0x800'783c          --   Gb  - Linker created -
SSD1306                 0x2000'08b0    0x8  Data  Lc  ssd1306.o [5]
SSD1306_Buffer          0x2000'02c0  0x400  Data  Lc  ssd1306.o [5]
SSD1306_Clear            0x800'5ab9    0xe  Code  Gb  ssd1306.o [5]
SSD1306_DrawPixel        0x800'599b   0x3e  Code  Gb  ssd1306.o [5]
SSD1306_Fill             0x800'5983   0x18  Code  Gb  ssd1306.o [5]
SSD1306_GotoXY           0x800'59d9    0x8  Code  Gb  ssd1306.o [5]
SSD1306_Init             0x800'5809  0x13c  Code  Gb  ssd1306.o [5]
SSD1306_Putc             0x800'59e1   0xaa  Code  Gb  ssd1306.o [5]
SSD1306_Puts             0x800'5a8b   0x24  Code  Gb  ssd1306.o [5]
SSD1306_UpdateScreen     0x800'5945   0x3e  Code  Gb  ssd1306.o [5]
SVC_Handler              0x800'759d    0x2  Code  Gb  stm32g0xx_it.o [2]
ScanKeyboard             0x800'6121   0x54  Code  Gb  KeyboardHoldRepeat_User.o [3]
SendString               0x800'5725   0xbc  Code  Gb  Serial.o [3]
SetBlueLedLevel          0x800'3e3b   0x22  Code  Gb  main.o [2]
SetGreenLedLevel         0x800'3e1d   0x1e  Code  Gb  main.o [2]
SetRedLedLevel           0x800'3ddd   0x38  Code  Gb  main.o [2]
SwitchScreens            0x800'5b3d  0x16e  Code  Gb  ux_manager.o [3]
SysTick_Handler          0x800'75a1   0x48  Code  Gb  stm32g0xx_it.o [2]
SystemClock_Config       0x800'3d5d   0x7a  Code  Gb  main.o [2]
SystemCoreClock         0x2000'0200    0x4  Data  Gb  system_stm32g0xx.o [4]
SystemInit               0x800'78c1    0xa  Code  Gb  system_stm32g0xx.o [4]
TIM_Base_SetConfig       0x800'440d   0x70  Code  Gb  stm32g0xx_hal_tim.o [6]
TIM_CCxChannelCmd        0x800'47a1   0x1a  Code  Gb  stm32g0xx_hal_tim.o [6]
TIM_ETR_SetConfig        0x800'4749   0x14  Code  Gb  stm32g0xx_hal_tim.o [6]
TIM_ITRx_SetConfig       0x800'4735   0x10  Code  Lc  stm32g0xx_hal_tim.o [6]
TIM_OC1_SetConfig        0x800'447d   0x74  Code  Lc  stm32g0xx_hal_tim.o [6]
TIM_OC2_SetConfig        0x800'44f1   0x68  Code  Gb  stm32g0xx_hal_tim.o [6]
TIM_OC3_SetConfig        0x800'4559   0x64  Code  Lc  stm32g0xx_hal_tim.o [6]
TIM_OC4_SetConfig        0x800'45bd   0x52  Code  Lc  stm32g0xx_hal_tim.o [6]
TIM_OC5_SetConfig        0x800'4629   0x4e  Code  Lc  stm32g0xx_hal_tim.o [6]
TIM_OC6_SetConfig        0x800'4681   0x52  Code  Lc  stm32g0xx_hal_tim.o [6]
TIM_TI1_ConfigInputStage
                         0x800'46e9   0x22  Code  Lc  stm32g0xx_hal_tim.o [6]
TIM_TI2_ConfigInputStage
                         0x800'470b   0x24  Code  Lc  stm32g0xx_hal_tim.o [6]
UARTEx_SetNbDataToProcess
                         0x800'5285   0x4a  Code  Lc  stm32g0xx_hal_uart_ex.o [6]
UARTEx_SetNbDataToProcess::denominator
                         0x800'52d8    0x8  Data  Lc  stm32g0xx_hal_uart_ex.o [6]
UARTEx_SetNbDataToProcess::numerator
                         0x800'52d0    0x8  Data  Lc  stm32g0xx_hal_uart_ex.o [6]
UARTPrescTable           0x800'4ed8   0x18  Data  Gb  stm32g0xx_hal_uart.o [6]
UART_AdvFeatureConfig    0x800'4ef1   0xc8  Code  Gb  stm32g0xx_hal_uart.o [6]
UART_CheckIdleState      0x800'4fbd   0x60  Code  Gb  stm32g0xx_hal_uart.o [6]
UART_DMAAbortOnError     0x800'51b5   0x14  Code  Lc  stm32g0xx_hal_uart.o [6]
UART_EndRxTransfer       0x800'5149   0x5e  Code  Lc  stm32g0xx_hal_uart.o [6]
UART_SetConfig           0x800'4d75  0x164  Code  Gb  stm32g0xx_hal_uart.o [6]
UART_WaitOnFlagUntilTimeout
                         0x800'503d   0xde  Code  Gb  stm32g0xx_hal_uart.o [6]
USART1_IRQHandler        0x800'75fd   0x8c  Code  Gb  stm32g0xx_it.o [2]
UpdateScreenValues       0x800'5d15  0x18c  Code  Gb  ux_manager.o [3]
ValidKeyCode             0x800'6115    0xc  Code  Gb  KeyboardHoldRepeat_User.o [3]
_LitobFullNoMb           0x800'0eed  0x124  Code  Lc  xprintffull_nomb.o [7]
_LocaleC_isalpha         0x800'17ef    0xc  Code  Gb  xlocale_c.o [7]
_LocaleC_islower         0x800'17e9    0x4  Code  Gb  xlocale_c.o [7]
_LocaleC_isspace         0x800'1805   0x14  Code  Gb  xlocale_c.o [7]
_LocaleC_isupper         0x800'17ed    0x2  Code  Gb  xlocale_c.o [7]
_Locale_lconv           0x2000'0228   0x38  Data  Lc  xlocale_c.o [7]
_PrintfFullNoMb          0x800'00b9  0xe34  Code  Gb  xprintffull_nomb.o [7]
_PutcharFullNoMb         0x800'105d   0x22  Code  Lc  xprintffull_nomb.o [7]
_PutcharsFullNoMb        0x800'107f   0x36  Code  Lc  xprintffull_nomb.o [7]
_SProut                  0x800'119b    0xa  Code  Gb  xsprout.o [7]
__ICFEDIT_region_RAM_end__ {Abs}
                        0x2000'8fff         Data  Gb  <internal module>
__ICFEDIT_region_RAM_start__ {Abs}
                        0x2000'0000         Data  Gb  <internal module>
__NVIC_SetPriority       0x800'3eed   0x3a  Code  Lc  stm32g0xx_hal_cortex.o [6]
__aeabi_cdcmple          0x800'1235         Code  Gb  DblCmpLe.o [8]
__aeabi_cdrcmple         0x800'1267         Code  Gb  DblCmpGe.o [8]
__aeabi_cfcmpeq          0x800'6d75         Code  Gb  FltCmpEq.o [8]
__aeabi_d2f              0x800'6d95         Code  Gb  DblToFlt.o [8]
__aeabi_d2iz             0x800'1309         Code  Gb  DblToI32.o [8]
__aeabi_d2uiz            0x800'132d         Code  Gb  DblToI32.o [8]
__aeabi_dadd             0x800'1391         Code  Gb  DblAddSub.o [8]
__aeabi_ddiv             0x800'15a3         Code  Gb  DblDiv.o [8]
__aeabi_dmul             0x800'1665         Code  Gb  DblMul.o [8]
__aeabi_dsub             0x800'1457         Code  Gb  DblAddSub.o [8]
__aeabi_f2d              0x800'69b5         Code  Gb  FltToDbl.o [8]
__aeabi_i2d              0x800'137d         Code  Gb  IxxToDbl.o [8]
__aeabi_idiv0            0x800'18b5         Code  Gb  IntDivZer.o [9]
__aeabi_ldiv0            0x800'18b9         Code  Gb  I64DivZer.o [9]
__aeabi_memcpy           0x800'11f1         Code  Gb  ABImemcpy.o [9]
__aeabi_memcpy4          0x800'11bd         Code  Gb  ABImemcpy.o [9]
__aeabi_memcpy8          0x800'11bd         Code  Gb  ABImemcpy.o [9]
__aeabi_ui2d             0x800'135d         Code  Gb  IxxToDbl.o [8]
__aeabi_uldivmod         0x800'182d         Code  Gb  I64DivMod.o [9]
__cmain                  0x800'785d         Code  Gb  cmain.o [9]
__exit                   0x800'18bd   0x14  Code  Gb  exit.o [10]
__iar_Fail_s             0x800'1145   0x22  Code  Gb  xfail_s.o [7]
__iar_Memchr             0x800'11a5         Code  Gb  memchr.o [9]
__iar_Memcpy             0x800'11fd         Code  Gb  ABImemcpy.o [9]
__iar_Sto64              0x800'6c1d  0x10a  Code  Gb  strto64.o [8]
__iar_Stoflt             0x800'6f69  0x1d4  Code  Gb  iar_Stoflt.o [7]
__iar_Stopfx             0x800'6e4f  0x118  Code  Gb  iar_Stopfx.o [7]
__iar_Stoxflt            0x800'713d  0x204  Code  Gb  iar_Stoxflt.o [7]
__iar_Stoxflt::digits    0x800'7344   0x18  Data  Lc  iar_Stoxflt.o [7]
__iar_Stoxflt::vals      0x800'735c   0x18  Data  Lc  iar_Stoxflt.o [7]
__iar_Strchr             0x800'10b5         Code  Gb  strchr.o [9]
__iar_d2uiz              0x800'1331         Code  Gb  DblToI32.o [8]
__iar_data_init3         0x800'77f5   0x28  Code  Gb  data_init.o [9]
__iar_frexp              0x800'1217         Code  Gb  frexp.o [8]
__iar_frexp64            0x800'120b         Code  Gb  frexp.o [8]
__iar_frexpl             0x800'1217         Code  Gb  frexp.o [8]
__iar_globLocale        0x2000'0260   0x48  Data  Lc  xlocale_c.o [7]
__iar_global_Locale      0x800'1819    0x4  Code  Gb  xlocale_c.o [7]
__iar_ldexp64            0x800'1299         Code  Gb  ldexp.o [8]
__iar_lz77_init_single3
                         0x800'10c7   0x7e  Code  Gb  lz77_init_single.o [9]
__iar_program_start      0x800'7895         Code  Gb  cstartup_M.o [9]
__iar_scalbln64          0x800'1299         Code  Gb  ldexp.o [8]
__iar_scalbn64           0x800'1299         Code  Gb  ldexp.o [8]
__iar_small_Memset4_word
                         0x800'3fcd         Code  Gb  ABImemset_small.o [9]
__iar_small_Memset_word
                         0x800'3fcd         Code  Gb  ABImemset_small.o [9]
__iar_small_idiv         0x800'1545         Code  Gb  I32DivMod.o [9]
__iar_small_idivmod      0x800'1545         Code  Gb  I32DivMod.o [9]
__iar_small_memclr       0x800'3fc9         Code  Gb  ABImemset_small.o [9]
__iar_small_memclr4      0x800'3fc9         Code  Gb  ABImemset_small.o [9]
__iar_small_memclr8      0x800'3fc9         Code  Gb  ABImemset_small.o [9]
__iar_small_memset       0x800'3fcd         Code  Gb  ABImemset_small.o [9]
__iar_small_memset4      0x800'3fcd         Code  Gb  ABImemset_small.o [9]
__iar_small_memset8      0x800'3fcd         Code  Gb  ABImemset_small.o [9]
__iar_small_uidiv        0x800'156d         Code  Gb  I32DivMod.o [9]
__iar_small_uidivmod     0x800'156d         Code  Gb  I32DivMod.o [9]
__iar_zero_init3         0x800'77b9   0x3c  Code  Gb  zero_init3.o [9]
__low_level_init         0x800'787b    0x4  Code  Gb  low_level_init.o [7]
__vector_table           0x800'0000         Data  Gb  startup_stm32g070xx.o [1]
_call_main               0x800'7869         Code  Gb  cmain.o [9]
_exit                    0x800'7889         Code  Gb  cexit.o [9]
abort                    0x800'18a9    0xa  Code  Gb  abort.o [7]
atof                     0x800'6d49    0xe  Code  Gb  strto64.o [8]
bIndex                  0x2000'0082    0x1  Data  Gb  main.o [2]
buttonPushed            0x2000'08be    0x1  Data  Gb  main.o [2]
count                   0x2000'006c   0x14  Data  Gb  main.o [2]
count_flag              0x2000'0089    0x1  Data  Gb  main.o [2]
currentScreen           0x2000'021c    0x1  Data  Gb  ux_manager.o [3]
dmaBuffer               0x2000'0168    0x8  Data  Gb  main.o [2]
endC                    0x2000'0220    0x4  Data  Gb  ux_manager.o [3]
endF                    0x2000'0224    0x4  Data  Gb  ux_manager.o [3]
exit                     0x800'787f    0x8  Code  Gb  exit.o [7]
firstSend               0x2000'02be    0x1  Data  Gb  KeyboardHoldRepeat.o [3]
flashAtSpeed            0x2000'08bf    0x1  Data  Gb  main.o [2]
flashLED                0x2000'08af    0x1  Data  Gb  main.o [2]
frexp                    0x800'120b         Code  Gb  frexp.o [8]
frexpl                   0x800'120b         Code  Gb  frexp.o [8]
gIndex                  0x2000'0081    0x1  Data  Gb  main.o [2]
hadc1                   0x2000'0008   0x64  Data  Gb  main.o [2]
half_sine_table_16_256   0x800'7398  0x200  Data  Gb  main.o [2]
hdma_adc1               0x2000'06c0   0x5c  Data  Gb  main.o [2]
hi2c1                   0x2000'011c   0x4c  Data  Gb  main.o [2]
htim1                   0x2000'071c   0x4c  Data  Gb  main.o [2]
htim15                  0x2000'07b4   0x4c  Data  Gb  main.o [2]
htim3                   0x2000'0768   0x4c  Data  Gb  main.o [2]
huart1                  0x2000'008c   0x90  Data  Gb  main.o [2]
hum_str                 0x2000'0868   0x14  Data  Gb  serial_user.o [3]
humidity                0x2000'0204   0x18  Data  Gb  ux_manager.o [3]
hundred_mS_Counter      0x2000'02b2    0x2  Data  Gb  stm32g0xx_it.o [2]
hundred_mS_Flag         0x2000'02ac    0x1  Data  Gb  stm32g0xx_it.o [2]
inPacket                0x2000'08ac    0x1  Data  Gb  serial_user.o [3]
isalpha                  0x800'7387   0x12  Code  Gb  isalpha.o [7]
isspace                  0x800'7375   0x12  Code  Gb  isspace.o [7]
keyCode                 0x2000'008a    0x1  Data  Gb  main.o [2]
keyCodeDebounceCounter  0x2000'02b6    0x1  Data  Gb  KeyboardHoldRepeat.o [3]
keyCodeDebounced        0x2000'02b7    0x1  Data  Gb  KeyboardHoldRepeat.o [3]
keyCodeHoldCounter      0x2000'02b8    0x1  Data  Gb  KeyboardHoldRepeat.o [3]
keyCodeProcessed        0x2000'02bb    0x1  Data  Gb  KeyboardHoldRepeat.o [3]
keyCodeRepeatDelayCounter
                        0x2000'02b9    0x1  Data  Gb  KeyboardHoldRepeat.o [3]
lastKeyCode             0x2000'02bd    0x1  Data  Gb  KeyboardHoldRepeat.o [3]
lastScreen              0x2000'021d    0x1  Data  Gb  ux_manager.o [3]
lastTempC               0x2000'088c    0x4  Data  Gb  serial_user.o [3]
ldexp                    0x800'1299         Code  Gb  ldexp.o [8]
ldexpl                   0x800'1299         Code  Gb  ldexp.o [8]
localeconv               0x800'181d    0x4  Code  Gb  xlocale_c.o [7]
main                     0x800'3781  0x5d4  Code  Gb  main.o [2]
memchr                   0x800'11a5         Code  Gb  memchr.o [9]
memset                   0x800'35dd   0x14  Code  Gb  memset.o [9]
message                 0x2000'01b8   0x30  Data  Gb  main.o [2]
nextPacketChar          0x2000'08ad    0x1  Data  Gb  serial_user.o [3]
nextSerialRx2Proc       0x2000'08c1    0x1  Data  Gb  Serial.o [3]
nextSerialRxIn          0x2000'08c0    0x1  Data  Gb  Serial.o [3]
nextSerialTxIn          0x2000'08bd    0x1  Data  Gb  Serial.o [3]
nextSerialTxOut         0x2000'08bc    0x1  Data  Gb  Serial.o [3]
one_S_Counter           0x2000'02b4    0x2  Data  Gb  stm32g0xx_it.o [2]
one_S_Flag              0x2000'02ad    0x1  Data  Gb  stm32g0xx_it.o [2]
packetBuffer            0x2000'0890   0x1c  Data  Gb  serial_user.o [3]
pows                     0x800'7730   0x48  Data  Lc  strto64.o [8]
processKeyCode          0x2000'02ba    0x1  Data  Gb  KeyboardHoldRepeat.o [3]
processPacket           0x2000'08ae    0x1  Data  Gb  serial_user.o [3]
rIndex                  0x2000'0080    0x1  Data  Gb  main.o [2]
rampBlue                0x2000'0085    0x1  Data  Gb  main.o [2]
rampGreen               0x2000'0084    0x1  Data  Gb  main.o [2]
rampRed                 0x2000'0083    0x1  Data  Gb  main.o [2]
rxBuffer                0x2000'0800   0x34  Data  Gb  Serial.o [3]
scalbln                  0x800'1299         Code  Gb  ldexp.o [8]
scalblnl                 0x800'1299         Code  Gb  ldexp.o [8]
scalbn                   0x800'1299         Code  Gb  ldexp.o [8]
scalbnl                  0x800'1299         Code  Gb  ldexp.o [8]
scale                    0x800'1011   0x44  Code  Lc  xprintffull_nomb.o [7]
sec_hand                0x2000'08b8    0x4  Data  Lc  xfail_s.o [7]
serialValue             0x2000'02a8    0x2  Data  Gb  main.o [2]
skipNumber              0x2000'0086    0x1  Data  Gb  main.o [2]
sprintf                  0x800'69e9   0x40  Code  Gb  sprintf.o [7]
ssd1306_I2C_Write        0x800'5af5   0x1a  Code  Gb  ssd1306.o [5]
ssd1306_I2C_WriteMulti   0x800'5ac7   0x2e  Code  Gb  ssd1306.o [5]
strcat                   0x800'6d57   0x1c  Code  Gb  strcat.o [7]
strchr                   0x800'10b5         Code  Gb  strchr.o [9]
strlen                   0x800'118d         Code  Gb  strlen.o [9]
tempF                   0x2000'0888    0x4  Data  Gb  serial_user.o [3]
temperature             0x2000'0170   0x18  Data  Gb  main.o [2]
ten_mS_Counter          0x2000'02ae    0x2  Data  Gb  stm32g0xx_it.o [2]
ten_mS_Flag             0x2000'02aa    0x1  Data  Gb  stm32g0xx_it.o [2]
textOut                 0x2000'087c    0xc  Data  Gb  serial_user.o [3]
timeout_count           0x2000'0088    0x1  Data  Gb  main.o [2]
timeout_flag            0x2000'0087    0x1  Data  Gb  main.o [2]
twentyfive_mS_Counter   0x2000'02b0    0x2  Data  Gb  stm32g0xx_it.o [2]
twentyfive_mS_Flag      0x2000'02ab    0x1  Data  Gb  stm32g0xx_it.o [2]
txBuffer                0x2000'0834   0x34  Data  Gb  Serial.o [3]
unitChoices             0x2000'01e8    0xc  Data  Gb  main.o [2]
units                   0x2000'0188   0x30  Data  Gb  main.o [2]
useHoldRepeat           0x2000'02bc    0x1  Data  Gb  KeyboardHoldRepeat.o [3]
uwTick                  0x2000'01f8    0x4  Data  Gb  stm32g0xx_hal.o [6]
uwTickFreq              0x2000'01f4    0x1  Data  Gb  stm32g0xx_hal.o [6]
uwTickPrio              0x2000'01fc    0x4  Data  Gb  stm32g0xx_hal.o [6]


[1] = C:\GitHub\SCU-Work\ELEN 501\Lab6\EWARM\Lab6\Obj\Application\EWARM
[2] = C:\GitHub\SCU-Work\ELEN 501\Lab6\EWARM\Lab6\Obj\Application\User\Core
[3] = C:\GitHub\SCU-Work\ELEN 501\Lab6\EWARM\Lab6\Obj\Application\User\Modules
[4] = C:\GitHub\SCU-Work\ELEN 501\Lab6\EWARM\Lab6\Obj\Drivers\CMSIS
[5] = C:\GitHub\SCU-Work\ELEN 501\Lab6\EWARM\Lab6\Obj\Drivers\SSD1306
[6] = C:\GitHub\SCU-Work\ELEN 501\Lab6\EWARM\Lab6\Obj\Drivers\STM32G0xx_HAL_Driver
[7] = dl6M_tlf.a
[8] = m6M_tl.a
[9] = rt6M_tl.a
[10] = shb_l.a

  26'708 bytes of readonly  code memory
   4'421 bytes of readonly  data memory
   3'265 bytes of readwrite data memory

Errors: none
Warnings: none
