###############################################################################
#
# IAR ELF Linker V9.10.2.313/W64 for ARM                  18/May/2022  23:05:05
# Copyright 2007-2021 IAR Systems AB.
#
#    Output file  =
#        C:\GitHub\SCU-Work\ELEN_509\ELEN509_HW2_GPS_Recorder_G070\EWARM\ELEN509_HW2_GPS_Recorder_G070\Exe\ELEN509_HW2_GPS_Recorder_G070.out
#    Map file     =
#        C:\GitHub\SCU-Work\ELEN_509\ELEN509_HW2_GPS_Recorder_G070\EWARM\ELEN509_HW2_GPS_Recorder_G070\List\ELEN509_HW2_GPS_Recorder_G070.map
#    Command line =
#        -f
#        C:\GitHub\SCU-Work\ELEN_509\ELEN509_HW2_GPS_Recorder_G070\EWARM\ELEN509_HW2_GPS_Recorder_G070\Exe\ELEN509_HW2_GPS_Recorder_G070.out.rsp
#        (C:\GitHub\SCU-Work\ELEN_509\ELEN509_HW2_GPS_Recorder_G070\EWARM\ELEN509_HW2_GPS_Recorder_G070\Obj\Application\User\Modules\ASCII_numbers.o
#        C:\GitHub\SCU-Work\ELEN_509\ELEN509_HW2_GPS_Recorder_G070\EWARM\ELEN509_HW2_GPS_Recorder_G070\Obj\Application\User\Core\main.o
#        C:\GitHub\SCU-Work\ELEN_509\ELEN509_HW2_GPS_Recorder_G070\EWARM\ELEN509_HW2_GPS_Recorder_G070\Obj\Application\User\Modules\Serial.o
#        C:\GitHub\SCU-Work\ELEN_509\ELEN509_HW2_GPS_Recorder_G070\EWARM\ELEN509_HW2_GPS_Recorder_G070\Obj\Application\User\Modules\serial_user.o
#        C:\GitHub\SCU-Work\ELEN_509\ELEN509_HW2_GPS_Recorder_G070\EWARM\ELEN509_HW2_GPS_Recorder_G070\Obj\Application\EWARM\startup_stm32g070xx.o
#        C:\GitHub\SCU-Work\ELEN_509\ELEN509_HW2_GPS_Recorder_G070\EWARM\ELEN509_HW2_GPS_Recorder_G070\Obj\Drivers\STM32G0xx_HAL_Driver\stm32g0xx_hal.o
#        C:\GitHub\SCU-Work\ELEN_509\ELEN509_HW2_GPS_Recorder_G070\EWARM\ELEN509_HW2_GPS_Recorder_G070\Obj\Drivers\STM32G0xx_HAL_Driver\stm32g0xx_hal_cortex.o
#        C:\GitHub\SCU-Work\ELEN_509\ELEN509_HW2_GPS_Recorder_G070\EWARM\ELEN509_HW2_GPS_Recorder_G070\Obj\Drivers\STM32G0xx_HAL_Driver\stm32g0xx_hal_dma.o
#        C:\GitHub\SCU-Work\ELEN_509\ELEN509_HW2_GPS_Recorder_G070\EWARM\ELEN509_HW2_GPS_Recorder_G070\Obj\Drivers\STM32G0xx_HAL_Driver\stm32g0xx_hal_dma_ex.o
#        C:\GitHub\SCU-Work\ELEN_509\ELEN509_HW2_GPS_Recorder_G070\EWARM\ELEN509_HW2_GPS_Recorder_G070\Obj\Drivers\STM32G0xx_HAL_Driver\stm32g0xx_hal_exti.o
#        C:\GitHub\SCU-Work\ELEN_509\ELEN509_HW2_GPS_Recorder_G070\EWARM\ELEN509_HW2_GPS_Recorder_G070\Obj\Drivers\STM32G0xx_HAL_Driver\stm32g0xx_hal_flash.o
#        C:\GitHub\SCU-Work\ELEN_509\ELEN509_HW2_GPS_Recorder_G070\EWARM\ELEN509_HW2_GPS_Recorder_G070\Obj\Drivers\STM32G0xx_HAL_Driver\stm32g0xx_hal_flash_ex.o
#        C:\GitHub\SCU-Work\ELEN_509\ELEN509_HW2_GPS_Recorder_G070\EWARM\ELEN509_HW2_GPS_Recorder_G070\Obj\Drivers\STM32G0xx_HAL_Driver\stm32g0xx_hal_gpio.o
#        C:\GitHub\SCU-Work\ELEN_509\ELEN509_HW2_GPS_Recorder_G070\EWARM\ELEN509_HW2_GPS_Recorder_G070\Obj\Application\User\Core\stm32g0xx_hal_msp.o
#        C:\GitHub\SCU-Work\ELEN_509\ELEN509_HW2_GPS_Recorder_G070\EWARM\ELEN509_HW2_GPS_Recorder_G070\Obj\Drivers\STM32G0xx_HAL_Driver\stm32g0xx_hal_pwr.o
#        C:\GitHub\SCU-Work\ELEN_509\ELEN509_HW2_GPS_Recorder_G070\EWARM\ELEN509_HW2_GPS_Recorder_G070\Obj\Drivers\STM32G0xx_HAL_Driver\stm32g0xx_hal_pwr_ex.o
#        C:\GitHub\SCU-Work\ELEN_509\ELEN509_HW2_GPS_Recorder_G070\EWARM\ELEN509_HW2_GPS_Recorder_G070\Obj\Drivers\STM32G0xx_HAL_Driver\stm32g0xx_hal_rcc.o
#        C:\GitHub\SCU-Work\ELEN_509\ELEN509_HW2_GPS_Recorder_G070\EWARM\ELEN509_HW2_GPS_Recorder_G070\Obj\Drivers\STM32G0xx_HAL_Driver\stm32g0xx_hal_rcc_ex.o
#        C:\GitHub\SCU-Work\ELEN_509\ELEN509_HW2_GPS_Recorder_G070\EWARM\ELEN509_HW2_GPS_Recorder_G070\Obj\Drivers\STM32G0xx_HAL_Driver\stm32g0xx_hal_tim.o
#        C:\GitHub\SCU-Work\ELEN_509\ELEN509_HW2_GPS_Recorder_G070\EWARM\ELEN509_HW2_GPS_Recorder_G070\Obj\Drivers\STM32G0xx_HAL_Driver\stm32g0xx_hal_tim_ex.o
#        C:\GitHub\SCU-Work\ELEN_509\ELEN509_HW2_GPS_Recorder_G070\EWARM\ELEN509_HW2_GPS_Recorder_G070\Obj\Drivers\STM32G0xx_HAL_Driver\stm32g0xx_hal_uart.o
#        C:\GitHub\SCU-Work\ELEN_509\ELEN509_HW2_GPS_Recorder_G070\EWARM\ELEN509_HW2_GPS_Recorder_G070\Obj\Drivers\STM32G0xx_HAL_Driver\stm32g0xx_hal_uart_ex.o
#        C:\GitHub\SCU-Work\ELEN_509\ELEN509_HW2_GPS_Recorder_G070\EWARM\ELEN509_HW2_GPS_Recorder_G070\Obj\Application\User\Core\stm32g0xx_it.o
#        C:\GitHub\SCU-Work\ELEN_509\ELEN509_HW2_GPS_Recorder_G070\EWARM\ELEN509_HW2_GPS_Recorder_G070\Obj\Drivers\STM32G0xx_HAL_Driver\stm32g0xx_ll_dma.o
#        C:\GitHub\SCU-Work\ELEN_509\ELEN509_HW2_GPS_Recorder_G070\EWARM\ELEN509_HW2_GPS_Recorder_G070\Obj\Drivers\STM32G0xx_HAL_Driver\stm32g0xx_ll_rcc.o
#        C:\GitHub\SCU-Work\ELEN_509\ELEN509_HW2_GPS_Recorder_G070\EWARM\ELEN509_HW2_GPS_Recorder_G070\Obj\Drivers\CMSIS\system_stm32g0xx.o
#        --no_out_extension -o
#        C:\GitHub\SCU-Work\ELEN_509\ELEN509_HW2_GPS_Recorder_G070\EWARM\ELEN509_HW2_GPS_Recorder_G070\Exe\ELEN509_HW2_GPS_Recorder_G070.out
#        --redirect _Printf=_PrintfFullNoMb --redirect _Scanf=_ScanfFullNoMb
#        --map
#        C:\GitHub\SCU-Work\ELEN_509\ELEN509_HW2_GPS_Recorder_G070\EWARM\ELEN509_HW2_GPS_Recorder_G070\List\ELEN509_HW2_GPS_Recorder_G070.map
#        --config
#        C:\GitHub\SCU-Work\ELEN_509\ELEN509_HW2_GPS_Recorder_G070\EWARM/stm32g070xx_flash.icf
#        --semihosting --entry __iar_program_start --vfe --text_out locale)
#
###############################################################################

*******************************************************************************
*** RUNTIME MODEL ATTRIBUTES
***

CppFlavor       = *
__SystemLibrary = DLib
__dlib_version  = 6


*******************************************************************************
*** HEAP SELECTION
***

The basic heap was selected because some modules are built with
size limitations (and not runtime checking), and --advanced_heap
was not specified.


*******************************************************************************
*** PLACEMENT SUMMARY
***

"A0":  place at address 0x800'0000 { ro section .intvec };
"P1":  place in [from 0x800'0000 to 0x801'ffff] { ro };
define block CSTACK with size = 1K, alignment = 8 { };
define block HEAP with size = 512, alignment = 8 { };
"P2":  place in [from 0x2000'0000 to 0x2000'8fff] {
          rw, block CSTACK, block HEAP };
initialize by copy { rw };

  Section            Kind         Address    Size  Object
  -------            ----         -------    ----  ------
"A0":                                        0xb8
  .intvec            ro code   0x800'0000    0xb8  startup_stm32g070xx.o [1]
                             - 0x800'00b8    0xb8

"P1":                                      0x448d
  .text              ro code   0x800'00b8   0xffc  xprintffull_nomb.o [6]
  .text              ro code   0x800'10b4    0x12  strchr.o [8]
  .text              ro code   0x800'10c6    0x7e  lz77_init_single.o [8]
  .text              ro code   0x800'1144    0x48  xfail_s.o [6]
  .text              ro code   0x800'118c     0xe  strlen.o [8]
  .text              ro code   0x800'119a     0xa  xsprout.o [6]
  .text              ro code   0x800'11a4    0x16  memchr.o [8]
  .rodata            const     0x800'11ba     0x2  xlocale_c.o [6]
  .text              ro code   0x800'11bc    0x4e  ABImemcpy.o [8]
  .text              ro code   0x800'120a    0x2a  frexp.o [7]
  .text              ro code   0x800'1234    0x32  DblCmpLe.o [7]
  .text              ro code   0x800'1266    0x32  DblCmpGe.o [7]
  .text              ro code   0x800'1298    0x70  ldexp.o [7]
  .text              ro code   0x800'1308    0x52  DblToI32.o [7]
  .rodata            const     0x800'135a     0x2  xlocale_c.o [6]
  .text              ro code   0x800'135c    0x34  IxxToDbl.o [7]
  .text              ro code   0x800'1390   0x1b4  DblAddSub.o [7]
  .text              ro code   0x800'1544    0x5e  I32DivMod.o [8]
  .text              ro code   0x800'15a2    0xc2  DblDiv.o [7]
  .text              ro code   0x800'1664   0x184  DblMul.o [7]
  .text              ro code   0x800'17e8    0x50  xlocale_c.o [6]
  .text              ro code   0x800'1838    0x7c  I64DivMod.o [8]
  .text              ro code   0x800'18b4     0xa  abort.o [6]
  .text              ro code   0x800'18be     0x2  startup_stm32g070xx.o [1]
  .text              ro code   0x800'18c0     0x2  IntDivZer.o [8]
  .text              ro code   0x800'18c2     0x2  startup_stm32g070xx.o [1]
  .text              ro code   0x800'18c4     0x2  I64DivZer.o [8]
  .text              ro code   0x800'18c6     0x2  startup_stm32g070xx.o [1]
  .text              ro code   0x800'18c8    0x14  exit.o [9]
  .text              ro code   0x800'18dc   0x7e4  stm32g0xx_hal_uart.o [5]
  .text              ro code   0x800'20c0    0xf4  stm32g0xx_hal_msp.o [2]
  .text              ro code   0x800'21b4    0xfc  stm32g0xx_hal_dma.o [5]
  .text              ro code   0x800'22b0     0x2  stm32g0xx_hal_uart.o [5]
  .text              ro code   0x800'22b2     0x2  stm32g0xx_hal_uart.o [5]
  .text              ro code   0x800'22b4     0x2  stm32g0xx_hal_uart_ex.o [5]
  .text              ro code   0x800'22b6     0x2  stm32g0xx_hal_uart.o [5]
  .text              ro code   0x800'22b8     0x2  stm32g0xx_hal_uart_ex.o [5]
  .text              ro code   0x800'22ba     0x2  stm32g0xx_hal_uart_ex.o [5]
  .text              ro code   0x800'22bc   0x5f4  stm32g0xx_hal_rcc.o [5]
  .text              ro code   0x800'28b0     0xc  stm32g0xx_hal.o [5]
  .text              ro code   0x800'28bc    0x40  stm32g0xx_hal.o [5]
  .text              ro code   0x800'28fc    0x14  memset.o [8]
  .text              ro code   0x800'2910   0x184  stm32g0xx_hal_gpio.o [5]
  .text              ro code   0x800'2a94    0x90  stm32g0xx_hal_cortex.o [5]
  .text              ro code   0x800'2b24    0x4c  stm32g0xx_hal.o [5]
  .text              ro code   0x800'2b70    0x10  ABImemset_small.o [8]
  .text              ro code   0x800'2b80   0x3d0  serial_user.o [3]
  .text              ro code   0x800'2f50    0x14  strcmp_small.o [8]
  .text              ro code   0x800'2f64    0xe4  Serial.o [3]
  .text              ro code   0x800'3048    0x40  sprintf.o [6]
  .text              ro code   0x800'3088   0x33a  strto64.o [7]
  .text              ro code   0x800'33c2    0x62  DblToFlt.o [7]
  .text              ro code   0x800'3424   0x15c  iar_Stoulx.o [6]
  .text              ro code   0x800'3580    0x96  iar_Stolx.o [6]
  .text              ro code   0x800'3616   0x118  iar_Stopfx.o [6]
  .text              ro code   0x800'372e     0x2  startup_stm32g070xx.o [1]
  .text              ro code   0x800'3730   0x1d4  iar_Stoflt.o [6]
  .text              ro code   0x800'3904   0x238  iar_Stoxflt.o [6]
  .text              ro code   0x800'3b3c    0x12  isspace.o [6]
  .text              ro code   0x800'3b4e    0x12  tolower.o [6]
  .text              ro code   0x800'3b60    0x12  isalpha.o [6]
  .text              ro code   0x800'3b72     0x2  startup_stm32g070xx.o [1]
  .text              ro code   0x800'3b74   0x2ae  main.o [2]
  .text              ro code   0x800'3e22     0x2  startup_stm32g070xx.o [1]
  .text              ro code   0x800'3e24   0x118  stm32g0xx_hal_uart_ex.o [5]
  .text              ro code   0x800'3f3c    0x4c  stm32g0xx_hal_pwr_ex.o [5]
  .text              ro code   0x800'3f88   0x164  stm32g0xx_hal_rcc_ex.o [5]
  .text              ro code   0x800'40ec   0x114  stm32g0xx_it.o [2]
  .text              ro code   0x800'4200    0x10  stm32g0xx_hal.o [5]
  .rodata            const     0x800'4210    0x6a  xprintffull_nomb.o [6]
  .text              ro code   0x800'427a     0x2  startup_stm32g070xx.o [1]
  .rodata            const     0x800'427c    0x50  iar_Stoulx.o [6]
  .text              ro code   0x800'42cc    0x3c  zero_init3.o [8]
  .rodata            const     0x800'4308    0x48  strto64.o [7]
  .rodata            const     0x800'4350    0x40  system_stm32g0xx.o [4]
  .text              ro code   0x800'4390    0x28  data_init.o [8]
  .iar.init_table    const     0x800'43b8    0x20  - Linker created -
  .rodata            const     0x800'43d8    0x20  system_stm32g0xx.o [4]
  .text              ro code   0x800'43f8    0x1e  cmain.o [8]
  .text              ro code   0x800'4416     0x4  low_level_init.o [6]
  .text              ro code   0x800'441a     0x8  exit.o [6]
  .text              ro code   0x800'4422     0x2  startup_stm32g070xx.o [1]
  .text              ro code   0x800'4424     0xa  cexit.o [8]
  .text              ro code   0x800'442e     0x2  startup_stm32g070xx.o [1]
  .text              ro code   0x800'4430    0x1c  cstartup_M.o [8]
  .text              ro code   0x800'444c    0x10  startup_stm32g070xx.o [1]
  .text              ro code   0x800'445c     0x2  startup_stm32g070xx.o [1]
  .text              ro code   0x800'445e     0x2  startup_stm32g070xx.o [1]
  .text              ro code   0x800'4460     0x2  startup_stm32g070xx.o [1]
  .text              ro code   0x800'4462     0x2  startup_stm32g070xx.o [1]
  .text              ro code   0x800'4464     0x2  startup_stm32g070xx.o [1]
  .text              ro code   0x800'4466     0x2  startup_stm32g070xx.o [1]
  .text              ro code   0x800'4468     0x2  startup_stm32g070xx.o [1]
  .text              ro code   0x800'446a     0x2  startup_stm32g070xx.o [1]
  .text              ro code   0x800'446c     0x2  startup_stm32g070xx.o [1]
  .text              ro code   0x800'446e     0x2  startup_stm32g070xx.o [1]
  .text              ro code   0x800'4470     0x2  startup_stm32g070xx.o [1]
  .text              ro code   0x800'4472     0x2  startup_stm32g070xx.o [1]
  .text              ro code   0x800'4474     0x2  startup_stm32g070xx.o [1]
  .text              ro code   0x800'4476     0x2  startup_stm32g070xx.o [1]
  .text              ro code   0x800'4478     0x2  startup_stm32g070xx.o [1]
  .text              ro code   0x800'447a     0x2  startup_stm32g070xx.o [1]
  .text              ro code   0x800'447c     0x2  system_stm32g0xx.o [4]
  .rodata            const     0x800'447e     0x1  xlocale_c.o [6]
  .rodata            const     0x800'447f     0x0  zero_init3.o [8]
  .rodata            const     0x800'447f     0x0  lz77_init_single.o [8]
  Initializer bytes  const     0x800'447f    0xc6  <for P2-1>
                             - 0x800'4545  0x448d

"P2", part 1 of 3:                          0x330
  P2-1                        0x2000'0000   0x330  <Init block>
    .data            inited   0x2000'0000   0x124  serial_user.o [3]
    .data            inited   0x2000'0124   0x170  main.o [2]
    .data            inited   0x2000'0294     0xc  stm32g0xx_hal.o [5]
    .data            inited   0x2000'02a0     0x4  system_stm32g0xx.o [4]
    .data            inited   0x2000'02a4    0x38  xlocale_c.o [6]
    .data            inited   0x2000'02dc    0x48  xlocale_c.o [6]
    .data            inited   0x2000'0324     0xc  stm32g0xx_it.o [2]
                            - 0x2000'0330   0x330

"P2", part 2 of 3:                           0xb8
  .bss               zero     0x2000'0330    0x34  Serial.o [3]
  .bss               zero     0x2000'0364    0x34  Serial.o [3]
  .bss               zero     0x2000'0398    0x30  serial_user.o [3]
  .bss               zero     0x2000'03c8    0x14  serial_user.o [3]
  .bss               zero     0x2000'03dc     0x4  xfail_s.o [6]
  .bss               zero     0x2000'03e0     0x2  Serial.o [3]
  .bss               zero     0x2000'03e2     0x1  Serial.o [3]
  .bss               zero     0x2000'03e3     0x1  Serial.o [3]
  .bss               zero     0x2000'03e4     0x1  serial_user.o [3]
                            - 0x2000'03e5    0xb5

"P2", part 3 of 3:                          0x400
  CSTACK                      0x2000'03e8   0x400  <Block>
    CSTACK           uninit   0x2000'03e8   0x400  <Block tail>
                            - 0x2000'07e8   0x400

Unused ranges:

         From           To      Size
         ----           --      ----
   0x800'4545   0x801'ffff  0x1'babb
  0x2000'07e8  0x2000'8fff    0x8818


*******************************************************************************
*** INIT TABLE
***

          Address      Size
          -------      ----
Zero (__iar_zero_init3)
    1 destination range, total size 0xb5:
          0x2000'0330   0xb5

Copy/lz77 (__iar_lz77_init_single3)
    1 source range, total size 0xc6 (24% of destination):
           0x800'447f   0xc6
    1 destination range, total size 0x330:
          0x2000'0000  0x330



*******************************************************************************
*** MODULE SUMMARY
***

    Module                   ro code  ro data  rw data
    ------                   -------  -------  -------
command line/config:
    --------------------------------------------------
    Total:

C:\GitHub\SCU-Work\ELEN_509\ELEN509_HW2_GPS_Recorder_G070\EWARM\ELEN509_HW2_GPS_Recorder_G070\Obj\Application\EWARM: [1]
    startup_stm32g070xx.o        250
    --------------------------------------------------
    Total:                       250

C:\GitHub\SCU-Work\ELEN_509\ELEN509_HW2_GPS_Recorder_G070\EWARM\ELEN509_HW2_GPS_Recorder_G070\Obj\Application\User\Core: [2]
    main.o                       686       90      368
    stm32g0xx_hal_msp.o          244
    stm32g0xx_it.o               276        3       12
    --------------------------------------------------
    Total:                     1'206       93      380

C:\GitHub\SCU-Work\ELEN_509\ELEN509_HW2_GPS_Recorder_G070\EWARM\ELEN509_HW2_GPS_Recorder_G070\Obj\Application\User\Modules: [3]
    Serial.o                     228               108
    serial_user.o                976       70      361
    --------------------------------------------------
    Total:                     1'204       70      469

C:\GitHub\SCU-Work\ELEN_509\ELEN509_HW2_GPS_Recorder_G070\EWARM\ELEN509_HW2_GPS_Recorder_G070\Obj\Drivers\CMSIS: [4]
    system_stm32g0xx.o             2       97        4
    --------------------------------------------------
    Total:                         2       97        4

C:\GitHub\SCU-Work\ELEN_509\ELEN509_HW2_GPS_Recorder_G070\EWARM\ELEN509_HW2_GPS_Recorder_G070\Obj\Drivers\STM32G0xx_HAL_Driver: [5]
    stm32g0xx_hal.o              168        3       12
    stm32g0xx_hal_cortex.o       144
    stm32g0xx_hal_dma.o          252
    stm32g0xx_hal_gpio.o         388
    stm32g0xx_hal_pwr_ex.o        76
    stm32g0xx_hal_rcc.o        1'524
    stm32g0xx_hal_rcc_ex.o       356
    stm32g0xx_hal_uart.o       2'026
    stm32g0xx_hal_uart_ex.o      286
    --------------------------------------------------
    Total:                     5'220        3       12

dl6M_tlf.a: [6]
    abort.o                       10
    exit.o                         8
    iar_Stoflt.o                 468
    iar_Stolx.o                  150
    iar_Stopfx.o                 280
    iar_Stoulx.o                 348       80
    iar_Stoxflt.o                568
    isalpha.o                     18
    isspace.o                     18
    low_level_init.o               4
    sprintf.o                     64
    tolower.o                     18
    xfail_s.o                     72                 4
    xlocale_c.o                   80       36      128
    xprintffull_nomb.o         4'092      106
    xsprout.o                     10
    --------------------------------------------------
    Total:                     6'208      222      132

m6M_tl.a: [7]
    DblAddSub.o                  436
    DblCmpGe.o                    50
    DblCmpLe.o                    50
    DblDiv.o                     194
    DblMul.o                     388
    DblToFlt.o                    98
    DblToI32.o                    82
    IxxToDbl.o                    52
    frexp.o                       42
    ldexp.o                      112
    strto64.o                    826       72
    --------------------------------------------------
    Total:                     2'330       72

rt6M_tl.a: [8]
    ABImemcpy.o                   78
    ABImemset_small.o             16
    I32DivMod.o                   94
    I64DivMod.o                  124
    I64DivZer.o                    2
    IntDivZer.o                    2
    cexit.o                       10
    cmain.o                       30
    cstartup_M.o                  28
    data_init.o                   40
    lz77_init_single.o           126
    memchr.o                      22
    memset.o                      20
    strchr.o                      18
    strcmp_small.o                20
    strlen.o                      14
    zero_init3.o                  60
    --------------------------------------------------
    Total:                       704

shb_l.a: [9]
    exit.o                        20
    --------------------------------------------------
    Total:                        20

    Linker created                         32    1'024
------------------------------------------------------
    Grand Total:              17'144      589    2'021


*******************************************************************************
*** ENTRY LIST
***

Entry                       Address   Size  Type      Object
-----                       -------   ----  ----      ------
.iar.init_table$$Base    0x800'43b8          --   Gb  - Linker created -
.iar.init_table$$Limit   0x800'43d8          --   Gb  - Linker created -
?main                    0x800'43f9         Code  Gb  cmain.o [8]
AHBPrescTable            0x800'4350   0x40  Data  Gb  system_stm32g0xx.o [4]
APBPrescTable            0x800'43d8   0x20  Data  Gb  system_stm32g0xx.o [4]
CSTACK$$Base            0x2000'03e8          --   Gb  - Linker created -
CSTACK$$Limit           0x2000'07e8          --   Gb  - Linker created -
CheckBuffer              0x800'3021   0x1a  Code  Gb  Serial.o [3]
Dtentox                  0x800'3089  0x1ec  Code  Lc  strto64.o [7]
Error_Handler            0x800'3e1f    0x4  Code  Gb  main.o [2]
HAL_DMA_Abort            0x800'21b5   0x78  Code  Gb  stm32g0xx_hal_dma.o [5]
HAL_DMA_Abort_IT         0x800'222d   0x7a  Code  Gb  stm32g0xx_hal_dma.o [5]
HAL_GPIO_Init            0x800'2911  0x160  Code  Gb  stm32g0xx_hal_gpio.o [5]
HAL_GPIO_WritePin        0x800'2a71    0xc  Code  Gb  stm32g0xx_hal_gpio.o [5]
HAL_GetTick              0x800'28b1    0xc  Code  Gb  stm32g0xx_hal.o [5]
HAL_IncTick              0x800'4201   0x10  Code  Gb  stm32g0xx_hal.o [5]
HAL_Init                 0x800'28bd   0x24  Code  Gb  stm32g0xx_hal.o [5]
HAL_InitTick             0x800'2b25   0x4c  Code  Gb  stm32g0xx_hal.o [5]
HAL_MspInit              0x800'20c1   0x30  Code  Gb  stm32g0xx_hal_msp.o [2]
HAL_NVIC_EnableIRQ       0x800'2ad9   0x12  Code  Gb  stm32g0xx_hal_cortex.o [5]
HAL_NVIC_SetPriority     0x800'2acf    0x8  Code  Gb  stm32g0xx_hal_cortex.o [5]
HAL_PWREx_ControlVoltageScaling
                         0x800'3f3d   0x3a  Code  Gb  stm32g0xx_hal_pwr_ex.o [5]
HAL_RCCEx_PeriphCLKConfig
                         0x800'3f89  0x142  Code  Gb  stm32g0xx_hal_rcc_ex.o [5]
HAL_RCC_ClockConfig      0x800'2685  0x14e  Code  Gb  stm32g0xx_hal_rcc.o [5]
HAL_RCC_GetPCLK1Freq     0x800'2867   0x1a  Code  Gb  stm32g0xx_hal_rcc.o [5]
HAL_RCC_GetSysClockFreq
                         0x800'27e5   0x82  Code  Gb  stm32g0xx_hal_rcc.o [5]
HAL_RCC_OscConfig        0x800'22bd  0x3b2  Code  Gb  stm32g0xx_hal_rcc.o [5]
HAL_SYSCFG_StrobeDBattpinsConfig
                         0x800'28e1    0xe  Code  Gb  stm32g0xx_hal.o [5]
HAL_SYSTICK_Config       0x800'2aeb   0x28  Code  Gb  stm32g0xx_hal_cortex.o [5]
HAL_UARTEx_DisableFifoMode
                         0x800'3e25   0x3a  Code  Gb  stm32g0xx_hal_uart_ex.o [5]
HAL_UARTEx_RxEventCallback
                         0x800'22b3    0x2  Code  Gb  stm32g0xx_hal_uart.o [5]
HAL_UARTEx_RxFifoFullCallback
                         0x800'22bb    0x2  Code  Gb  stm32g0xx_hal_uart_ex.o [5]
HAL_UARTEx_SetRxFifoThreshold
                         0x800'3e91   0x30  Code  Gb  stm32g0xx_hal_uart_ex.o [5]
HAL_UARTEx_SetTxFifoThreshold
                         0x800'3e5f   0x32  Code  Gb  stm32g0xx_hal_uart_ex.o [5]
HAL_UARTEx_TxFifoEmptyCallback
                         0x800'22b9    0x2  Code  Gb  stm32g0xx_hal_uart_ex.o [5]
HAL_UARTEx_WakeupCallback
                         0x800'22b5    0x2  Code  Gb  stm32g0xx_hal_uart_ex.o [5]
HAL_UART_ErrorCallback   0x800'22b1    0x2  Code  Gb  stm32g0xx_hal_uart.o [5]
HAL_UART_IRQHandler      0x800'1949  0x306  Code  Gb  stm32g0xx_hal_uart.o [5]
HAL_UART_Init            0x800'18dd   0x56  Code  Gb  stm32g0xx_hal_uart.o [5]
HAL_UART_MspInit         0x800'20f1   0xb0  Code  Gb  stm32g0xx_hal_msp.o [2]
HAL_UART_TxCpltCallback
                         0x800'22b7    0x2  Code  Gb  stm32g0xx_hal_uart.o [5]
HardFault_Handler        0x800'40ef    0x2  Code  Gb  stm32g0xx_it.o [2]
NMI_Handler              0x800'40ed    0x2  Code  Gb  stm32g0xx_it.o [2]
PendSV_Handler           0x800'40f3    0x2  Code  Gb  stm32g0xx_it.o [2]
ProcessGpsPacket         0x800'2cfd  0x230  Code  Gb  serial_user.o [3]
ProcessPacket            0x800'2f31    0x8  Code  Gb  serial_user.o [3]
ProcessReceiveBuffer     0x800'2b81  0x156  Code  Gb  serial_user.o [3]
Region$$Table$$Base      0x800'43b8          --   Gb  - Linker created -
Region$$Table$$Limit     0x800'43d8          --   Gb  - Linker created -
SVC_Handler              0x800'40f1    0x2  Code  Gb  stm32g0xx_it.o [2]
SendString               0x800'2f65   0xbc  Code  Gb  Serial.o [3]
SysTick_Handler          0x800'40f5   0x48  Code  Gb  stm32g0xx_it.o [2]
SystemClock_Config       0x800'3da1   0x7e  Code  Gb  main.o [2]
SystemCoreClock         0x2000'02a0    0x4  Data  Gb  system_stm32g0xx.o [4]
SystemInit               0x800'447d    0x2  Code  Gb  system_stm32g0xx.o [4]
UARTEx_SetNbDataToProcess
                         0x800'3ee1   0x4a  Code  Lc  stm32g0xx_hal_uart_ex.o [5]
UARTEx_SetNbDataToProcess::denominator
                         0x800'3f34    0x8  Data  Lc  stm32g0xx_hal_uart_ex.o [5]
UARTEx_SetNbDataToProcess::numerator
                         0x800'3f2c    0x8  Data  Lc  stm32g0xx_hal_uart_ex.o [5]
UARTPrescTable           0x800'1dd0   0x18  Data  Gb  stm32g0xx_hal_uart.o [5]
UART_AdvFeatureConfig    0x800'1de9   0xc8  Code  Gb  stm32g0xx_hal_uart.o [5]
UART_CheckIdleState      0x800'1eb5   0x60  Code  Gb  stm32g0xx_hal_uart.o [5]
UART_DMAAbortOnError     0x800'20ad   0x14  Code  Lc  stm32g0xx_hal_uart.o [5]
UART_EndRxTransfer       0x800'2041   0x5e  Code  Lc  stm32g0xx_hal_uart.o [5]
UART_SetConfig           0x800'1c6d  0x162  Code  Gb  stm32g0xx_hal_uart.o [5]
UART_WaitOnFlagUntilTimeout
                         0x800'1f35   0xde  Code  Gb  stm32g0xx_hal_uart.o [5]
USART1_IRQHandler        0x800'413d   0x38  Code  Gb  stm32g0xx_it.o [2]
USART2_IRQHandler        0x800'4175   0x60  Code  Gb  stm32g0xx_it.o [2]
_LitobFullNoMb           0x800'0eed  0x124  Code  Lc  xprintffull_nomb.o [6]
_LocaleC_isalpha         0x800'17ef    0xc  Code  Gb  xlocale_c.o [6]
_LocaleC_islower         0x800'17e9    0x4  Code  Gb  xlocale_c.o [6]
_LocaleC_isspace         0x800'1805   0x14  Code  Gb  xlocale_c.o [6]
_LocaleC_isupper         0x800'17ed    0x2  Code  Gb  xlocale_c.o [6]
_LocaleC_tolower         0x800'1819    0xc  Code  Gb  xlocale_c.o [6]
_Locale_lconv           0x2000'02a4   0x38  Data  Lc  xlocale_c.o [6]
_PrintfFullNoMb          0x800'00b9  0xe34  Code  Gb  xprintffull_nomb.o [6]
_PutcharFullNoMb         0x800'105d   0x22  Code  Lc  xprintffull_nomb.o [6]
_PutcharsFullNoMb        0x800'107f   0x36  Code  Lc  xprintffull_nomb.o [6]
_SProut                  0x800'119b    0xa  Code  Gb  xsprout.o [6]
__ICFEDIT_region_RAM_end__ {Abs}
                        0x2000'8fff         Data  Gb  <internal module>
__ICFEDIT_region_RAM_start__ {Abs}
                        0x2000'0000         Data  Gb  <internal module>
__NVIC_SetPriority       0x800'2a95   0x3a  Code  Lc  stm32g0xx_hal_cortex.o [5]
__aeabi_cdcmple          0x800'1235         Code  Gb  DblCmpLe.o [7]
__aeabi_cdrcmple         0x800'1267         Code  Gb  DblCmpGe.o [7]
__aeabi_d2f              0x800'33c3         Code  Gb  DblToFlt.o [7]
__aeabi_d2iz             0x800'1309         Code  Gb  DblToI32.o [7]
__aeabi_d2uiz            0x800'132d         Code  Gb  DblToI32.o [7]
__aeabi_dadd             0x800'1391         Code  Gb  DblAddSub.o [7]
__aeabi_ddiv             0x800'15a3         Code  Gb  DblDiv.o [7]
__aeabi_dmul             0x800'1665         Code  Gb  DblMul.o [7]
__aeabi_dsub             0x800'1457         Code  Gb  DblAddSub.o [7]
__aeabi_i2d              0x800'137d         Code  Gb  IxxToDbl.o [7]
__aeabi_idiv0            0x800'18c1         Code  Gb  IntDivZer.o [8]
__aeabi_ldiv0            0x800'18c5         Code  Gb  I64DivZer.o [8]
__aeabi_memcpy           0x800'11f1         Code  Gb  ABImemcpy.o [8]
__aeabi_memcpy4          0x800'11bd         Code  Gb  ABImemcpy.o [8]
__aeabi_memcpy8          0x800'11bd         Code  Gb  ABImemcpy.o [8]
__aeabi_ui2d             0x800'135d         Code  Gb  IxxToDbl.o [7]
__aeabi_uldivmod         0x800'1839         Code  Gb  I64DivMod.o [8]
__cmain                  0x800'43f9         Code  Gb  cmain.o [8]
__exit                   0x800'18c9   0x14  Code  Gb  exit.o [9]
__iar_Fail_s             0x800'1145   0x22  Code  Gb  xfail_s.o [6]
__iar_Memchr             0x800'11a5         Code  Gb  memchr.o [8]
__iar_Memcpy             0x800'11fd         Code  Gb  ABImemcpy.o [8]
__iar_Sto64              0x800'327d  0x10a  Code  Gb  strto64.o [7]
__iar_Stoflt             0x800'3731  0x1d4  Code  Gb  iar_Stoflt.o [6]
__iar_Stolx              0x800'3581   0x8c  Code  Gb  iar_Stolx.o [6]
__iar_Stopfx             0x800'3617  0x118  Code  Gb  iar_Stopfx.o [6]
__iar_Stoulx             0x800'3425  0x14c  Code  Gb  iar_Stoulx.o [6]
__iar_Stoxflt            0x800'3905  0x204  Code  Gb  iar_Stoxflt.o [6]
__iar_Stoxflt::digits    0x800'3b0c   0x18  Data  Lc  iar_Stoxflt.o [6]
__iar_Stoxflt::vals      0x800'3b24   0x18  Data  Lc  iar_Stoxflt.o [6]
__iar_Strchr             0x800'10b5         Code  Gb  strchr.o [8]
__iar_d2uiz              0x800'1331         Code  Gb  DblToI32.o [7]
__iar_data_init3         0x800'4391   0x28  Code  Gb  data_init.o [8]
__iar_frexp              0x800'1217         Code  Gb  frexp.o [7]
__iar_frexp64            0x800'120b         Code  Gb  frexp.o [7]
__iar_frexpl             0x800'1217         Code  Gb  frexp.o [7]
__iar_globLocale        0x2000'02dc   0x48  Data  Lc  xlocale_c.o [6]
__iar_global_Locale      0x800'1825    0x4  Code  Gb  xlocale_c.o [6]
__iar_ldexp64            0x800'1299         Code  Gb  ldexp.o [7]
__iar_lz77_init_single3
                         0x800'10c7   0x7e  Code  Gb  lz77_init_single.o [8]
__iar_program_start      0x800'4431         Code  Gb  cstartup_M.o [8]
__iar_scalbln64          0x800'1299         Code  Gb  ldexp.o [7]
__iar_scalbn64           0x800'1299         Code  Gb  ldexp.o [7]
__iar_small_Memset4_word
                         0x800'2b75         Code  Gb  ABImemset_small.o [8]
__iar_small_Memset_word
                         0x800'2b75         Code  Gb  ABImemset_small.o [8]
__iar_small_idiv         0x800'1545         Code  Gb  I32DivMod.o [8]
__iar_small_idivmod      0x800'1545         Code  Gb  I32DivMod.o [8]
__iar_small_memclr       0x800'2b71         Code  Gb  ABImemset_small.o [8]
__iar_small_memclr4      0x800'2b71         Code  Gb  ABImemset_small.o [8]
__iar_small_memclr8      0x800'2b71         Code  Gb  ABImemset_small.o [8]
__iar_small_memset       0x800'2b75         Code  Gb  ABImemset_small.o [8]
__iar_small_memset4      0x800'2b75         Code  Gb  ABImemset_small.o [8]
__iar_small_memset8      0x800'2b75         Code  Gb  ABImemset_small.o [8]
__iar_small_strcmp       0x800'2f51         Code  Gb  strcmp_small.o [8]
__iar_small_uidiv        0x800'156d         Code  Gb  I32DivMod.o [8]
__iar_small_uidivmod     0x800'156d         Code  Gb  I32DivMod.o [8]
__iar_zero_init3         0x800'42cd   0x3c  Code  Gb  zero_init3.o [8]
__low_level_init         0x800'4417    0x4  Code  Gb  low_level_init.o [6]
__vector_table           0x800'0000         Data  Gb  startup_stm32g070xx.o [1]
_call_main               0x800'4405         Code  Gb  cmain.o [8]
_exit                    0x800'4425         Code  Gb  cexit.o [8]
abort                    0x800'18b5    0xa  Code  Gb  abort.o [6]
atof                     0x800'33a9    0xe  Code  Gb  strto64.o [7]
atoi                     0x800'3571    0x4  Code  Gb  iar_Stoulx.o [6]
checksum                0x2000'03cb    0x1  Data  Gb  serial_user.o [3]
digits                   0x800'42a4   0x28  Data  Lc  iar_Stoulx.o [6]
exit                     0x800'441b    0x8  Code  Gb  exit.o [6]
frexp                    0x800'120b         Code  Gb  frexp.o [7]
frexpl                   0x800'120b         Code  Gb  frexp.o [7]
gpsMsg                  0x2000'0398   0x30  Data  Gb  serial_user.o [3]
huart1                  0x2000'0174   0x90  Data  Gb  main.o [2]
huart2                  0x2000'0204   0x90  Data  Gb  main.o [2]
hundred_mS_Counter      0x2000'032c    0x2  Data  Gb  stm32g0xx_it.o [2]
hundred_mS_Flag         0x2000'0326    0x1  Data  Gb  stm32g0xx_it.o [2]
inPacket                0x2000'0030    0x1  Data  Gb  serial_user.o [3]
isGPGGA                 0x2000'0033    0x1  Data  Gb  serial_user.o [3]
isalpha                  0x800'3b61   0x12  Code  Gb  isalpha.o [6]
isspace                  0x800'3b3d   0x12  Code  Gb  isspace.o [6]
latitudeNegMsgFormat    0x2000'00c4   0x20  Data  Gb  serial_user.o [3]
latitudePosMsgFormat    0x2000'00a4   0x20  Data  Gb  serial_user.o [3]
ldexp                    0x800'1299         Code  Gb  ldexp.o [7]
ldexpl                   0x800'1299         Code  Gb  ldexp.o [7]
localeconv               0x800'1829    0x4  Code  Gb  xlocale_c.o [6]
longitudeNegMsgFormat   0x2000'0104   0x20  Data  Gb  serial_user.o [3]
longitudePosMsgFormat   0x2000'00e4   0x20  Data  Gb  serial_user.o [3]
main                     0x800'3b75  0x1fe  Code  Gb  main.o [2]
memchr                   0x800'11a5         Code  Gb  memchr.o [8]
memset                   0x800'28fd   0x14  Code  Gb  memset.o [8]
msgIDBuff               0x2000'009c    0x8  Data  Gb  serial_user.o [3]
msgIDBuffIndex          0x2000'0032    0x1  Data  Gb  serial_user.o [3]
ndigs                    0x800'427c   0x28  Data  Lc  iar_Stoulx.o [6]
nextPacketChar          0x2000'0031    0x1  Data  Gb  serial_user.o [3]
nextSerialRx2Proc       0x2000'03e3    0x1  Data  Gb  Serial.o [3]
nextSerialRxIn          0x2000'03e2    0x1  Data  Gb  Serial.o [3]
nextSerialTxIn          0x2000'03e1    0x1  Data  Gb  Serial.o [3]
nextSerialTxOut         0x2000'03e0    0x1  Data  Gb  Serial.o [3]
one_S_Counter           0x2000'032e    0x2  Data  Gb  stm32g0xx_it.o [2]
one_S_Flag              0x2000'0327    0x1  Data  Gb  stm32g0xx_it.o [2]
packetBuffer            0x2000'0038   0x64  Data  Gb  serial_user.o [3]
packetValid             0x2000'03c8    0x1  Data  Gb  serial_user.o [3]
pows                     0x800'4308   0x48  Data  Lc  strto64.o [7]
processPacket           0x2000'03e4    0x1  Data  Gb  serial_user.o [3]
rxBuffer                0x2000'0330   0x34  Data  Gb  Serial.o [3]
scalbln                  0x800'1299         Code  Gb  ldexp.o [7]
scalblnl                 0x800'1299         Code  Gb  ldexp.o [7]
scalbn                   0x800'1299         Code  Gb  ldexp.o [7]
scalbnl                  0x800'1299         Code  Gb  ldexp.o [7]
scale                    0x800'1011   0x44  Code  Lc  xprintffull_nomb.o [6]
sec_hand                0x2000'03dc    0x4  Data  Lc  xfail_s.o [6]
sprintf                  0x800'3049   0x40  Code  Gb  sprintf.o [6]
stateGPGGA              0x2000'03c9    0x1  Data  Gb  serial_user.o [3]
strchr                   0x800'10b5         Code  Gb  strchr.o [8]
strlen                   0x800'118d         Code  Gb  strlen.o [8]
strtod                   0x800'33b7    0xc  Code  Gb  strto64.o [7]
strtol                   0x800'360d    0xa  Code  Gb  iar_Stolx.o [6]
strtold                  0x800'33b7    0xc  Code  Gb  strto64.o [7]
tempBuff                0x2000'03cc   0x10  Data  Gb  serial_user.o [3]
tempBuffIndex           0x2000'03ca    0x1  Data  Gb  serial_user.o [3]
ten_mS_Counter          0x2000'0328    0x2  Data  Gb  stm32g0xx_it.o [2]
ten_mS_Flag             0x2000'0324    0x1  Data  Gb  stm32g0xx_it.o [2]
testArr                 0x2000'0128   0x4c  Data  Gb  main.o [2]
testChecksum            0x2000'0034    0x1  Data  Gb  serial_user.o [3]
testVal                 0x2000'0124    0x1  Data  Gb  main.o [2]
testVal1                0x2000'0125    0x1  Data  Gb  main.o [2]
testVal2                0x2000'0126    0x1  Data  Gb  main.o [2]
testVal3                0x2000'0127    0x1  Data  Gb  main.o [2]
tolower                  0x800'3b4f   0x12  Code  Gb  tolower.o [6]
twentyfive_mS_Counter   0x2000'032a    0x2  Data  Gb  stm32g0xx_it.o [2]
twentyfive_mS_Flag      0x2000'0325    0x1  Data  Gb  stm32g0xx_it.o [2]
txBuffer                0x2000'0364   0x34  Data  Gb  Serial.o [3]
uwTick                  0x2000'0298    0x4  Data  Gb  stm32g0xx_hal.o [5]
uwTickFreq              0x2000'0294    0x1  Data  Gb  stm32g0xx_hal.o [5]
uwTickPrio              0x2000'029c    0x4  Data  Gb  stm32g0xx_hal.o [5]
validMsg                0x2000'0000   0x30  Data  Gb  serial_user.o [3]


[1] = C:\GitHub\SCU-Work\ELEN_509\ELEN509_HW2_GPS_Recorder_G070\EWARM\ELEN509_HW2_GPS_Recorder_G070\Obj\Application\EWARM
[2] = C:\GitHub\SCU-Work\ELEN_509\ELEN509_HW2_GPS_Recorder_G070\EWARM\ELEN509_HW2_GPS_Recorder_G070\Obj\Application\User\Core
[3] = C:\GitHub\SCU-Work\ELEN_509\ELEN509_HW2_GPS_Recorder_G070\EWARM\ELEN509_HW2_GPS_Recorder_G070\Obj\Application\User\Modules
[4] = C:\GitHub\SCU-Work\ELEN_509\ELEN509_HW2_GPS_Recorder_G070\EWARM\ELEN509_HW2_GPS_Recorder_G070\Obj\Drivers\CMSIS
[5] = C:\GitHub\SCU-Work\ELEN_509\ELEN509_HW2_GPS_Recorder_G070\EWARM\ELEN509_HW2_GPS_Recorder_G070\Obj\Drivers\STM32G0xx_HAL_Driver
[6] = dl6M_tlf.a
[7] = m6M_tl.a
[8] = rt6M_tl.a
[9] = shb_l.a

  17'144 bytes of readonly  code memory
     589 bytes of readonly  data memory
   2'021 bytes of readwrite data memory

Errors: none
Warnings: none
