###############################################################################
#
# IAR ELF Linker V9.10.2.313/W64 for ARM                  07/Nov/2021  13:29:43
# Copyright 2007-2021 IAR Systems AB.
#
#    Output file  =
#        C:\GitHub\SCU-Work\ELEN_460\ELEN460_HW6\EWARM\ELEN460_HW6\Exe\ELEN460_HW6.out
#    Map file     =
#        C:\GitHub\SCU-Work\ELEN_460\ELEN460_HW6\EWARM\ELEN460_HW6\List\ELEN460_HW6.map
#    Command line =
#        -f
#        C:\GitHub\SCU-Work\ELEN_460\ELEN460_HW6\EWARM\ELEN460_HW6\Exe\ELEN460_HW6.out.rsp
#        (C:\GitHub\SCU-Work\ELEN_460\ELEN460_HW6\EWARM\ELEN460_HW6\Obj\Application\User\Core\main.o
#        C:\GitHub\SCU-Work\ELEN_460\ELEN460_HW6\EWARM\ELEN460_HW6\Obj\Application\EWARM\startup_stm32l412xx.o
#        C:\GitHub\SCU-Work\ELEN_460\ELEN460_HW6\EWARM\ELEN460_HW6\Obj\Drivers\STM32L4xx_HAL_Driver\stm32l4xx_hal.o
#        C:\GitHub\SCU-Work\ELEN_460\ELEN460_HW6\EWARM\ELEN460_HW6\Obj\Drivers\STM32L4xx_HAL_Driver\stm32l4xx_hal_adc.o
#        C:\GitHub\SCU-Work\ELEN_460\ELEN460_HW6\EWARM\ELEN460_HW6\Obj\Drivers\STM32L4xx_HAL_Driver\stm32l4xx_hal_adc_ex.o
#        C:\GitHub\SCU-Work\ELEN_460\ELEN460_HW6\EWARM\ELEN460_HW6\Obj\Drivers\STM32L4xx_HAL_Driver\stm32l4xx_hal_cortex.o
#        C:\GitHub\SCU-Work\ELEN_460\ELEN460_HW6\EWARM\ELEN460_HW6\Obj\Drivers\STM32L4xx_HAL_Driver\stm32l4xx_hal_dma.o
#        C:\GitHub\SCU-Work\ELEN_460\ELEN460_HW6\EWARM\ELEN460_HW6\Obj\Drivers\STM32L4xx_HAL_Driver\stm32l4xx_hal_dma_ex.o
#        C:\GitHub\SCU-Work\ELEN_460\ELEN460_HW6\EWARM\ELEN460_HW6\Obj\Drivers\STM32L4xx_HAL_Driver\stm32l4xx_hal_exti.o
#        C:\GitHub\SCU-Work\ELEN_460\ELEN460_HW6\EWARM\ELEN460_HW6\Obj\Drivers\STM32L4xx_HAL_Driver\stm32l4xx_hal_flash.o
#        C:\GitHub\SCU-Work\ELEN_460\ELEN460_HW6\EWARM\ELEN460_HW6\Obj\Drivers\STM32L4xx_HAL_Driver\stm32l4xx_hal_flash_ex.o
#        C:\GitHub\SCU-Work\ELEN_460\ELEN460_HW6\EWARM\ELEN460_HW6\Obj\Drivers\STM32L4xx_HAL_Driver\stm32l4xx_hal_flash_ramfunc.o
#        C:\GitHub\SCU-Work\ELEN_460\ELEN460_HW6\EWARM\ELEN460_HW6\Obj\Drivers\STM32L4xx_HAL_Driver\stm32l4xx_hal_gpio.o
#        C:\GitHub\SCU-Work\ELEN_460\ELEN460_HW6\EWARM\ELEN460_HW6\Obj\Drivers\STM32L4xx_HAL_Driver\stm32l4xx_hal_i2c.o
#        C:\GitHub\SCU-Work\ELEN_460\ELEN460_HW6\EWARM\ELEN460_HW6\Obj\Drivers\STM32L4xx_HAL_Driver\stm32l4xx_hal_i2c_ex.o
#        C:\GitHub\SCU-Work\ELEN_460\ELEN460_HW6\EWARM\ELEN460_HW6\Obj\Application\User\Core\stm32l4xx_hal_msp.o
#        C:\GitHub\SCU-Work\ELEN_460\ELEN460_HW6\EWARM\ELEN460_HW6\Obj\Drivers\STM32L4xx_HAL_Driver\stm32l4xx_hal_pwr.o
#        C:\GitHub\SCU-Work\ELEN_460\ELEN460_HW6\EWARM\ELEN460_HW6\Obj\Drivers\STM32L4xx_HAL_Driver\stm32l4xx_hal_pwr_ex.o
#        C:\GitHub\SCU-Work\ELEN_460\ELEN460_HW6\EWARM\ELEN460_HW6\Obj\Drivers\STM32L4xx_HAL_Driver\stm32l4xx_hal_rcc.o
#        C:\GitHub\SCU-Work\ELEN_460\ELEN460_HW6\EWARM\ELEN460_HW6\Obj\Drivers\STM32L4xx_HAL_Driver\stm32l4xx_hal_rcc_ex.o
#        C:\GitHub\SCU-Work\ELEN_460\ELEN460_HW6\EWARM\ELEN460_HW6\Obj\Drivers\STM32L4xx_HAL_Driver\stm32l4xx_hal_tim.o
#        C:\GitHub\SCU-Work\ELEN_460\ELEN460_HW6\EWARM\ELEN460_HW6\Obj\Drivers\STM32L4xx_HAL_Driver\stm32l4xx_hal_tim_ex.o
#        C:\GitHub\SCU-Work\ELEN_460\ELEN460_HW6\EWARM\ELEN460_HW6\Obj\Application\User\Core\stm32l4xx_it.o
#        C:\GitHub\SCU-Work\ELEN_460\ELEN460_HW6\EWARM\ELEN460_HW6\Obj\Drivers\CMSIS\system_stm32l4xx.o
#        --no_out_extension -o
#        C:\GitHub\SCU-Work\ELEN_460\ELEN460_HW6\EWARM\ELEN460_HW6\Exe\ELEN460_HW6.out
#        --redirect _Printf=_PrintfFullNoMb --redirect _Scanf=_ScanfFullNoMb
#        --map
#        C:\GitHub\SCU-Work\ELEN_460\ELEN460_HW6\EWARM\ELEN460_HW6\List\ELEN460_HW6.map
#        --config
#        C:\GitHub\SCU-Work\ELEN_460\ELEN460_HW6\EWARM/stm32l412xx_flash.icf
#        --semihosting --entry __iar_program_start --vfe --text_out locale)
#
###############################################################################

*******************************************************************************
*** RUNTIME MODEL ATTRIBUTES
***

CppFlavor       = *
__SystemLibrary = DLib
__dlib_version  = 6


*******************************************************************************
*** HEAP SELECTION
***

The basic heap was selected because some modules are built with
size limitations (and not runtime checking), and --advanced_heap
was not specified.


*******************************************************************************
*** PLACEMENT SUMMARY
***

"A0":  place at address 0x800'0000 { ro section .intvec };
"P1":  place in [from 0x800'0000 to 0x801'ffff] { ro };
define block CSTACK with size = 1K, alignment = 8 { };
define block HEAP with size = 512, alignment = 8 { };
"P2":  place in [from 0x2000'0000 to 0x2000'9fff] {
          rw, block CSTACK, block HEAP };
initialize by copy { rw };

  Section            Kind         Address    Size  Object
  -------            ----         -------    ----  ------
"A0":                                       0x18c
  .intvec            ro code   0x800'0000   0x18c  startup_stm32l412xx.o [1]
                             - 0x800'018c   0x18c

"P1":                                      0x3b98
  .text              ro code   0x800'018c   0xdd0  stm32l4xx_hal_adc.o [4]
  .text              ro code   0x800'0f5c   0x164  stm32l4xx_hal_msp.o [2]
  .text              ro code   0x800'10c0     0x2  stm32l4xx_hal_adc_ex.o [4]
  .text              ro code   0x800'10c2     0x2  stm32l4xx_hal_adc.o [4]
  .text              ro code   0x800'10c4     0x2  stm32l4xx_hal_adc_ex.o [4]
  .text              ro code   0x800'10c6     0x2  stm32l4xx_hal_adc.o [4]
  .text              ro code   0x800'10c8     0x2  stm32l4xx_hal_adc_ex.o [4]
  .text              ro code   0x800'10ca     0x2  stm32l4xx_hal_adc_ex.o [4]
  .text              ro code   0x800'10cc     0x2  stm32l4xx_hal_adc.o [4]
  .text              ro code   0x800'10ce     0x2  stm32l4xx_hal_adc_ex.o [4]
  .text              ro code   0x800'10d0     0xc  stm32l4xx_hal.o [4]
  .text              ro code   0x800'10dc    0x14  memset.o [7]
  .text              ro code   0x800'10f0   0x290  stm32l4xx_hal_rcc_ex.o [4]
  .text              ro code   0x800'1380   0x6f0  main.o [2]
  .text              ro code   0x800'1a70   0x200  stm32l4xx_hal_gpio.o [4]
  .text              ro code   0x800'1c70   0x160  stm32l4xx_hal_cortex.o [4]
  .text              ro code   0x800'1dd0    0x66  ABImemset.o [7]
  .text              ro code   0x800'1e36    0x2a  copy_init3.o [7]
  .text              ro code   0x800'1e60    0x24  stm32l4xx_hal.o [4]
  .text              ro code   0x800'1e84   0x868  stm32l4xx_hal_tim.o [4]
  .text              ro code   0x800'26ec    0x1c  U32ToDbl.o [6]
  .text              ro code   0x800'2708   0x246  DblDiv.o [6]
  .text              ro code   0x800'2950   0x1aa  DblMul.o [6]
  .text              ro code   0x800'2afc    0x68  DblToFlt.o [6]
  .text              ro code   0x800'2b64    0xa8  stm32l4xx_hal_pwr_ex.o [4]
  .text              ro code   0x800'2c0c   0xab8  stm32l4xx_hal_rcc.o [4]
  .text              ro code   0x800'36c4   0x118  stm32l4xx_hal_adc_ex.o [4]
  .text              ro code   0x800'37dc   0x10c  stm32l4xx_hal_tim_ex.o [4]
  .text              ro code   0x800'38e8    0x64  stm32l4xx_hal.o [4]
  .text              ro code   0x800'394c     0x2  stm32l4xx_hal_tim.o [4]
  .text              ro code   0x800'394e     0x2  stm32l4xx_hal_tim.o [4]
  .text              ro code   0x800'3950     0x2  stm32l4xx_hal_tim.o [4]
  .text              ro code   0x800'3952     0x2  stm32l4xx_hal_tim.o [4]
  .text              ro code   0x800'3954     0x2  stm32l4xx_hal_tim_ex.o [4]
  .text              ro code   0x800'3956     0x2  stm32l4xx_hal_tim_ex.o [4]
  .text              ro code   0x800'3958     0x2  stm32l4xx_hal_tim.o [4]
  .text              ro code   0x800'395a     0x2  stm32l4xx_hal_tim_ex.o [4]
  .text              ro code   0x800'395c   0x104  stm32l4xx_it.o [2]
  .text              ro code   0x800'3a60    0x18  stm32l4xx_hal.o [4]
  .text              ro code   0x800'3a78    0x60  system_stm32l4xx.o [3]
  .text              ro code   0x800'3ad8    0x38  zero_init3.o [7]
  .rodata            const     0x800'3b10    0x30  system_stm32l4xx.o [3]
  .text              ro code   0x800'3b40    0x28  data_init.o [7]
  .text              ro code   0x800'3b68    0x22  fpinit_M.o [6]
  .iar.init_table    const     0x800'3b8c    0x24  - Linker created -
  .text              ro code   0x800'3bb0    0x1e  cmain.o [7]
  .text              ro code   0x800'3bce     0x4  low_level_init.o [5]
  .text              ro code   0x800'3bd2     0x4  exit.o [5]
  .text              ro code   0x800'3bd8     0xa  cexit.o [7]
  .text              ro code   0x800'3be4    0x14  exit.o [8]
  .text              ro code   0x800'3bf8    0x1c  cstartup_M.o [7]
  Initializer bytes  const     0x800'3c14    0x18  <for P2-1>
  .rodata            const     0x800'3c2c    0x10  system_stm32l4xx.o [3]
  .text              ro code   0x800'3c3c    0x10  startup_stm32l412xx.o [1]
  .text              ro code   0x800'3c4c     0x4  startup_stm32l412xx.o [1]
  .text              ro code   0x800'3c50     0x4  startup_stm32l412xx.o [1]
  .text              ro code   0x800'3c54     0x4  startup_stm32l412xx.o [1]
  .text              ro code   0x800'3c58     0x4  startup_stm32l412xx.o [1]
  .text              ro code   0x800'3c5c     0x4  startup_stm32l412xx.o [1]
  .text              ro code   0x800'3c60     0x4  startup_stm32l412xx.o [1]
  .text              ro code   0x800'3c64     0x4  startup_stm32l412xx.o [1]
  .text              ro code   0x800'3c68     0x4  startup_stm32l412xx.o [1]
  .text              ro code   0x800'3c6c     0x4  startup_stm32l412xx.o [1]
  .text              ro code   0x800'3c70     0x4  startup_stm32l412xx.o [1]
  .text              ro code   0x800'3c74     0x4  startup_stm32l412xx.o [1]
  .text              ro code   0x800'3c78     0x4  startup_stm32l412xx.o [1]
  .text              ro code   0x800'3c7c     0x4  startup_stm32l412xx.o [1]
  .text              ro code   0x800'3c80     0x4  startup_stm32l412xx.o [1]
  .text              ro code   0x800'3c84     0x4  startup_stm32l412xx.o [1]
  .text              ro code   0x800'3c88     0x4  startup_stm32l412xx.o [1]
  .text              ro code   0x800'3c8c     0x4  startup_stm32l412xx.o [1]
  .text              ro code   0x800'3c90     0x4  startup_stm32l412xx.o [1]
  .text              ro code   0x800'3c94     0x4  startup_stm32l412xx.o [1]
  .text              ro code   0x800'3c98     0x4  startup_stm32l412xx.o [1]
  .text              ro code   0x800'3c9c     0x4  startup_stm32l412xx.o [1]
  .text              ro code   0x800'3ca0     0x4  startup_stm32l412xx.o [1]
  .text              ro code   0x800'3ca4     0x4  startup_stm32l412xx.o [1]
  .text              ro code   0x800'3ca8     0x4  startup_stm32l412xx.o [1]
  .text              ro code   0x800'3cac     0x4  startup_stm32l412xx.o [1]
  .text              ro code   0x800'3cb0     0x4  startup_stm32l412xx.o [1]
  .text              ro code   0x800'3cb4     0x4  startup_stm32l412xx.o [1]
  .text              ro code   0x800'3cb8     0x4  startup_stm32l412xx.o [1]
  .text              ro code   0x800'3cbc     0x4  startup_stm32l412xx.o [1]
  .text              ro code   0x800'3cc0     0x4  startup_stm32l412xx.o [1]
  .text              ro code   0x800'3cc4     0x4  startup_stm32l412xx.o [1]
  .text              ro code   0x800'3cc8     0x4  startup_stm32l412xx.o [1]
  .text              ro code   0x800'3ccc     0x4  startup_stm32l412xx.o [1]
  .text              ro code   0x800'3cd0     0x4  startup_stm32l412xx.o [1]
  .text              ro code   0x800'3cd4     0x4  startup_stm32l412xx.o [1]
  .text              ro code   0x800'3cd8     0x4  startup_stm32l412xx.o [1]
  .text              ro code   0x800'3cdc     0x4  startup_stm32l412xx.o [1]
  .text              ro code   0x800'3ce0     0x4  startup_stm32l412xx.o [1]
  .text              ro code   0x800'3ce4     0x4  startup_stm32l412xx.o [1]
  .text              ro code   0x800'3ce8     0x4  startup_stm32l412xx.o [1]
  .text              ro code   0x800'3cec     0x4  startup_stm32l412xx.o [1]
  .text              ro code   0x800'3cf0     0x4  startup_stm32l412xx.o [1]
  .text              ro code   0x800'3cf4     0x4  startup_stm32l412xx.o [1]
  .text              ro code   0x800'3cf8     0x4  startup_stm32l412xx.o [1]
  .text              ro code   0x800'3cfc     0x4  startup_stm32l412xx.o [1]
  .text              ro code   0x800'3d00     0x4  startup_stm32l412xx.o [1]
  .text              ro code   0x800'3d04     0x4  startup_stm32l412xx.o [1]
  .text              ro code   0x800'3d08     0x4  startup_stm32l412xx.o [1]
  .text              ro code   0x800'3d0c     0x4  startup_stm32l412xx.o [1]
  .text              ro code   0x800'3d10     0x4  startup_stm32l412xx.o [1]
  .text              ro code   0x800'3d14     0x4  startup_stm32l412xx.o [1]
  .text              ro code   0x800'3d18     0x4  startup_stm32l412xx.o [1]
  .text              ro code   0x800'3d1c     0x4  startup_stm32l412xx.o [1]
  .text              ro code   0x800'3d20     0x4  startup_stm32l412xx.o [1]
  .rodata            const     0x800'3d24     0x0  zero_init3.o [7]
  .rodata            const     0x800'3d24     0x0  copy_init3.o [7]
                             - 0x800'3d24  0x3b98

"P2", part 1 of 3:                           0x18
  P2-1                        0x2000'0000    0x16  <Init block>
    .data            inited   0x2000'0000     0x4  stm32l4xx_hal.o [4]
    .data            inited   0x2000'0004     0x4  system_stm32l4xx.o [3]
    .data            inited   0x2000'0008     0x2  stm32l4xx_it.o [2]
    .data            inited   0x2000'000a     0x2  stm32l4xx_it.o [2]
    .data            inited   0x2000'000c     0x2  stm32l4xx_it.o [2]
    .data            inited   0x2000'000e     0x2  stm32l4xx_it.o [2]
    .data            inited   0x2000'0010     0x2  stm32l4xx_it.o [2]
    .data            inited   0x2000'0012     0x1  main.o [2]
    .data            inited   0x2000'0013     0x1  main.o [2]
    .data            inited   0x2000'0014     0x1  main.o [2]
    .data            inited   0x2000'0015     0x1  stm32l4xx_hal.o [4]
                            - 0x2000'0016    0x16

"P2", part 2 of 3:                           0xc8
  .bss               zero     0x2000'0018    0x64  main.o [2]
  .bss               zero     0x2000'007c    0x4c  main.o [2]
  .bss               zero     0x2000'00c8     0x4  main.o [2]
  .bss               zero     0x2000'00cc     0x4  stm32l4xx_hal.o [4]
  .bss               zero     0x2000'00d0     0x2  main.o [2]
  .bss               zero     0x2000'00d2     0x2  main.o [2]
  .bss               zero     0x2000'00d4     0x1  main.o [2]
  .bss               zero     0x2000'00d5     0x1  main.o [2]
  .bss               zero     0x2000'00d6     0x1  main.o [2]
  .bss               zero     0x2000'00d7     0x1  main.o [2]
  .bss               zero     0x2000'00d8     0x1  stm32l4xx_it.o [2]
  .bss               zero     0x2000'00d9     0x1  stm32l4xx_it.o [2]
  .bss               zero     0x2000'00da     0x1  stm32l4xx_it.o [2]
  .bss               zero     0x2000'00db     0x1  stm32l4xx_it.o [2]
  .bss               zero     0x2000'00dc     0x1  stm32l4xx_it.o [2]
                            - 0x2000'00dd    0xc5

"P2", part 3 of 3:                          0x400
  CSTACK                      0x2000'00e0   0x400  <Block>
    CSTACK           uninit   0x2000'00e0   0x400  <Block tail>
                            - 0x2000'04e0   0x400

Unused ranges:

         From           To      Size
         ----           --      ----
   0x800'3d24   0x801'ffff  0x1'c2dc
  0x2000'04e0  0x2000'9fff    0x9b20


*******************************************************************************
*** INIT TABLE
***

          Address      Size
          -------      ----
Zero (__iar_zero_init3)
    1 destination range, total size 0xc5:
          0x2000'0018  0xc5

Copy (__iar_copy_init3)
    1 source range, total size 0x18 (109% of destination):
           0x800'3c14  0x18
    1 destination range, total size 0x16:
          0x2000'0000  0x16



*******************************************************************************
*** MODULE SUMMARY
***

    Module                  ro code  ro data  rw data
    ------                  -------  -------  -------
command line/config:
    -------------------------------------------------
    Total:

C:\GitHub\SCU-Work\ELEN_460\ELEN460_HW6\EWARM\ELEN460_HW6\Obj\Application\EWARM: [1]
    startup_stm32l412xx.o       628
    -------------------------------------------------
    Total:                      628

C:\GitHub\SCU-Work\ELEN_460\ELEN460_HW6\EWARM\ELEN460_HW6\Obj\Application\User\Core: [2]
    main.o                    1'776        3      191
    stm32l4xx_hal_msp.o         356
    stm32l4xx_it.o              260       10       15
    -------------------------------------------------
    Total:                    2'392       13      206

C:\GitHub\SCU-Work\ELEN_460\ELEN460_HW6\EWARM\ELEN460_HW6\Obj\Drivers\CMSIS: [3]
    system_stm32l4xx.o           96       68        4
    -------------------------------------------------
    Total:                       96       68        4

C:\GitHub\SCU-Work\ELEN_460\ELEN460_HW6\EWARM\ELEN460_HW6\Obj\Drivers\STM32L4xx_HAL_Driver: [4]
    stm32l4xx_hal.o             172        5        9
    stm32l4xx_hal_adc.o       3'542
    stm32l4xx_hal_adc_ex.o      290
    stm32l4xx_hal_cortex.o      352
    stm32l4xx_hal_gpio.o        512
    stm32l4xx_hal_pwr_ex.o      168
    stm32l4xx_hal_rcc.o       2'744
    stm32l4xx_hal_rcc_ex.o      656
    stm32l4xx_hal_tim.o       2'162
    stm32l4xx_hal_tim_ex.o      274
    -------------------------------------------------
    Total:                   10'872        5        9

dl7M_tln.a: [5]
    exit.o                        4
    low_level_init.o              4
    -------------------------------------------------
    Total:                        8

m7M_tls.a: [6]
    DblDiv.o                    582
    DblMul.o                    426
    DblToFlt.o                  104
    U32ToDbl.o                   28
    fpinit_M.o                   34
    -------------------------------------------------
    Total:                    1'174

rt7M_tl.a: [7]
    ABImemset.o                 102
    cexit.o                      10
    cmain.o                      30
    copy_init3.o                 42
    cstartup_M.o                 28
    data_init.o                  40
    memset.o                     20
    zero_init3.o                 56
    -------------------------------------------------
    Total:                      328

shb_l.a: [8]
    exit.o                       20
    -------------------------------------------------
    Total:                       20

    Gaps                          8        2
    Linker created                        38    1'024
-----------------------------------------------------
    Grand Total:             15'526      126    1'243


*******************************************************************************
*** ENTRY LIST
***

Entry                       Address   Size  Type      Object
-----                       -------   ----  ----      ------
.iar.init_table$$Base    0x800'3b8c          --   Gb  - Linker created -
.iar.init_table$$Limit   0x800'3bb0          --   Gb  - Linker created -
?main                    0x800'3bb1         Code  Gb  cmain.o [7]
ADC1_2_IRQHandler        0x800'3a0f   0x14  Code  Gb  stm32l4xx_it.o [2]
ADC_Enable               0x800'0ee1   0x7c  Code  Gb  stm32l4xx_hal_adc.o [4]
AHBPrescTable            0x800'3c2c   0x10  Data  Gb  system_stm32l4xx.o [3]
BusFault_Handler         0x800'3963    0x2  Code  Gb  stm32l4xx_it.o [2]
CSTACK$$Base            0x2000'00e0          --   Gb  - Linker created -
CSTACK$$Limit           0x2000'04e0          --   Gb  - Linker created -
DebugMon_Handler         0x800'3969    0x2  Code  Gb  stm32l4xx_it.o [2]
Error_Handler            0x800'1a6d    0x4  Code  Gb  main.o [2]
HAL_ADCEx_EndOfSamplingCallback
                         0x800'10c1    0x2  Code  Gb  stm32l4xx_hal_adc_ex.o [4]
HAL_ADCEx_InjectedConvCpltCallback
                         0x800'10c5    0x2  Code  Gb  stm32l4xx_hal_adc_ex.o [4]
HAL_ADCEx_InjectedQueueOverflowCallback
                         0x800'10cf    0x2  Code  Gb  stm32l4xx_hal_adc_ex.o [4]
HAL_ADCEx_LevelOutOfWindow2Callback
                         0x800'10c9    0x2  Code  Gb  stm32l4xx_hal_adc_ex.o [4]
HAL_ADCEx_LevelOutOfWindow3Callback
                         0x800'10cb    0x2  Code  Gb  stm32l4xx_hal_adc_ex.o [4]
HAL_ADCEx_MultiModeConfigChannel
                         0x800'36d7   0xf2  Code  Gb  stm32l4xx_hal_adc_ex.o [4]
HAL_ADC_ConfigChannel    0x800'09e5  0x4d2  Code  Gb  stm32l4xx_hal_adc.o [4]
HAL_ADC_ConvCpltCallback
                         0x800'10c3    0x2  Code  Gb  stm32l4xx_hal_adc.o [4]
HAL_ADC_ErrorCallback    0x800'10cd    0x2  Code  Gb  stm32l4xx_hal_adc.o [4]
HAL_ADC_GetValue         0x800'06f5    0x6  Code  Gb  stm32l4xx_hal_adc.o [4]
HAL_ADC_IRQHandler       0x800'06fb  0x2e4  Code  Gb  stm32l4xx_hal_adc.o [4]
HAL_ADC_Init             0x800'032b  0x1ee  Code  Gb  stm32l4xx_hal_adc.o [4]
HAL_ADC_LevelOutOfWindowCallback
                         0x800'10c7    0x2  Code  Gb  stm32l4xx_hal_adc.o [4]
HAL_ADC_MspInit          0x800'0f93   0x8e  Code  Gb  stm32l4xx_hal_msp.o [2]
HAL_ADC_Start_IT         0x800'0519  0x1ae  Code  Gb  stm32l4xx_hal_adc.o [4]
HAL_GPIO_Init            0x800'1a71  0x1ae  Code  Gb  stm32l4xx_hal_gpio.o [4]
HAL_GPIO_ReadPin         0x800'1c1f   0x16  Code  Gb  stm32l4xx_hal_gpio.o [4]
HAL_GPIO_WritePin        0x800'1c35   0x18  Code  Gb  stm32l4xx_hal_gpio.o [4]
HAL_GetTick              0x800'10d1    0xc  Code  Gb  stm32l4xx_hal.o [4]
HAL_IncTick              0x800'3a61   0x18  Code  Gb  stm32l4xx_hal.o [4]
HAL_Init                 0x800'1e61   0x24  Code  Gb  stm32l4xx_hal.o [4]
HAL_InitTick             0x800'38e9   0x64  Code  Gb  stm32l4xx_hal.o [4]
HAL_MspInit              0x800'0f5d   0x36  Code  Gb  stm32l4xx_hal_msp.o [2]
HAL_NVIC_EnableIRQ       0x800'1d95    0xe  Code  Gb  stm32l4xx_hal_cortex.o [4]
HAL_NVIC_SetPriority     0x800'1d6b   0x2a  Code  Gb  stm32l4xx_hal_cortex.o [4]
HAL_NVIC_SetPriorityGrouping
                         0x800'1d5f    0xc  Code  Gb  stm32l4xx_hal_cortex.o [4]
HAL_PWREx_ControlVoltageScaling
                         0x800'2b71   0x8a  Code  Gb  stm32l4xx_hal_pwr_ex.o [4]
HAL_PWREx_GetVoltageRange
                         0x800'2b65    0xc  Code  Gb  stm32l4xx_hal_pwr_ex.o [4]
HAL_RCCEx_PeriphCLKConfig
                         0x800'10f1  0x27a  Code  Gb  stm32l4xx_hal_rcc_ex.o [4]
HAL_RCC_ClockConfig      0x800'33af  0x15e  Code  Gb  stm32l4xx_hal_rcc.o [4]
HAL_RCC_GetSysClockFreq
                         0x800'350d   0xdc  Code  Gb  stm32l4xx_hal_rcc.o [4]
HAL_RCC_OscConfig        0x800'2c0d  0x7a2  Code  Gb  stm32l4xx_hal_rcc.o [4]
HAL_SYSTICK_Config       0x800'1da3    0xc  Code  Gb  stm32l4xx_hal_cortex.o [4]
HAL_TIMEx_Break2Callback
                         0x800'3957    0x2  Code  Gb  stm32l4xx_hal_tim_ex.o [4]
HAL_TIMEx_BreakCallback
                         0x800'3955    0x2  Code  Gb  stm32l4xx_hal_tim_ex.o [4]
HAL_TIMEx_CommutCallback
                         0x800'395b    0x2  Code  Gb  stm32l4xx_hal_tim_ex.o [4]
HAL_TIMEx_ConfigBreakDeadTime
                         0x800'3853   0x8c  Code  Gb  stm32l4xx_hal_tim_ex.o [4]
HAL_TIMEx_MasterConfigSynchronization
                         0x800'37dd   0x76  Code  Gb  stm32l4xx_hal_tim_ex.o [4]
HAL_TIM_IC_CaptureCallback
                         0x800'394d    0x2  Code  Gb  stm32l4xx_hal_tim.o [4]
HAL_TIM_IRQHandler       0x800'2109  0x194  Code  Gb  stm32l4xx_hal_tim.o [4]
HAL_TIM_MspPostInit      0x800'1057   0x52  Code  Gb  stm32l4xx_hal_msp.o [2]
HAL_TIM_OC_DelayElapsedCallback
                         0x800'394f    0x2  Code  Gb  stm32l4xx_hal_tim.o [4]
HAL_TIM_PWM_ConfigChannel
                         0x800'229d  0x15a  Code  Gb  stm32l4xx_hal_tim.o [4]
HAL_TIM_PWM_Init         0x800'1e85   0x7a  Code  Gb  stm32l4xx_hal_tim.o [4]
HAL_TIM_PWM_MspInit      0x800'1021   0x36  Code  Gb  stm32l4xx_hal_msp.o [2]
HAL_TIM_PWM_PulseFinishedCallback
                         0x800'3951    0x2  Code  Gb  stm32l4xx_hal_tim.o [4]
HAL_TIM_PWM_Start        0x800'1eff  0x120  Code  Gb  stm32l4xx_hal_tim.o [4]
HAL_TIM_PWM_Stop         0x800'201f   0xd4  Code  Gb  stm32l4xx_hal_tim.o [4]
HAL_TIM_PeriodElapsedCallback
                         0x800'3953    0x2  Code  Gb  stm32l4xx_hal_tim.o [4]
HAL_TIM_TriggerCallback
                         0x800'3959    0x2  Code  Gb  stm32l4xx_hal_tim.o [4]
HardFault_Handler        0x800'395f    0x2  Code  Gb  stm32l4xx_it.o [2]
LL_ADC_DisableDeepPowerDown
                         0x800'02bf    0xc  Code  Lc  stm32l4xx_hal_adc.o [4]
LL_ADC_Enable            0x800'02ef   0x10  Code  Lc  stm32l4xx_hal_adc.o [4]
LL_ADC_EnableInternalRegulator
                         0x800'02d5   0x10  Code  Lc  stm32l4xx_hal_adc.o [4]
LL_ADC_GetCommonPathInternalCh
                         0x800'01a5    0x8  Code  Lc  stm32l4xx_hal_adc.o [4]
LL_ADC_GetMultiDMATransfer
                         0x800'02b7    0x8  Code  Lc  stm32l4xx_hal_adc.o [4]
LL_ADC_GetMultimode      0x800'02af    0x8  Code  Lc  stm32l4xx_hal_adc.o [4]
LL_ADC_GetOffsetChannel
                         0x800'01d1   0x12  Code  Lc  stm32l4xx_hal_adc.o [4]
LL_ADC_INJ_IsConversionOngoing
                         0x800'0321    0xa  Code  Lc  stm32l4xx_hal_adc.o [4]
LL_ADC_INJ_IsTriggerSourceSWStart
                         0x800'0245   0x10  Code  Lc  stm32l4xx_hal_adc.o [4]
LL_ADC_IsDeepPowerDownEnabled
                         0x800'02cb    0xa  Code  Lc  stm32l4xx_hal_adc.o [4]
LL_ADC_IsEnabled         0x800'02ff    0x8  Code  Lc  stm32l4xx_hal_adc.o [4]
LL_ADC_IsEnabled         0x800'36c5    0x8  Code  Lc  stm32l4xx_hal_adc_ex.o [4]
LL_ADC_IsInternalRegulatorEnabled
                         0x800'02e5    0xa  Code  Lc  stm32l4xx_hal_adc.o [4]
LL_ADC_REG_IsConversionOngoing
                         0x800'0317    0xa  Code  Lc  stm32l4xx_hal_adc.o [4]
LL_ADC_REG_IsConversionOngoing
                         0x800'36cd    0xa  Code  Lc  stm32l4xx_hal_adc_ex.o [4]
LL_ADC_REG_IsTriggerSourceSWStart
                         0x800'0207   0x10  Code  Lc  stm32l4xx_hal_adc.o [4]
LL_ADC_REG_SetSequencerRanks
                         0x800'0217   0x2e  Code  Lc  stm32l4xx_hal_adc.o [4]
LL_ADC_REG_StartConversion
                         0x800'0307   0x10  Code  Lc  stm32l4xx_hal_adc.o [4]
LL_ADC_SetChannelSamplingTime
                         0x800'0255   0x34  Code  Lc  stm32l4xx_hal_adc.o [4]
LL_ADC_SetChannelSingleDiff
                         0x800'0289   0x26  Code  Lc  stm32l4xx_hal_adc.o [4]
LL_ADC_SetCommonClock    0x800'018d    0xc  Code  Lc  stm32l4xx_hal_adc.o [4]
LL_ADC_SetCommonPathInternalCh
                         0x800'0199    0xc  Code  Lc  stm32l4xx_hal_adc.o [4]
LL_ADC_SetOffset         0x800'01ad   0x24  Code  Lc  stm32l4xx_hal_adc.o [4]
LL_ADC_SetOffsetState    0x800'01e3   0x18  Code  Lc  stm32l4xx_hal_adc.o [4]
LL_ADC_SetSamplingTimeCommonConfig
                         0x800'01fb    0xc  Code  Lc  stm32l4xx_hal_adc.o [4]
MSIRangeTable            0x800'3b10   0x30  Data  Gb  system_stm32l4xx.o [3]
MX_ADC1_Init             0x800'163b   0xe8  Code  Lc  main.o [2]
MX_GPIO_Init             0x800'17fd   0xd8  Code  Lc  main.o [2]
MX_TIM15_Init            0x800'1723   0xda  Code  Lc  main.o [2]
MemManage_Handler        0x800'3961    0x2  Code  Gb  stm32l4xx_it.o [2]
NMI_Handler              0x800'395d    0x2  Code  Gb  stm32l4xx_it.o [2]
NVIC_EncodePriority      0x800'1ced   0x42  Code  Lc  stm32l4xx_hal_cortex.o [4]
PendSV_Handler           0x800'396b    0x2  Code  Gb  stm32l4xx_it.o [2]
RCC_SetFlashLatencyFromMSIRange
                         0x800'3609   0x98  Code  Lc  stm32l4xx_hal_rcc.o [4]
Region$$Table$$Base      0x800'3b8c          --   Gb  - Linker created -
Region$$Table$$Limit     0x800'3bb0          --   Gb  - Linker created -
SVC_Handler              0x800'3967    0x2  Code  Gb  stm32l4xx_it.o [2]
Set_LED_Duty             0x800'18d5   0x4c  Code  Gb  main.o [2]
SysTick_Config           0x800'1d2f   0x30  Code  Lc  stm32l4xx_hal_cortex.o [4]
SysTick_Handler          0x800'396d   0xa2  Code  Gb  stm32l4xx_it.o [2]
SystemClock_Config       0x800'15c9   0x72  Code  Gb  main.o [2]
SystemCoreClock         0x2000'0004    0x4  Data  Gb  system_stm32l4xx.o [3]
SystemInit               0x800'3a79   0x46  Code  Gb  system_stm32l4xx.o [3]
TIM1_BRK_TIM15_IRQHandler
                         0x800'3a23    0xa  Code  Gb  stm32l4xx_it.o [2]
TIM_Base_SetConfig       0x800'23f7   0x72  Code  Gb  stm32l4xx_hal_tim.o [4]
TIM_CCxChannelCmd        0x800'26c9   0x24  Code  Gb  stm32l4xx_hal_tim.o [4]
TIM_OC1_SetConfig        0x800'2469   0x7c  Code  Lc  stm32l4xx_hal_tim.o [4]
TIM_OC2_SetConfig        0x800'24e5   0x70  Code  Gb  stm32l4xx_hal_tim.o [4]
TIM_OC3_SetConfig        0x800'2555   0x6e  Code  Lc  stm32l4xx_hal_tim.o [4]
TIM_OC4_SetConfig        0x800'25c5   0x52  Code  Lc  stm32l4xx_hal_tim.o [4]
TIM_OC5_SetConfig        0x800'2619   0x4c  Code  Lc  stm32l4xx_hal_tim.o [4]
TIM_OC6_SetConfig        0x800'2665   0x4e  Code  Lc  stm32l4xx_hal_tim.o [4]
Toggle_LED               0x800'1921   0x4e  Code  Gb  main.o [2]
Update_Display           0x800'196f   0x9e  Code  Gb  main.o [2]
UsageFault_Handler       0x800'3965    0x2  Code  Gb  stm32l4xx_it.o [2]
__NVIC_EnableIRQ         0x800'1ca1   0x20  Code  Lc  stm32l4xx_hal_cortex.o [4]
__NVIC_GetPriorityGrouping
                         0x800'1c93    0xc  Code  Lc  stm32l4xx_hal_cortex.o [4]
__NVIC_SetPriority       0x800'1cc1   0x2c  Code  Lc  stm32l4xx_hal_cortex.o [4]
__NVIC_SetPriorityGrouping
                         0x800'1c71   0x22  Code  Lc  stm32l4xx_hal_cortex.o [4]
__aeabi_d2f              0x800'2afd         Code  Gb  DblToFlt.o [6]
__aeabi_ddiv             0x800'2709         Code  Gb  DblDiv.o [6]
__aeabi_dmul             0x800'2951         Code  Gb  DblMul.o [6]
__aeabi_memset           0x800'1dd1         Code  Gb  ABImemset.o [7]
__aeabi_ui2d             0x800'26ed         Code  Gb  U32ToDbl.o [6]
__cmain                  0x800'3bb1         Code  Gb  cmain.o [7]
__exit                   0x800'3be5   0x14  Code  Gb  exit.o [8]
__iar_Memset             0x800'1dd1         Code  Gb  ABImemset.o [7]
__iar_Memset_word        0x800'1dd9         Code  Gb  ABImemset.o [7]
__iar_copy_init3         0x800'1e37   0x2a  Code  Gb  copy_init3.o [7]
__iar_data_init3         0x800'3b41   0x28  Code  Gb  data_init.o [7]
__iar_init_vfp           0x800'3b69         Code  Gb  fpinit_M.o [6]
__iar_program_start      0x800'3bf9         Code  Gb  cstartup_M.o [7]
__iar_zero_init3         0x800'3ad9   0x38  Code  Gb  zero_init3.o [7]
__low_level_init         0x800'3bcf    0x4  Code  Gb  low_level_init.o [5]
__vector_table           0x800'0000         Data  Gb  startup_stm32l412xx.o [1]
_call_main               0x800'3bbd         Code  Gb  cmain.o [7]
_exit                    0x800'3bd9         Code  Gb  cexit.o [7]
adcValue                0x2000'00d0    0x2  Data  Gb  main.o [2]
counter_10mS            0x2000'0008    0x2  Data  Gb  stm32l4xx_it.o [2]
counter_10mS_Flag       0x2000'00d8    0x1  Data  Gb  stm32l4xx_it.o [2]
counter_16mS            0x2000'000a    0x2  Data  Gb  stm32l4xx_it.o [2]
counter_16mS_Flag       0x2000'00d9    0x1  Data  Gb  stm32l4xx_it.o [2]
counter_1S              0x2000'000e    0x2  Data  Gb  stm32l4xx_it.o [2]
counter_1S_Flag         0x2000'00db    0x1  Data  Gb  stm32l4xx_it.o [2]
counter_250mS           0x2000'000c    0x2  Data  Gb  stm32l4xx_it.o [2]
counter_250mS_Flag      0x2000'00da    0x1  Data  Gb  stm32l4xx_it.o [2]
counter_2_5S            0x2000'0010    0x2  Data  Gb  stm32l4xx_it.o [2]
counter_2_5S_Flag       0x2000'00dc    0x1  Data  Gb  stm32l4xx_it.o [2]
currentLED              0x2000'0012    0x1  Data  Gb  main.o [2]
displayState            0x2000'0013    0x1  Data  Gb  main.o [2]
exit                     0x800'3bd3    0x4  Code  Gb  exit.o [5]
firstDigit              0x2000'00d6    0x1  Data  Gb  main.o [2]
hadc1                   0x2000'0018   0x64  Data  Gb  main.o [2]
htim15                  0x2000'007c   0x4c  Data  Gb  main.o [2]
ledDuty                 0x2000'00d2    0x2  Data  Gb  main.o [2]
ledState                0x2000'00d5    0x1  Data  Gb  main.o [2]
main                     0x800'1381  0x248  Code  Gb  main.o [2]
memset                   0x800'10dd   0x14  Code  Gb  memset.o [7]
secondDigit             0x2000'00d7    0x1  Data  Gb  main.o [2]
segDisplayEnable        0x2000'0014    0x1  Data  Gb  main.o [2]
sw                      0x2000'00d4    0x1  Data  Gb  main.o [2]
uwTick                  0x2000'00cc    0x4  Data  Gb  stm32l4xx_hal.o [4]
uwTickFreq              0x2000'0015    0x1  Data  Gb  stm32l4xx_hal.o [4]
uwTickPrio              0x2000'0000    0x4  Data  Gb  stm32l4xx_hal.o [4]
voltage                 0x2000'00c8    0x4  Data  Gb  main.o [2]


[1] = C:\GitHub\SCU-Work\ELEN_460\ELEN460_HW6\EWARM\ELEN460_HW6\Obj\Application\EWARM
[2] = C:\GitHub\SCU-Work\ELEN_460\ELEN460_HW6\EWARM\ELEN460_HW6\Obj\Application\User\Core
[3] = C:\GitHub\SCU-Work\ELEN_460\ELEN460_HW6\EWARM\ELEN460_HW6\Obj\Drivers\CMSIS
[4] = C:\GitHub\SCU-Work\ELEN_460\ELEN460_HW6\EWARM\ELEN460_HW6\Obj\Drivers\STM32L4xx_HAL_Driver
[5] = dl7M_tln.a
[6] = m7M_tls.a
[7] = rt7M_tl.a
[8] = shb_l.a

  15'526 bytes of readonly  code memory
     126 bytes of readonly  data memory
   1'243 bytes of readwrite data memory

Errors: none
Warnings: none
