###############################################################################
#
# IAR ELF Linker V9.10.2.313/W64 for ARM                  07/Dec/2021  21:44:41
# Copyright 2007-2021 IAR Systems AB.
#
#    Output file  =
#        C:\GitHub\SCU-Work\ELEN
#        501\ELEN501_Lab8_Post_Turn-in\EWARM\ELEN501_Lab8_Post_Turn-in\Exe\ELEN501_Lab8_Post_Turn-in.out
#    Map file     =
#        C:\GitHub\SCU-Work\ELEN
#        501\ELEN501_Lab8_Post_Turn-in\EWARM\ELEN501_Lab8_Post_Turn-in\List\ELEN501_Lab8_Post_Turn-in.map
#    Command line =
#        -f "C:\GitHub\SCU-Work\ELEN
#        501\ELEN501_Lab8_Post_Turn-in\EWARM\ELEN501_Lab8_Post_Turn-in\Exe\ELEN501_Lab8_Post_Turn-in.out.rsp"
#        ("C:\GitHub\SCU-Work\ELEN
#        501\ELEN501_Lab8_Post_Turn-in\EWARM\ELEN501_Lab8_Post_Turn-in\Obj\Application\User\Core\arm_cmplx_mag_f32.o"
#        "C:\GitHub\SCU-Work\ELEN
#        501\ELEN501_Lab8_Post_Turn-in\EWARM\ELEN501_Lab8_Post_Turn-in\Obj\Application\User\Core\arm_common_tables.o"
#        "C:\GitHub\SCU-Work\ELEN
#        501\ELEN501_Lab8_Post_Turn-in\EWARM\ELEN501_Lab8_Post_Turn-in\Obj\Application\User\Core\arm_const_structs.o"
#        "C:\GitHub\SCU-Work\ELEN
#        501\ELEN501_Lab8_Post_Turn-in\EWARM\ELEN501_Lab8_Post_Turn-in\Obj\Application\User\Core\arm_max_f32.o"
#        "C:\GitHub\SCU-Work\ELEN
#        501\ELEN501_Lab8_Post_Turn-in\EWARM\ELEN501_Lab8_Post_Turn-in\Obj\Application\User\Core\main.o"
#        "C:\GitHub\SCU-Work\ELEN
#        501\ELEN501_Lab8_Post_Turn-in\EWARM\ELEN501_Lab8_Post_Turn-in\Obj\Application\EWARM\startup_stm32l412xx.o"
#        "C:\GitHub\SCU-Work\ELEN
#        501\ELEN501_Lab8_Post_Turn-in\EWARM\ELEN501_Lab8_Post_Turn-in\Obj\Drivers\STM32L4xx_HAL_Driver\stm32l4xx_hal.o"
#        "C:\GitHub\SCU-Work\ELEN
#        501\ELEN501_Lab8_Post_Turn-in\EWARM\ELEN501_Lab8_Post_Turn-in\Obj\Drivers\STM32L4xx_HAL_Driver\stm32l4xx_hal_adc.o"
#        "C:\GitHub\SCU-Work\ELEN
#        501\ELEN501_Lab8_Post_Turn-in\EWARM\ELEN501_Lab8_Post_Turn-in\Obj\Drivers\STM32L4xx_HAL_Driver\stm32l4xx_hal_adc_ex.o"
#        "C:\GitHub\SCU-Work\ELEN
#        501\ELEN501_Lab8_Post_Turn-in\EWARM\ELEN501_Lab8_Post_Turn-in\Obj\Drivers\STM32L4xx_HAL_Driver\stm32l4xx_hal_cortex.o"
#        "C:\GitHub\SCU-Work\ELEN
#        501\ELEN501_Lab8_Post_Turn-in\EWARM\ELEN501_Lab8_Post_Turn-in\Obj\Drivers\STM32L4xx_HAL_Driver\stm32l4xx_hal_dma.o"
#        "C:\GitHub\SCU-Work\ELEN
#        501\ELEN501_Lab8_Post_Turn-in\EWARM\ELEN501_Lab8_Post_Turn-in\Obj\Drivers\STM32L4xx_HAL_Driver\stm32l4xx_hal_dma_ex.o"
#        "C:\GitHub\SCU-Work\ELEN
#        501\ELEN501_Lab8_Post_Turn-in\EWARM\ELEN501_Lab8_Post_Turn-in\Obj\Drivers\STM32L4xx_HAL_Driver\stm32l4xx_hal_exti.o"
#        "C:\GitHub\SCU-Work\ELEN
#        501\ELEN501_Lab8_Post_Turn-in\EWARM\ELEN501_Lab8_Post_Turn-in\Obj\Drivers\STM32L4xx_HAL_Driver\stm32l4xx_hal_flash.o"
#        "C:\GitHub\SCU-Work\ELEN
#        501\ELEN501_Lab8_Post_Turn-in\EWARM\ELEN501_Lab8_Post_Turn-in\Obj\Drivers\STM32L4xx_HAL_Driver\stm32l4xx_hal_flash_ex.o"
#        "C:\GitHub\SCU-Work\ELEN
#        501\ELEN501_Lab8_Post_Turn-in\EWARM\ELEN501_Lab8_Post_Turn-in\Obj\Drivers\STM32L4xx_HAL_Driver\stm32l4xx_hal_flash_ramfunc.o"
#        "C:\GitHub\SCU-Work\ELEN
#        501\ELEN501_Lab8_Post_Turn-in\EWARM\ELEN501_Lab8_Post_Turn-in\Obj\Drivers\STM32L4xx_HAL_Driver\stm32l4xx_hal_gpio.o"
#        "C:\GitHub\SCU-Work\ELEN
#        501\ELEN501_Lab8_Post_Turn-in\EWARM\ELEN501_Lab8_Post_Turn-in\Obj\Drivers\STM32L4xx_HAL_Driver\stm32l4xx_hal_i2c.o"
#        "C:\GitHub\SCU-Work\ELEN
#        501\ELEN501_Lab8_Post_Turn-in\EWARM\ELEN501_Lab8_Post_Turn-in\Obj\Drivers\STM32L4xx_HAL_Driver\stm32l4xx_hal_i2c_ex.o"
#        "C:\GitHub\SCU-Work\ELEN
#        501\ELEN501_Lab8_Post_Turn-in\EWARM\ELEN501_Lab8_Post_Turn-in\Obj\Application\User\Core\stm32l4xx_hal_msp.o"
#        "C:\GitHub\SCU-Work\ELEN
#        501\ELEN501_Lab8_Post_Turn-in\EWARM\ELEN501_Lab8_Post_Turn-in\Obj\Drivers\STM32L4xx_HAL_Driver\stm32l4xx_hal_pwr.o"
#        "C:\GitHub\SCU-Work\ELEN
#        501\ELEN501_Lab8_Post_Turn-in\EWARM\ELEN501_Lab8_Post_Turn-in\Obj\Drivers\STM32L4xx_HAL_Driver\stm32l4xx_hal_pwr_ex.o"
#        "C:\GitHub\SCU-Work\ELEN
#        501\ELEN501_Lab8_Post_Turn-in\EWARM\ELEN501_Lab8_Post_Turn-in\Obj\Drivers\STM32L4xx_HAL_Driver\stm32l4xx_hal_rcc.o"
#        "C:\GitHub\SCU-Work\ELEN
#        501\ELEN501_Lab8_Post_Turn-in\EWARM\ELEN501_Lab8_Post_Turn-in\Obj\Drivers\STM32L4xx_HAL_Driver\stm32l4xx_hal_rcc_ex.o"
#        "C:\GitHub\SCU-Work\ELEN
#        501\ELEN501_Lab8_Post_Turn-in\EWARM\ELEN501_Lab8_Post_Turn-in\Obj\Drivers\STM32L4xx_HAL_Driver\stm32l4xx_hal_tim.o"
#        "C:\GitHub\SCU-Work\ELEN
#        501\ELEN501_Lab8_Post_Turn-in\EWARM\ELEN501_Lab8_Post_Turn-in\Obj\Drivers\STM32L4xx_HAL_Driver\stm32l4xx_hal_tim_ex.o"
#        "C:\GitHub\SCU-Work\ELEN
#        501\ELEN501_Lab8_Post_Turn-in\EWARM\ELEN501_Lab8_Post_Turn-in\Obj\Application\User\Core\stm32l4xx_it.o"
#        "C:\GitHub\SCU-Work\ELEN
#        501\ELEN501_Lab8_Post_Turn-in\EWARM\ELEN501_Lab8_Post_Turn-in\Obj\Drivers\CMSIS\system_stm32l4xx.o"
#        "C:\GitHub\SCU-Work\ELEN
#        501\ELEN501_Lab8_Post_Turn-in\EWARM\ELEN501_Lab8_Post_Turn-in\Obj\Application\User\Core\TransformFunctions.o"
#        --no_out_extension -o "C:\GitHub\SCU-Work\ELEN
#        501\ELEN501_Lab8_Post_Turn-in\EWARM\ELEN501_Lab8_Post_Turn-in\Exe\ELEN501_Lab8_Post_Turn-in.out"
#        --redirect _Printf=_PrintfFullNoMb --redirect _Scanf=_ScanfFullNoMb
#        --map "C:\GitHub\SCU-Work\ELEN
#        501\ELEN501_Lab8_Post_Turn-in\EWARM\ELEN501_Lab8_Post_Turn-in\List\ELEN501_Lab8_Post_Turn-in.map"
#        --config "C:\GitHub\SCU-Work\ELEN
#        501\ELEN501_Lab8_Post_Turn-in\EWARM/stm32l412xx_flash.icf"
#        --semihosting --entry __iar_program_start --vfe --text_out locale)
#
###############################################################################

*******************************************************************************
*** RUNTIME MODEL ATTRIBUTES
***

CppFlavor       = *
__SystemLibrary = DLib
__dlib_version  = 6


*******************************************************************************
*** HEAP SELECTION
***

The basic heap was selected because some modules are built with
size limitations (and not runtime checking), and --advanced_heap
was not specified.


*******************************************************************************
*** PLACEMENT SUMMARY
***

"A0":  place at address 0x800'0000 { ro section .intvec };
"P1":  place in [from 0x800'0000 to 0x801'ffff] { ro };
define block CSTACK with size = 1K, alignment = 8 { };
define block HEAP with size = 512, alignment = 8 { };
"P2":  place in [from 0x2000'0000 to 0x2000'9fff] {
          rw, block CSTACK, block HEAP };
initialize by copy { rw };

  Section            Kind         Address    Size  Object
  -------            ----         -------    ----  ------
"A0":                                       0x18c
  .intvec            ro code   0x800'0000   0x18c  startup_stm32l412xx.o [1]
                             - 0x800'018c   0x18c

"P1":                                      0x4c84
  .rodata            const     0x800'018c  0x1000  arm_common_tables.o [2]
  .text              ro code   0x800'118c   0xc24  TransformFunctions.o [2]
  .text              ro code   0x800'1db0   0x9ce  stm32l4xx_hal_adc.o [4]
  .text              ro code   0x800'277e    0x3a  packbits_init_single.o [7]
  .text              ro code   0x800'27b8   0x194  stm32l4xx_hal_msp.o [2]
  .text              ro code   0x800'294c   0x21a  stm32l4xx_hal_dma.o [4]
  .text              ro code   0x800'2b66     0x2  stm32l4xx_hal_adc_ex.o [4]
  .text              ro code   0x800'2b68     0x2  stm32l4xx_hal_adc.o [4]
  .text              ro code   0x800'2b6a     0x2  stm32l4xx_hal_adc_ex.o [4]
  .text              ro code   0x800'2b6c     0x2  stm32l4xx_hal_adc.o [4]
  .text              ro code   0x800'2b6e     0x2  stm32l4xx_hal_adc_ex.o [4]
  .text              ro code   0x800'2b70     0x2  stm32l4xx_hal_adc_ex.o [4]
  .text              ro code   0x800'2b72     0x2  stm32l4xx_hal_adc.o [4]
  .text              ro code   0x800'2b74     0x2  stm32l4xx_hal_adc_ex.o [4]
  .text              ro code   0x800'2b78     0xc  stm32l4xx_hal.o [4]
  .text              ro code   0x800'2b84     0x2  stm32l4xx_hal_adc.o [4]
  .text              ro code   0x800'2b86    0x14  memset.o [7]
  .text              ro code   0x800'2b9c   0x1b0  stm32l4xx_hal_rcc_ex.o [4]
  .text              ro code   0x800'2d4c   0x560  main.o [2]
  .text              ro code   0x800'32ac   0x198  stm32l4xx_hal_gpio.o [4]
  .text              ro code   0x800'3444    0xc8  stm32l4xx_hal_cortex.o [4]
  .text              ro code   0x800'350c    0x66  ABImemset.o [7]
  .text              ro code   0x800'3574    0x1e  stm32l4xx_hal.o [4]
  .text              ro code   0x800'3594    0xc8  stm32l4xx_hal_adc_ex.o [4]
  .text              ro code   0x800'365c   0x6e8  stm32l4xx_hal_tim.o [4]
  .text              ro code   0x800'3d44    0xe4  stm32l4xx_hal_tim_ex.o [4]
  .text              ro code   0x800'3e28     0x6  ABImemclr4.o [7]
  .text              ro code   0x800'3e30    0x3a  arm_cmplx_mag_f32.o [2]
  .text              ro code   0x800'3e6c    0x84  stm32l4xx_hal_pwr_ex.o [4]
  .text              ro code   0x800'3ef0   0x734  stm32l4xx_hal_rcc.o [4]
  .text              ro code   0x800'4624    0x44  stm32l4xx_hal.o [4]
  .text              ro code   0x800'4668    0x32  ABImemset48.o [7]
  .rodata            const     0x800'469c   0x380  arm_common_tables.o [2]
  .text              ro code   0x800'4a1c    0xa0  stm32l4xx_it.o [2]
  .text              ro code   0x800'4abc    0x10  stm32l4xx_hal.o [4]
  .text              ro code   0x800'4acc    0x50  system_stm32l4xx.o [3]
  .text              ro code   0x800'4b1c    0x38  zero_init3.o [7]
  .rodata            const     0x800'4b54    0x30  system_stm32l4xx.o [3]
  .text              ro code   0x800'4b84    0x28  data_init.o [7]
  .text              ro code   0x800'4bac    0x22  fpinit_M.o [6]
  .iar.init_table    const     0x800'4bd0    0x20  - Linker created -
  .text              ro code   0x800'4bf0    0x1e  cmain.o [7]
  .text              ro code   0x800'4c0e     0x4  low_level_init.o [5]
  .text              ro code   0x800'4c12     0x4  exit.o [5]
  .text              ro code   0x800'4c18     0xa  cexit.o [7]
  .text              ro code   0x800'4c24    0x14  exit.o [8]
  .text              ro code   0x800'4c38    0x1c  cstartup_M.o [7]
  .rodata            const     0x800'4c54    0x10  arm_const_structs.o [2]
  .text              ro code   0x800'4c64    0x10  startup_stm32l412xx.o [1]
  .text              ro code   0x800'4c74     0x4  startup_stm32l412xx.o [1]
  .text              ro code   0x800'4c78     0x4  startup_stm32l412xx.o [1]
  .text              ro code   0x800'4c7c     0x4  startup_stm32l412xx.o [1]
  .text              ro code   0x800'4c80     0x4  startup_stm32l412xx.o [1]
  .text              ro code   0x800'4c84     0x4  startup_stm32l412xx.o [1]
  .text              ro code   0x800'4c88     0x4  startup_stm32l412xx.o [1]
  .text              ro code   0x800'4c8c     0x4  startup_stm32l412xx.o [1]
  .text              ro code   0x800'4c90     0x4  startup_stm32l412xx.o [1]
  .text              ro code   0x800'4c94     0x4  startup_stm32l412xx.o [1]
  .text              ro code   0x800'4c98     0x4  startup_stm32l412xx.o [1]
  .text              ro code   0x800'4c9c     0x4  startup_stm32l412xx.o [1]
  .text              ro code   0x800'4ca0     0x4  startup_stm32l412xx.o [1]
  .text              ro code   0x800'4ca4     0x4  startup_stm32l412xx.o [1]
  .text              ro code   0x800'4ca8     0x4  startup_stm32l412xx.o [1]
  .text              ro code   0x800'4cac     0x4  startup_stm32l412xx.o [1]
  .text              ro code   0x800'4cb0     0x4  startup_stm32l412xx.o [1]
  .text              ro code   0x800'4cb4     0x4  startup_stm32l412xx.o [1]
  .text              ro code   0x800'4cb8     0x4  startup_stm32l412xx.o [1]
  .text              ro code   0x800'4cbc     0x4  startup_stm32l412xx.o [1]
  .text              ro code   0x800'4cc0     0x4  startup_stm32l412xx.o [1]
  .text              ro code   0x800'4cc4     0x4  startup_stm32l412xx.o [1]
  .text              ro code   0x800'4cc8     0x4  startup_stm32l412xx.o [1]
  .text              ro code   0x800'4ccc     0x4  startup_stm32l412xx.o [1]
  .text              ro code   0x800'4cd0     0x4  startup_stm32l412xx.o [1]
  .text              ro code   0x800'4cd4     0x4  startup_stm32l412xx.o [1]
  .text              ro code   0x800'4cd8     0x4  startup_stm32l412xx.o [1]
  .text              ro code   0x800'4cdc     0x4  startup_stm32l412xx.o [1]
  .text              ro code   0x800'4ce0     0x4  startup_stm32l412xx.o [1]
  .text              ro code   0x800'4ce4     0x4  startup_stm32l412xx.o [1]
  .text              ro code   0x800'4ce8     0x4  startup_stm32l412xx.o [1]
  .text              ro code   0x800'4cec     0x4  startup_stm32l412xx.o [1]
  .text              ro code   0x800'4cf0     0x4  startup_stm32l412xx.o [1]
  .text              ro code   0x800'4cf4     0x4  startup_stm32l412xx.o [1]
  .text              ro code   0x800'4cf8     0x4  startup_stm32l412xx.o [1]
  .text              ro code   0x800'4cfc     0x4  startup_stm32l412xx.o [1]
  .text              ro code   0x800'4d00     0x4  startup_stm32l412xx.o [1]
  .text              ro code   0x800'4d04     0x4  startup_stm32l412xx.o [1]
  .text              ro code   0x800'4d08     0x4  startup_stm32l412xx.o [1]
  .text              ro code   0x800'4d0c     0x4  startup_stm32l412xx.o [1]
  .text              ro code   0x800'4d10     0x4  startup_stm32l412xx.o [1]
  .text              ro code   0x800'4d14     0x4  startup_stm32l412xx.o [1]
  .text              ro code   0x800'4d18     0x4  startup_stm32l412xx.o [1]
  .text              ro code   0x800'4d1c     0x4  startup_stm32l412xx.o [1]
  .text              ro code   0x800'4d20     0x4  startup_stm32l412xx.o [1]
  .text              ro code   0x800'4d24     0x4  startup_stm32l412xx.o [1]
  .text              ro code   0x800'4d28     0x4  startup_stm32l412xx.o [1]
  .text              ro code   0x800'4d2c     0x4  startup_stm32l412xx.o [1]
  .text              ro code   0x800'4d30     0x4  startup_stm32l412xx.o [1]
  .text              ro code   0x800'4d34     0x4  startup_stm32l412xx.o [1]
  .text              ro code   0x800'4d38     0x4  startup_stm32l412xx.o [1]
  .text              ro code   0x800'4d3c     0x4  startup_stm32l412xx.o [1]
  .text              ro code   0x800'4d40     0x4  startup_stm32l412xx.o [1]
  .text              ro code   0x800'4d44     0x4  startup_stm32l412xx.o [1]
  .text              ro code   0x800'4d48     0x4  startup_stm32l412xx.o [1]
  .rodata            const     0x800'4d4c     0x0  zero_init3.o [7]
  .rodata            const     0x800'4d4c     0x0  packbits_init_single.o [7]
  Initializer bytes  const     0x800'4d4c    0xc4  <for P2-1>
                             - 0x800'4e10  0x4c84

"P2", part 1 of 3:                         0x28e8
  P2-1                        0x2000'0000  0x28e8  <Init block>
    .data            inited   0x2000'0000  0x28cc  main.o [2]
    .data            inited   0x2000'28cc     0xc  stm32l4xx_hal.o [4]
    .data            inited   0x2000'28d8     0x4  system_stm32l4xx.o [3]
    .data            inited   0x2000'28dc     0xc  stm32l4xx_it.o [2]
                            - 0x2000'28e8  0x28e8

"P2", part 2 of 3:                           0xa4
  .bss               zero     0x2000'28e8    0x58  main.o [2]
  .bss               zero     0x2000'2940    0x48  main.o [2]
  .bss               zero     0x2000'2988     0x1  stm32l4xx_it.o [2]
                            - 0x2000'2989    0xa1

"P2", part 3 of 3:                          0x400
  CSTACK                      0x2000'2990   0x400  <Block>
    CSTACK           uninit   0x2000'2990   0x400  <Block tail>
                            - 0x2000'2d90   0x400

Unused ranges:

         From           To      Size
         ----           --      ----
   0x800'4e10   0x801'ffff  0x1'b1f0
  0x2000'298c  0x2000'298f       0x4
  0x2000'2d90  0x2000'9fff    0x7270


*******************************************************************************
*** INIT TABLE
***

          Address      Size
          -------      ----
Zero (__iar_zero_init3)
    1 destination range, total size 0xa1:
          0x2000'28e8    0xa1

Copy/packbits (__iar_packbits_init_single3)
    1 source range, total size 0xc4 (1% of destination):
           0x800'4d4c    0xc4
    1 destination range, total size 0x28e8:
          0x2000'0000  0x28e8



*******************************************************************************
*** MODULE SUMMARY
***

    Module                  ro code  ro data  rw data
    ------                  -------  -------  -------
command line/config:
    -------------------------------------------------
    Total:

C:\GitHub\SCU-Work\ELEN 501\ELEN501_Lab8_Post_Turn-in\EWARM\ELEN501_Lab8_Post_Turn-in\Obj\Application\EWARM: [1]
    startup_stm32l412xx.o       628
    -------------------------------------------------
    Total:                      628

C:\GitHub\SCU-Work\ELEN 501\ELEN501_Lab8_Post_Turn-in\EWARM\ELEN501_Lab8_Post_Turn-in\Obj\Application\User\Core: [2]
    TransformFunctions.o      3'108
    arm_cmplx_mag_f32.o          58
    arm_common_tables.o                4'992
    arm_const_structs.o                   16
    main.o                    1'376      195   10'604
    stm32l4xx_hal_msp.o         404
    stm32l4xx_it.o              160                13
    -------------------------------------------------
    Total:                    5'106    5'203   10'617

C:\GitHub\SCU-Work\ELEN 501\ELEN501_Lab8_Post_Turn-in\EWARM\ELEN501_Lab8_Post_Turn-in\Obj\Drivers\CMSIS: [3]
    system_stm32l4xx.o           80       48        4
    -------------------------------------------------
    Total:                       80       48        4

C:\GitHub\SCU-Work\ELEN 501\ELEN501_Lab8_Post_Turn-in\EWARM\ELEN501_Lab8_Post_Turn-in\Obj\Drivers\STM32L4xx_HAL_Driver: [4]
    stm32l4xx_hal.o             126                12
    stm32l4xx_hal_adc.o       2'518
    stm32l4xx_hal_adc_ex.o      210
    stm32l4xx_hal_cortex.o      200
    stm32l4xx_hal_dma.o         538
    stm32l4xx_hal_gpio.o        408
    stm32l4xx_hal_pwr_ex.o      132
    stm32l4xx_hal_rcc.o       1'844
    stm32l4xx_hal_rcc_ex.o      432
    stm32l4xx_hal_tim.o       1'768
    stm32l4xx_hal_tim_ex.o      228
    -------------------------------------------------
    Total:                    8'404                12

dl7M_tln.a: [5]
    exit.o                        4
    low_level_init.o              4
    -------------------------------------------------
    Total:                        8

m7M_tls.a: [6]
    fpinit_M.o                   34
    -------------------------------------------------
    Total:                       34

rt7M_tl.a: [7]
    ABImemclr4.o                  6
    ABImemset.o                 102
    ABImemset48.o                50
    cexit.o                      10
    cmain.o                      30
    cstartup_M.o                 28
    data_init.o                  40
    memset.o                     20
    packbits_init_single.o       58
    zero_init3.o                 56
    -------------------------------------------------
    Total:                      400

shb_l.a: [8]
    exit.o                       20
    -------------------------------------------------
    Total:                       20

    Gaps                         16        4
    Linker created                        33    1'024
-----------------------------------------------------
    Grand Total:             14'696    5'288   11'657


*******************************************************************************
*** ENTRY LIST
***

Entry                       Address    Size  Type      Object
-----                       -------    ----  ----      ------
.iar.init_table$$Base    0x800'4bd0           --   Gb  - Linker created -
.iar.init_table$$Limit   0x800'4bf0           --   Gb  - Linker created -
?main                    0x800'4bf1          Code  Gb  cmain.o [7]
ADC1_2_IRQHandler        0x800'4a9d     0x6  Code  Gb  stm32l4xx_it.o [2]
ADC_DMAConvCplt          0x800'26f5    0x6c  Code  Gb  stm32l4xx_hal_adc.o [4]
ADC_DMAError             0x800'2769    0x16  Code  Gb  stm32l4xx_hal_adc.o [4]
ADC_DMAHalfConvCplt      0x800'2761     0x6  Code  Gb  stm32l4xx_hal_adc.o [4]
ADC_Enable               0x800'2651    0x58  Code  Gb  stm32l4xx_hal_adc.o [4]
AHBPrescTable            0x800'4b0c    0x10  Data  Gb  system_stm32l4xx.o [3]
BusFault_Handler         0x800'4a23     0x2  Code  Gb  stm32l4xx_it.o [2]
CSTACK$$Base            0x2000'2990           --   Gb  - Linker created -
CSTACK$$Limit           0x2000'2d90           --   Gb  - Linker created -
DMA1_Channel1_IRQHandler
                         0x800'4a75    0x28  Code  Gb  stm32l4xx_it.o [2]
DMA_SetConfig            0x800'2b3f    0x28  Code  Lc  stm32l4xx_hal_dma.o [4]
DebugMon_Handler         0x800'4a29     0x2  Code  Gb  stm32l4xx_it.o [2]
Error_Handler            0x800'32a9     0x4  Code  Gb  main.o [2]
HAL_ADCEx_EndOfSamplingCallback
                         0x800'2b67     0x2  Code  Gb  stm32l4xx_hal_adc_ex.o [4]
HAL_ADCEx_InjectedConvCpltCallback
                         0x800'2b6b     0x2  Code  Gb  stm32l4xx_hal_adc_ex.o [4]
HAL_ADCEx_InjectedQueueOverflowCallback
                         0x800'2b75     0x2  Code  Gb  stm32l4xx_hal_adc_ex.o [4]
HAL_ADCEx_LevelOutOfWindow2Callback
                         0x800'2b6f     0x2  Code  Gb  stm32l4xx_hal_adc_ex.o [4]
HAL_ADCEx_LevelOutOfWindow3Callback
                         0x800'2b71     0x2  Code  Gb  stm32l4xx_hal_adc_ex.o [4]
HAL_ADCEx_MultiModeConfigChannel
                         0x800'3595    0xa6  Code  Gb  stm32l4xx_hal_adc_ex.o [4]
HAL_ADC_ConfigChannel    0x800'22cd   0x318  Code  Gb  stm32l4xx_hal_adc.o [4]
HAL_ADC_ConvCpltCallback
                         0x800'2b69     0x2  Code  Gb  stm32l4xx_hal_adc.o [4]
HAL_ADC_ConvHalfCpltCallback
                         0x800'2b85     0x2  Code  Gb  stm32l4xx_hal_adc.o [4]
HAL_ADC_ErrorCallback    0x800'2b73     0x2  Code  Gb  stm32l4xx_hal_adc.o [4]
HAL_ADC_IRQHandler       0x800'206f   0x226  Code  Gb  stm32l4xx_hal_adc.o [4]
HAL_ADC_Init             0x800'1e03   0x194  Code  Gb  stm32l4xx_hal_adc.o [4]
HAL_ADC_LevelOutOfWindowCallback
                         0x800'2b6d     0x2  Code  Gb  stm32l4xx_hal_adc.o [4]
HAL_ADC_MspInit          0x800'27e5    0xaa  Code  Gb  stm32l4xx_hal_msp.o [2]
HAL_ADC_Start_DMA        0x800'1f97    0xd8  Code  Gb  stm32l4xx_hal_adc.o [4]
HAL_DMA_IRQHandler       0x800'2a7f    0xb0  Code  Gb  stm32l4xx_hal_dma.o [4]
HAL_DMA_Init             0x800'294d    0xaa  Code  Gb  stm32l4xx_hal_dma.o [4]
HAL_DMA_Start_IT         0x800'2a15    0x6a  Code  Gb  stm32l4xx_hal_dma.o [4]
HAL_GPIO_Init            0x800'32ad   0x180  Code  Gb  stm32l4xx_hal_gpio.o [4]
HAL_GetTick              0x800'2b79     0xc  Code  Gb  stm32l4xx_hal.o [4]
HAL_IncTick              0x800'4abd    0x10  Code  Gb  stm32l4xx_hal.o [4]
HAL_Init                 0x800'3575    0x1e  Code  Gb  stm32l4xx_hal.o [4]
HAL_InitTick             0x800'4625    0x44  Code  Gb  stm32l4xx_hal.o [4]
HAL_MspInit              0x800'27b9    0x2c  Code  Gb  stm32l4xx_hal_msp.o [2]
HAL_NVIC_EnableIRQ       0x800'34b5    0x16  Code  Gb  stm32l4xx_hal_cortex.o [4]
HAL_NVIC_SetPriority     0x800'3479    0x3a  Code  Gb  stm32l4xx_hal_cortex.o [4]
HAL_NVIC_SetPriorityGrouping
                         0x800'345f    0x1a  Code  Gb  stm32l4xx_hal_cortex.o [4]
HAL_PWREx_ControlVoltageScaling
                         0x800'3e79    0x5c  Code  Gb  stm32l4xx_hal_pwr_ex.o [4]
HAL_PWREx_GetVoltageRange
                         0x800'3e6d     0xc  Code  Gb  stm32l4xx_hal_pwr_ex.o [4]
HAL_RCCEx_PeriphCLKConfig
                         0x800'2b9d   0x194  Code  Gb  stm32l4xx_hal_rcc_ex.o [4]
HAL_RCC_ClockConfig      0x800'43d5   0x100  Code  Gb  stm32l4xx_hal_rcc.o [4]
HAL_RCC_GetSysClockFreq
                         0x800'44e9    0x92  Code  Gb  stm32l4xx_hal_rcc.o [4]
HAL_RCC_OscConfig        0x800'3ef1   0x4b8  Code  Gb  stm32l4xx_hal_rcc.o [4]
HAL_SYSTICK_Config       0x800'34cb    0x28  Code  Gb  stm32l4xx_hal_cortex.o [4]
HAL_TIMEx_ConfigBreakDeadTime
                         0x800'3da1    0x7e  Code  Gb  stm32l4xx_hal_tim_ex.o [4]
HAL_TIMEx_MasterConfigSynchronization
                         0x800'3d45    0x5c  Code  Gb  stm32l4xx_hal_tim_ex.o [4]
HAL_TIM_Base_Init        0x800'365d    0x1a  Code  Gb  stm32l4xx_hal_tim.o [4]
HAL_TIM_Base_MspInit     0x800'28b1    0x22  Code  Gb  stm32l4xx_hal_msp.o [2]
HAL_TIM_Base_Start       0x800'3677    0x48  Code  Gb  stm32l4xx_hal_tim.o [4]
HAL_TIM_MspPostInit      0x800'28d3    0x40  Code  Gb  stm32l4xx_hal_msp.o [2]
HAL_TIM_PWM_ConfigChannel
                         0x800'39a9   0x102  Code  Gb  stm32l4xx_hal_tim.o [4]
HAL_TIM_PWM_Init         0x800'36e9    0x1a  Code  Gb  stm32l4xx_hal_tim.o [4]
HAL_TIM_PWM_MspInit      0x800'288f    0x22  Code  Gb  stm32l4xx_hal_msp.o [2]
HAL_TIM_PWM_Start        0x800'3703    0x9c  Code  Gb  stm32l4xx_hal_tim.o [4]
HAL_TIM_PWM_Start_IT     0x800'3865    0xc4  Code  Gb  stm32l4xx_hal_tim.o [4]
HAL_TIM_PWM_Stop         0x800'37c5    0x70  Code  Gb  stm32l4xx_hal_tim.o [4]
HardFault_Handler        0x800'4a1f     0x2  Code  Gb  stm32l4xx_it.o [2]
LL_ADC_GetOffsetChannel
                         0x800'1db1     0xe  Code  Lc  stm32l4xx_hal_adc.o [4]
LL_ADC_REG_IsTriggerSourceSWStart
                         0x800'1dd1     0xe  Code  Lc  stm32l4xx_hal_adc.o [4]
LL_ADC_SetChannelSamplingTime
                         0x800'1ddf    0x24  Code  Lc  stm32l4xx_hal_adc.o [4]
LL_ADC_SetOffsetState    0x800'1dbf    0x12  Code  Lc  stm32l4xx_hal_adc.o [4]
MSIRangeTable            0x800'4b54    0x30  Data  Gb  system_stm32l4xx.o [3]
MemManage_Handler        0x800'4a21     0x2  Code  Gb  stm32l4xx_it.o [2]
NMI_Handler              0x800'4a1d     0x2  Code  Gb  stm32l4xx_it.o [2]
PendSV_Handler           0x800'4a2b     0x2  Code  Gb  stm32l4xx_it.o [2]
RCC_SetFlashLatencyFromMSIRange
                         0x800'457b    0x74  Code  Lc  stm32l4xx_hal_rcc.o [4]
RGB_Process              0x800'314b    0x90  Code  Gb  main.o [2]
Region$$Table$$Base      0x800'4bd0           --   Gb  - Linker created -
Region$$Table$$Limit     0x800'4bf0           --   Gb  - Linker created -
SVC_Handler              0x800'4a27     0x2  Code  Gb  stm32l4xx_it.o [2]
SetBlueLedLevel          0x800'3209    0x20  Code  Gb  main.o [2]
SetGreenLedLevel         0x800'3285    0x24  Code  Gb  main.o [2]
SetRedLedLevel           0x800'31db    0x24  Code  Gb  main.o [2]
SysTick_Handler          0x800'4a2d    0x48  Code  Gb  stm32l4xx_it.o [2]
SystemClock_Config       0x800'30ef    0x5c  Code  Gb  main.o [2]
SystemCoreClock         0x2000'28d8     0x4  Data  Gb  system_stm32l4xx.o [3]
SystemInit               0x800'4acd    0x34  Code  Gb  system_stm32l4xx.o [3]
TIM_Base_SetConfig       0x800'3ab7    0x5a  Code  Gb  stm32l4xx_hal_tim.o [4]
TIM_CCxChannelCmd        0x800'3d29    0x16  Code  Gb  stm32l4xx_hal_tim.o [4]
TIM_OC1_SetConfig        0x800'3b11    0x62  Code  Lc  stm32l4xx_hal_tim.o [4]
TIM_OC2_SetConfig        0x800'3b73    0x60  Code  Gb  stm32l4xx_hal_tim.o [4]
TIM_OC3_SetConfig        0x800'3bd3    0x5e  Code  Lc  stm32l4xx_hal_tim.o [4]
TIM_OC4_SetConfig        0x800'3c31    0x42  Code  Lc  stm32l4xx_hal_tim.o [4]
TIM_OC5_SetConfig        0x800'3c73    0x48  Code  Lc  stm32l4xx_hal_tim.o [4]
TIM_OC6_SetConfig        0x800'3cbb    0x42  Code  Lc  stm32l4xx_hal_tim.o [4]
UsageFault_Handler       0x800'4a25     0x2  Code  Gb  stm32l4xx_it.o [2]
__NVIC_SetPriority       0x800'3445    0x1a  Code  Lc  stm32l4xx_hal_cortex.o [4]
__aeabi_memclr4          0x800'3e29          Code  Gb  ABImemclr4.o [7]
__aeabi_memset           0x800'350d          Code  Gb  ABImemset.o [7]
__cmain                  0x800'4bf1          Code  Gb  cmain.o [7]
__exit                   0x800'4c25    0x14  Code  Gb  exit.o [8]
__iar_Memset             0x800'350d          Code  Gb  ABImemset.o [7]
__iar_Memset4_word       0x800'4669          Code  Gb  ABImemset48.o [7]
__iar_Memset8_word       0x800'4669          Code  Gb  ABImemset48.o [7]
__iar_Memset_word        0x800'3515          Code  Gb  ABImemset.o [7]
__iar_data_init3         0x800'4b85    0x28  Code  Gb  data_init.o [7]
__iar_init_vfp           0x800'4bad          Code  Gb  fpinit_M.o [6]
__iar_packbits_init_single3
                         0x800'277f    0x3a  Code  Gb  packbits_init_single.o [7]
__iar_program_start      0x800'4c39          Code  Gb  cstartup_M.o [7]
__iar_zero_init3         0x800'4b1d    0x38  Code  Gb  zero_init3.o [7]
__low_level_init         0x800'4c0f     0x4  Code  Gb  low_level_init.o [5]
__vector_table           0x800'0000          Data  Gb  startup_stm32l412xx.o [1]
_call_main               0x800'4bfd          Code  Gb  cmain.o [7]
_exit                    0x800'4c19          Code  Gb  cexit.o [7]
armBitRevIndexTable512   0x800'469c   0x380  Data  Gb  arm_common_tables.o [2]
arm_bitreversal_32       0x800'118d    0x46  Code  Gb  TransformFunctions.o [2]
arm_cfft_f32             0x800'1745    0xc8  Code  Gb  TransformFunctions.o [2]
arm_cfft_radix8by2_f32   0x800'11d3   0x168  Code  Gb  TransformFunctions.o [2]
arm_cfft_radix8by4_f32   0x800'133b   0x402  Code  Gb  TransformFunctions.o [2]
arm_cfft_sR_f32_len512   0x800'4c54    0x10  Data  Gb  arm_const_structs.o [2]
arm_cmplx_mag_f32        0x800'3e31    0x3a  Code  Gb  arm_cmplx_mag_f32.o [2]
arm_radix8_butterfly_f32
                         0x800'180d   0x5a4  Code  Gb  TransformFunctions.o [2]
binBlue                 0x2000'293c     0x4  Data  Gb  main.o [2]
binGreen                0x2000'2938     0x4  Data  Gb  main.o [2]
binRed                  0x2000'2934     0x4  Data  Gb  main.o [2]
dmaFlags                0x2000'2988     0x1  Data  Gb  stm32l4xx_it.o [2]
doBitReverse            0x2000'20c8     0x4  Data  Gb  main.o [2]
dutyBlue                0x2000'006c     0x2  Data  Gb  main.o [2]
dutyGreen               0x2000'006a     0x2  Data  Gb  main.o [2]
dutyRed                 0x2000'0068     0x2  Data  Gb  main.o [2]
exit                     0x800'4c13     0x4  Code  Gb  exit.o [5]
fftSize                 0x2000'20c0     0x4  Data  Gb  main.o [2]
firstHalfCaptured       0x2000'0065     0x1  Data  Gb  main.o [2]
hadc1                   0x2000'0000    0x64  Data  Gb  main.o [2]
hdma_adc1               0x2000'2940    0x48  Data  Gb  main.o [2]
htim1                   0x2000'28e8    0x4c  Data  Gb  main.o [2]
htim6                   0x2000'1074    0x4c  Data  Gb  main.o [2]
hundred_mS_Counter      0x2000'28e4     0x2  Data  Gb  stm32l4xx_it.o [2]
hundred_mS_Flag         0x2000'28de     0x1  Data  Gb  stm32l4xx_it.o [2]
ifftFlag                0x2000'20c4     0x4  Data  Gb  main.o [2]
lastDutyBlue            0x2000'0072     0x2  Data  Gb  main.o [2]
lastDutyGreen           0x2000'0070     0x2  Data  Gb  main.o [2]
lastDutyRed             0x2000'006e     0x2  Data  Gb  main.o [2]
main                     0x800'2d4d   0x360  Code  Gb  main.o [2]
memset                   0x800'2b87    0x14  Code  Gb  memset.o [7]
one_S_Counter           0x2000'28e6     0x2  Data  Gb  stm32l4xx_it.o [2]
one_S_Flag              0x2000'28df     0x1  Data  Gb  stm32l4xx_it.o [2]
secondHalfCaptured      0x2000'0066     0x1  Data  Gb  main.o [2]
subCount                0x2000'0064     0x1  Data  Gb  main.o [2]
ten_mS_Counter          0x2000'28e0     0x2  Data  Gb  stm32l4xx_it.o [2]
ten_mS_Flag             0x2000'28dc     0x1  Data  Gb  stm32l4xx_it.o [2]
twentyfive_mS_Counter   0x2000'28e2     0x2  Data  Gb  stm32l4xx_it.o [2]
twentyfive_mS_Flag      0x2000'28dd     0x1  Data  Gb  stm32l4xx_it.o [2]
twiddleCoef_512          0x800'018c  0x1000  Data  Gb  arm_common_tables.o [2]
uwTick                  0x2000'28d0     0x4  Data  Gb  stm32l4xx_hal.o [4]
uwTickFreq              0x2000'28cc     0x1  Data  Gb  stm32l4xx_hal.o [4]
uwTickPrio              0x2000'28d4     0x4  Data  Gb  stm32l4xx_hal.o [4]
waveformCapture         0x2000'10c0  0x1000  Data  Gb  main.o [2]
waveformInput           0x2000'0074  0x1000  Data  Gb  main.o [2]
waveformProcessed       0x2000'20cc   0x800  Data  Gb  main.o [2]


[1] = C:\GitHub\SCU-Work\ELEN 501\ELEN501_Lab8_Post_Turn-in\EWARM\ELEN501_Lab8_Post_Turn-in\Obj\Application\EWARM
[2] = C:\GitHub\SCU-Work\ELEN 501\ELEN501_Lab8_Post_Turn-in\EWARM\ELEN501_Lab8_Post_Turn-in\Obj\Application\User\Core
[3] = C:\GitHub\SCU-Work\ELEN 501\ELEN501_Lab8_Post_Turn-in\EWARM\ELEN501_Lab8_Post_Turn-in\Obj\Drivers\CMSIS
[4] = C:\GitHub\SCU-Work\ELEN 501\ELEN501_Lab8_Post_Turn-in\EWARM\ELEN501_Lab8_Post_Turn-in\Obj\Drivers\STM32L4xx_HAL_Driver
[5] = dl7M_tln.a
[6] = m7M_tls.a
[7] = rt7M_tl.a
[8] = shb_l.a

  14'696 bytes of readonly  code memory
   5'288 bytes of readonly  data memory
  11'657 bytes of readwrite data memory

Errors: none
Warnings: none
