###############################################################################
#
# IAR ELF Linker V9.30.1.335/W64 for ARM                  15/Jun/2022  18:59:07
# Copyright 2007-2022 IAR Systems AB.
#
#    Output file  =
#        C:\GitHub\SCU-Work\ELEN_509\Mod-DIG_Device\EWARM\Mod-DIG_Device\Exe\Mod-DIG_Device.out
#    Map file     =
#        C:\GitHub\SCU-Work\ELEN_509\Mod-DIG_Device\EWARM\Mod-DIG_Device\List\Mod-DIG_Device.map
#    Command line =
#        -f
#        C:\GitHub\SCU-Work\ELEN_509\Mod-DIG_Device\EWARM\Mod-DIG_Device\Exe\Mod-DIG_Device.out.rsp
#        (C:\GitHub\SCU-Work\ELEN_509\Mod-DIG_Device\EWARM\Mod-DIG_Device\Obj\Application\User\Modules\ASCII_numbers.o
#        C:\GitHub\SCU-Work\ELEN_509\Mod-DIG_Device\EWARM\Mod-DIG_Device\Obj\Application\User\Core\main.o
#        C:\GitHub\SCU-Work\ELEN_509\Mod-DIG_Device\EWARM\Mod-DIG_Device\Obj\Application\User\Modules\Serial.o
#        C:\GitHub\SCU-Work\ELEN_509\Mod-DIG_Device\EWARM\Mod-DIG_Device\Obj\Application\User\Modules\serial_user.o
#        C:\GitHub\SCU-Work\ELEN_509\Mod-DIG_Device\EWARM\Mod-DIG_Device\Obj\Application\User\Core\Seven_Seg_2Digit.o
#        C:\GitHub\SCU-Work\ELEN_509\Mod-DIG_Device\EWARM\Mod-DIG_Device\Obj\Application\EWARM\startup_stm32l010x4.o
#        C:\GitHub\SCU-Work\ELEN_509\Mod-DIG_Device\EWARM\Mod-DIG_Device\Obj\Drivers\STM32L0xx_HAL_Driver\stm32l0xx_hal.o
#        C:\GitHub\SCU-Work\ELEN_509\Mod-DIG_Device\EWARM\Mod-DIG_Device\Obj\Drivers\STM32L0xx_HAL_Driver\stm32l0xx_hal_cortex.o
#        C:\GitHub\SCU-Work\ELEN_509\Mod-DIG_Device\EWARM\Mod-DIG_Device\Obj\Drivers\STM32L0xx_HAL_Driver\stm32l0xx_hal_dma.o
#        C:\GitHub\SCU-Work\ELEN_509\Mod-DIG_Device\EWARM\Mod-DIG_Device\Obj\Drivers\STM32L0xx_HAL_Driver\stm32l0xx_hal_exti.o
#        C:\GitHub\SCU-Work\ELEN_509\Mod-DIG_Device\EWARM\Mod-DIG_Device\Obj\Drivers\STM32L0xx_HAL_Driver\stm32l0xx_hal_flash.o
#        C:\GitHub\SCU-Work\ELEN_509\Mod-DIG_Device\EWARM\Mod-DIG_Device\Obj\Drivers\STM32L0xx_HAL_Driver\stm32l0xx_hal_flash_ex.o
#        C:\GitHub\SCU-Work\ELEN_509\Mod-DIG_Device\EWARM\Mod-DIG_Device\Obj\Drivers\STM32L0xx_HAL_Driver\stm32l0xx_hal_flash_ramfunc.o
#        C:\GitHub\SCU-Work\ELEN_509\Mod-DIG_Device\EWARM\Mod-DIG_Device\Obj\Drivers\STM32L0xx_HAL_Driver\stm32l0xx_hal_gpio.o
#        C:\GitHub\SCU-Work\ELEN_509\Mod-DIG_Device\EWARM\Mod-DIG_Device\Obj\Drivers\STM32L0xx_HAL_Driver\stm32l0xx_hal_i2c.o
#        C:\GitHub\SCU-Work\ELEN_509\Mod-DIG_Device\EWARM\Mod-DIG_Device\Obj\Drivers\STM32L0xx_HAL_Driver\stm32l0xx_hal_i2c_ex.o
#        C:\GitHub\SCU-Work\ELEN_509\Mod-DIG_Device\EWARM\Mod-DIG_Device\Obj\Application\User\Core\stm32l0xx_hal_msp.o
#        C:\GitHub\SCU-Work\ELEN_509\Mod-DIG_Device\EWARM\Mod-DIG_Device\Obj\Drivers\STM32L0xx_HAL_Driver\stm32l0xx_hal_pwr.o
#        C:\GitHub\SCU-Work\ELEN_509\Mod-DIG_Device\EWARM\Mod-DIG_Device\Obj\Drivers\STM32L0xx_HAL_Driver\stm32l0xx_hal_pwr_ex.o
#        C:\GitHub\SCU-Work\ELEN_509\Mod-DIG_Device\EWARM\Mod-DIG_Device\Obj\Drivers\STM32L0xx_HAL_Driver\stm32l0xx_hal_rcc.o
#        C:\GitHub\SCU-Work\ELEN_509\Mod-DIG_Device\EWARM\Mod-DIG_Device\Obj\Drivers\STM32L0xx_HAL_Driver\stm32l0xx_hal_rcc_ex.o
#        C:\GitHub\SCU-Work\ELEN_509\Mod-DIG_Device\EWARM\Mod-DIG_Device\Obj\Drivers\STM32L0xx_HAL_Driver\stm32l0xx_hal_tim.o
#        C:\GitHub\SCU-Work\ELEN_509\Mod-DIG_Device\EWARM\Mod-DIG_Device\Obj\Drivers\STM32L0xx_HAL_Driver\stm32l0xx_hal_tim_ex.o
#        C:\GitHub\SCU-Work\ELEN_509\Mod-DIG_Device\EWARM\Mod-DIG_Device\Obj\Drivers\STM32L0xx_HAL_Driver\stm32l0xx_hal_uart.o
#        C:\GitHub\SCU-Work\ELEN_509\Mod-DIG_Device\EWARM\Mod-DIG_Device\Obj\Drivers\STM32L0xx_HAL_Driver\stm32l0xx_hal_uart_ex.o
#        C:\GitHub\SCU-Work\ELEN_509\Mod-DIG_Device\EWARM\Mod-DIG_Device\Obj\Application\User\Core\stm32l0xx_it.o
#        C:\GitHub\SCU-Work\ELEN_509\Mod-DIG_Device\EWARM\Mod-DIG_Device\Obj\Drivers\STM32L0xx_LL\stm32l0xx_ll_lpuart.o
#        C:\GitHub\SCU-Work\ELEN_509\Mod-DIG_Device\EWARM\Mod-DIG_Device\Obj\Drivers\CMSIS\system_stm32l0xx.o
#        --no_out_extension -o
#        C:\GitHub\SCU-Work\ELEN_509\Mod-DIG_Device\EWARM\Mod-DIG_Device\Exe\Mod-DIG_Device.out
#        --redirect _Printf=_PrintfFullNoMb --redirect _Scanf=_ScanfFullNoMb
#        --map
#        C:\GitHub\SCU-Work\ELEN_509\Mod-DIG_Device\EWARM\Mod-DIG_Device\List\Mod-DIG_Device.map
#        --config
#        C:\GitHub\SCU-Work\ELEN_509\Mod-DIG_Device\EWARM/stm32l010x4_flash.icf
#        --semihosting --entry __iar_program_start --vfe --text_out locale
#        --cpu=Cortex-M0+ --fpu=None)
#
###############################################################################

*******************************************************************************
*** RUNTIME MODEL ATTRIBUTES
***

CppFlavor       = *
__CPP_Runtime   = 1
__SystemLibrary = DLib
__dlib_version  = 6


*******************************************************************************
*** HEAP SELECTION
***

The basic heap was selected because --advanced_heap
was not specified and the application did not appear to
be primarily optimized for speed.


*******************************************************************************
*** PLACEMENT SUMMARY
***

"A0":  place at address 0x800'0000 { ro section .intvec };
"P1":  place in [from 0x800'0000 to 0x800'3fff] { ro };
define block CSTACK with size = 1K, alignment = 8 { };
define block HEAP with size = 512, alignment = 8 { };
"P2":  place in [from 0x2000'0000 to 0x2000'07ff] {
          rw, block CSTACK, block HEAP };
initialize by copy { rw };

  Section            Kind         Address    Size  Object
  -------            ----         -------    ----  ------
"A0":                                        0xc0
  .intvec            ro code   0x800'0000    0xc0  startup_stm32l010x4.o [1]
                             - 0x800'00c0    0xc0

"P1":                                      0x1bf1
  .text              ro code   0x800'00c0   0x77c  stm32l0xx_hal_uart.o [5]
  .text              ro code   0x800'083c    0x98  stm32l0xx_hal_dma.o [5]
  .text              ro code   0x800'08d4     0x2  stm32l0xx_hal_uart.o [5]
  .text              ro code   0x800'08d6     0x2  stm32l0xx_hal_uart.o [5]
  .text              ro code   0x800'08d8     0x2  stm32l0xx_hal_uart_ex.o [5]
  .text              ro code   0x800'08da     0x2  stm32l0xx_hal_uart.o [5]
  .text              ro code   0x800'08dc   0x694  stm32l0xx_hal_rcc.o [5]
  .text              ro code   0x800'0f70    0x7c  I64DivMod.o [8]
  .text              ro code   0x800'0fec    0x36  I32DivMod.o [8]
  .text              ro code   0x800'1022    0x3e  packbits_init_single.o [8]
  .text              ro code   0x800'1060     0xc  stm32l0xx_hal.o [5]
  .text              ro code   0x800'106c    0x44  stm32l0xx_hal.o [5]
  .text              ro code   0x800'10b0    0x32  I64Mul.o [8]
  .text              ro code   0x800'10e2     0x2  startup_stm32l010x4.o [1]
  .text              ro code   0x800'10e4     0x2  I64DivZer.o [8]
  .text              ro code   0x800'10e6     0x2  startup_stm32l010x4.o [1]
  .text              ro code   0x800'10e8     0x2  IntDivZer.o [8]
  .text              ro code   0x800'10ea     0x2  startup_stm32l010x4.o [1]
  .text              ro code   0x800'10ec    0x8c  stm32l0xx_hal_cortex.o [5]
  .text              ro code   0x800'1178   0x3b0  main.o [2]
  .text              ro code   0x800'1528    0x28  stm32l0xx_hal.o [5]
  .text              ro code   0x800'1550    0x14  memset.o [8]
  .text              ro code   0x800'1564   0x1b0  stm32l0xx_hal_gpio.o [5]
  .text              ro code   0x800'1714    0x8c  stm32l0xx_hal_uart_ex.o [5]
  .text              ro code   0x800'17a0   0x174  stm32l0xx_hal_rcc_ex.o [5]
  .text              ro code   0x800'1914    0xb0  stm32l0xx_hal_msp.o [2]
  .text              ro code   0x800'19c4    0x4e  ABImemset.o [8]
  .text              ro code   0x800'1a12     0x2  startup_stm32l010x4.o [1]
  .text              ro code   0x800'1a14    0xfc  stm32l0xx_it.o [2]
  .text              ro code   0x800'1b10    0x10  stm32l0xx_hal.o [5]
  .text              ro code   0x800'1b20    0x3c  startup_stm32l010x4.o [1]
  .text              ro code   0x800'1b5c    0x3c  zero_init3.o [8]
  .text              ro code   0x800'1b98    0x28  data_init.o [8]
  .iar.init_table    const     0x800'1bc0    0x20  - Linker created -
  .text              ro code   0x800'1be0    0x20  system_stm32l0xx.o [4]
  .text              ro code   0x800'1c00    0x1e  cmain.o [8]
  .text              ro code   0x800'1c1e     0x4  low_level_init.o [7]
  .text              ro code   0x800'1c22     0x8  exit.o [7]
  .text              ro code   0x800'1c2a     0x2  startup_stm32l010x4.o [1]
  .text              ro code   0x800'1c2c     0xa  cexit.o [8]
  .text              ro code   0x800'1c36     0x2  startup_stm32l010x4.o [1]
  .text              ro code   0x800'1c38    0x14  exit.o [9]
  .text              ro code   0x800'1c4c    0x1c  cstartup_M.o [8]
  .rodata            const     0x800'1c68     0x8  system_stm32l0xx.o [4]
  .text              ro code   0x800'1c70     0x2  startup_stm32l010x4.o [1]
  .text              ro code   0x800'1c72     0x2  startup_stm32l010x4.o [1]
  .text              ro code   0x800'1c74     0x2  startup_stm32l010x4.o [1]
  .text              ro code   0x800'1c76     0x2  startup_stm32l010x4.o [1]
  .text              ro code   0x800'1c78     0x2  startup_stm32l010x4.o [1]
  .text              ro code   0x800'1c7a     0x2  startup_stm32l010x4.o [1]
  .text              ro code   0x800'1c7c     0x2  startup_stm32l010x4.o [1]
  .text              ro code   0x800'1c7e     0x2  startup_stm32l010x4.o [1]
  .text              ro code   0x800'1c80     0x2  startup_stm32l010x4.o [1]
  .text              ro code   0x800'1c82     0x2  startup_stm32l010x4.o [1]
  .text              ro code   0x800'1c84     0x2  startup_stm32l010x4.o [1]
  .rodata            const     0x800'1c86     0x0  zero_init3.o [8]
  .rodata            const     0x800'1c86     0x0  packbits_init_single.o [8]
  Initializer bytes  const     0x800'1c86    0x2b  <for P2-1>
                             - 0x800'1cb1  0x1bf1

"P2", part 1 of 3:                           0xbc
  P2-1                        0x2000'0000    0xbc  <Init block>
    .data            inited   0x2000'0000    0x88  main.o [2]
    .data            inited   0x2000'0088     0xc  serial_user.o [3]
    .data            inited   0x2000'0094     0xc  serial_user.o [3]
    .data            inited   0x2000'00a0     0xc  stm32l0xx_hal.o [5]
    .data            inited   0x2000'00ac     0x4  system_stm32l0xx.o [4]
    .data            inited   0x2000'00b0     0xc  stm32l0xx_it.o [2]
                            - 0x2000'00bc    0xbc

"P2", part 2 of 3:                           0x70
  .bss               zero     0x2000'00bc    0x34  serial_user.o [3]
  .bss               zero     0x2000'00f0    0x34  serial_user.o [3]
  .bss               zero     0x2000'0124     0x5  main.o [2]
                            - 0x2000'0129    0x6d

"P2", part 3 of 3:                          0x400
  CSTACK                      0x2000'0130   0x400  <Block>
    CSTACK           uninit   0x2000'0130   0x400  <Block tail>
                            - 0x2000'0530   0x400

Unused ranges:

         From           To    Size
         ----           --    ----
   0x800'1cb1   0x800'3fff  0x234f
  0x2000'012c  0x2000'012f     0x4
  0x2000'0530  0x2000'07ff   0x2d0


*******************************************************************************
*** INIT TABLE
***

          Address      Size
          -------      ----
Zero (__iar_zero_init3)
    1 destination range, total size 0x6d:
          0x2000'00bc  0x6d

Copy/packbits (__iar_packbits_init_single3)
    1 source range, total size 0x2b (22% of destination):
           0x800'1c86  0x2b
    1 destination range, total size 0xbc:
          0x2000'0000  0xbc



*******************************************************************************
*** MODULE SUMMARY
***

    Module                   ro code  ro data  rw data
    ------                   -------  -------  -------
command line/config:
    --------------------------------------------------
    Total:

C:\GitHub\SCU-Work\ELEN_509\Mod-DIG_Device\EWARM\Mod-DIG_Device\Obj\Application\EWARM: [1]
    startup_stm32l010x4.o        286
    --------------------------------------------------
    Total:                       286

C:\GitHub\SCU-Work\ELEN_509\Mod-DIG_Device\EWARM\Mod-DIG_Device\Obj\Application\User\Core: [2]
    main.o                       944       31      141
    stm32l0xx_hal_msp.o          176
    stm32l0xx_it.o               252        3       12
    --------------------------------------------------
    Total:                     1'372       34      153

C:\GitHub\SCU-Work\ELEN_509\Mod-DIG_Device\EWARM\Mod-DIG_Device\Obj\Application\User\Modules: [3]
    serial_user.o                           5      128
    --------------------------------------------------
    Total:                                  5      128

C:\GitHub\SCU-Work\ELEN_509\Mod-DIG_Device\EWARM\Mod-DIG_Device\Obj\Drivers\CMSIS: [4]
    system_stm32l0xx.o            32        9        4
    --------------------------------------------------
    Total:                        32        9        4

C:\GitHub\SCU-Work\ELEN_509\Mod-DIG_Device\EWARM\Mod-DIG_Device\Obj\Drivers\STM32L0xx_HAL_Driver: [5]
    stm32l0xx_hal.o              136        3       12
    stm32l0xx_hal_cortex.o       140
    stm32l0xx_hal_dma.o          152
    stm32l0xx_hal_gpio.o         432
    stm32l0xx_hal_rcc.o        1'684
    stm32l0xx_hal_rcc_ex.o       372
    stm32l0xx_hal_uart.o       1'922
    stm32l0xx_hal_uart_ex.o      142
    --------------------------------------------------
    Total:                     4'980        3       12

C:\GitHub\SCU-Work\ELEN_509\Mod-DIG_Device\EWARM\Mod-DIG_Device\Obj\Drivers\STM32L0xx_LL: [6]
    --------------------------------------------------
    Total:

dl6M_tln.a: [7]
    exit.o                         8
    low_level_init.o               4
    --------------------------------------------------
    Total:                        12

rt6M_tl.a: [8]
    ABImemset.o                   78
    I32DivMod.o                   54
    I64DivMod.o                  124
    I64DivZer.o                    2
    I64Mul.o                      50
    IntDivZer.o                    2
    cexit.o                       10
    cmain.o                       30
    cstartup_M.o                  28
    data_init.o                   40
    memset.o                      20
    packbits_init_single.o        62
    zero_init3.o                  60
    --------------------------------------------------
    Total:                       560

shb_l.a: [9]
    exit.o                        20
    --------------------------------------------------
    Total:                        20

    Linker created                         32    1'024
------------------------------------------------------
    Grand Total:               7'262       83    1'321


*******************************************************************************
*** ENTRY LIST
***

Entry                       Address   Size  Type      Object
-----                       -------   ----  ----      ------
.iar.init_table$$Base    0x800'1bc0          --   Gb  - Linker created -
.iar.init_table$$Limit   0x800'1be0          --   Gb  - Linker created -
?main                    0x800'1c01         Code  Gb  cmain.o [8]
ADC1_IRQHandler          0x800'1c79         Code  Wk  startup_stm32l010x4.o [1]
AHBPrescTable            0x800'1be4   0x10  Data  Gb  system_stm32l0xx.o [4]
APBPrescTable            0x800'1c68    0x8  Data  Gb  system_stm32l0xx.o [4]
CSTACK$$Base            0x2000'0130          --   Gb  - Linker created -
CSTACK$$Limit           0x2000'0530          --   Gb  - Linker created -
DMA1_Channel1_IRQHandler
                         0x800'1c73         Code  Wk  startup_stm32l010x4.o [1]
DMA1_Channel2_3_IRQHandler
                         0x800'1c75         Code  Wk  startup_stm32l010x4.o [1]
DMA1_Channel4_5_IRQHandler
                         0x800'1c77         Code  Wk  startup_stm32l010x4.o [1]
EXTI0_1_IRQHandler       0x800'1c2b         Code  Wk  startup_stm32l010x4.o [1]
EXTI2_3_IRQHandler       0x800'1c37         Code  Wk  startup_stm32l010x4.o [1]
EXTI4_15_IRQHandler      0x800'1c71         Code  Wk  startup_stm32l010x4.o [1]
Error_Handler            0x800'1515    0x4  Code  Gb  main.o [2]
FLASH_IRQHandler         0x800'10eb         Code  Wk  startup_stm32l010x4.o [1]
HAL_DMA_Abort            0x800'083d   0x4a  Code  Gb  stm32l0xx_hal_dma.o [5]
HAL_DMA_Abort_IT         0x800'0887   0x4e  Code  Gb  stm32l0xx_hal_dma.o [5]
HAL_GPIO_Init            0x800'1565  0x174  Code  Gb  stm32l0xx_hal_gpio.o [5]
HAL_GPIO_ReadPin         0x800'16d9    0xc  Code  Gb  stm32l0xx_hal_gpio.o [5]
HAL_GPIO_TogglePin       0x800'16f1   0x10  Code  Gb  stm32l0xx_hal_gpio.o [5]
HAL_GPIO_WritePin        0x800'16e5    0xc  Code  Gb  stm32l0xx_hal_gpio.o [5]
HAL_GetTick              0x800'1061    0xc  Code  Wk  stm32l0xx_hal.o [5]
HAL_IncTick              0x800'1b11   0x10  Code  Wk  stm32l0xx_hal.o [5]
HAL_Init                 0x800'1529   0x24  Code  Gb  stm32l0xx_hal.o [5]
HAL_InitTick             0x800'106d   0x44  Code  Wk  stm32l0xx_hal.o [5]
HAL_MspInit              0x800'1915   0x16  Code  Gb  stm32l0xx_hal_msp.o [2]
HAL_NVIC_EnableIRQ       0x800'112f   0x12  Code  Gb  stm32l0xx_hal_cortex.o [5]
HAL_NVIC_SetPriority     0x800'1127    0x8  Code  Gb  stm32l0xx_hal_cortex.o [5]
HAL_RCCEx_PeriphCLKConfig
                         0x800'17a1  0x14a  Code  Gb  stm32l0xx_hal_rcc_ex.o [5]
HAL_RCC_ClockConfig      0x800'0d11  0x18e  Code  Gb  stm32l0xx_hal_rcc.o [5]
HAL_RCC_GetPCLK1Freq     0x800'0f23    0xe  Code  Gb  stm32l0xx_hal_rcc.o [5]
HAL_RCC_GetSysClockFreq
                         0x800'0eb1   0x72  Code  Gb  stm32l0xx_hal_rcc.o [5]
HAL_RCC_OscConfig        0x800'08dd  0x424  Code  Gb  stm32l0xx_hal_rcc.o [5]
HAL_RS485Ex_Init         0x800'1715   0x84  Code  Gb  stm32l0xx_hal_uart_ex.o [5]
HAL_SYSTICK_Config       0x800'1141   0x28  Code  Gb  stm32l0xx_hal_cortex.o [5]
HAL_UARTEx_RxEventCallback
                         0x800'08d7    0x2  Code  Wk  stm32l0xx_hal_uart.o [5]
HAL_UARTEx_WakeupCallback
                         0x800'08d9    0x2  Code  Wk  stm32l0xx_hal_uart_ex.o [5]
HAL_UART_ErrorCallback   0x800'08d5    0x2  Code  Wk  stm32l0xx_hal_uart.o [5]
HAL_UART_IRQHandler      0x800'00c1  0x2c8  Code  Gb  stm32l0xx_hal_uart.o [5]
HAL_UART_MspInit         0x800'192b   0x88  Code  Gb  stm32l0xx_hal_msp.o [2]
HAL_UART_TxCpltCallback
                         0x800'08db    0x2  Code  Wk  stm32l0xx_hal_uart.o [5]
HardFault_Handler        0x800'1a17    0x2  Code  Gb  stm32l0xx_it.o [2]
I2C1_IRQHandler          0x800'1c81         Code  Wk  startup_stm32l010x4.o [1]
LPTIM1_IRQHandler        0x800'1c7b         Code  Wk  startup_stm32l010x4.o [1]
LPUART1_IRQHandler       0x800'1a65   0x94  Code  Gb  stm32l0xx_it.o [2]
NMI_Handler              0x800'1a15    0x2  Code  Gb  stm32l0xx_it.o [2]
Num_2_Seg                0x800'1518   0x10  Data  Gb  main.o [2]
PLLMulTable              0x800'1bf4    0xc  Data  Gb  system_stm32l0xx.o [4]
ParseToDigits            0x800'1341   0x38  Code  Gb  main.o [2]
PendSV_Handler           0x800'1a1b    0x2  Code  Gb  stm32l0xx_it.o [2]
RCC_IRQHandler           0x800'1a13         Code  Wk  startup_stm32l010x4.o [1]
RTC_IRQHandler           0x800'10e7         Code  Wk  startup_stm32l010x4.o [1]
Region$$Table$$Base      0x800'1bc0          --   Gb  - Linker created -
Region$$Table$$Limit     0x800'1be0          --   Gb  - Linker created -
Reset_Handler            0x800'1b21         Code  Wk  startup_stm32l010x4.o [1]
SPI1_IRQHandler          0x800'1c83         Code  Wk  startup_stm32l010x4.o [1]
SVC_Handler              0x800'1a19    0x2  Code  Gb  stm32l0xx_it.o [2]
SysTick_Handler          0x800'1a1d   0x48  Code  Gb  stm32l0xx_it.o [2]
SystemClock_Config       0x800'12bb   0x86  Code  Gb  main.o [2]
SystemCoreClock         0x2000'00ac    0x4  Data  Gb  system_stm32l0xx.o [4]
SystemInit               0x800'1be1    0x2  Code  Gb  system_stm32l0xx.o [4]
TIM21_IRQHandler         0x800'1c7f         Code  Wk  startup_stm32l010x4.o [1]
TIM2_IRQHandler          0x800'1c7d         Code  Wk  startup_stm32l010x4.o [1]
UART_AdvFeatureConfig    0x800'0575   0xc8  Code  Gb  stm32l0xx_hal_uart.o [5]
UART_CheckIdleState      0x800'0651   0x60  Code  Gb  stm32l0xx_hal_uart.o [5]
UART_DMAAbortOnError     0x800'0829   0x14  Code  Lc  stm32l0xx_hal_uart.o [5]
UART_EndRxTransfer       0x800'07bd   0x5c  Code  Lc  stm32l0xx_hal_uart.o [5]
UART_SetConfig           0x800'039d  0x1cc  Code  Gb  stm32l0xx_hal_uart.o [5]
UART_WaitOnFlagUntilTimeout
                         0x800'06b9   0xde  Code  Gb  stm32l0xx_hal_uart.o [5]
USART2_IRQHandler        0x800'1c85         Code  Wk  startup_stm32l010x4.o [1]
UpdateDisplay            0x800'138d  0x166  Code  Gb  main.o [2]
UpdateDisplay::activeDigit
                        0x2000'0128    0x1  Data  Lc  main.o [2]
WWDG_IRQHandler          0x800'10e3         Code  Wk  startup_stm32l010x4.o [1]
__NVIC_SetPriority       0x800'10ed   0x3a  Code  Lc  stm32l0xx_hal_cortex.o [5]
__aeabi_idiv0            0x800'10e9         Code  Gb  IntDivZer.o [8]
__aeabi_ldiv0            0x800'10e5         Code  Gb  I64DivZer.o [8]
__aeabi_lmul             0x800'10b1         Code  Gb  I64Mul.o [8]
__aeabi_memset           0x800'19c5         Code  Gb  ABImemset.o [8]
__aeabi_uldivmod         0x800'0f71         Code  Gb  I64DivMod.o [8]
__cmain                  0x800'1c01         Code  Gb  cmain.o [8]
__exit                   0x800'1c39   0x14  Code  Gb  exit.o [9]
__iar_Memset4_word       0x800'19e5         Code  Gb  ABImemset.o [8]
__iar_Memset_word        0x800'19d1         Code  Gb  ABImemset.o [8]
__iar_data_init3         0x800'1b99   0x28  Code  Gb  data_init.o [8]
__iar_packbits_init_single3
                         0x800'1023   0x3e  Code  Gb  packbits_init_single.o [8]
__iar_program_start      0x800'1c4d         Code  Gb  cstartup_M.o [8]
__iar_small_uidiv        0x800'0fed         Code  Gb  I32DivMod.o [8]
__iar_small_uidivmod     0x800'0fed         Code  Gb  I32DivMod.o [8]
__iar_zero_init3         0x800'1b5d   0x3c  Code  Gb  zero_init3.o [8]
__low_level_init         0x800'1c1f    0x4  Code  Gb  low_level_init.o [7]
__vector_table           0x800'0000         Data  Gb  startup_stm32l010x4.o [1]
_call_main               0x800'1c0d         Code  Gb  cmain.o [8]
_exit                    0x800'1c2d         Code  Gb  cexit.o [8]
button                  0x2000'0000    0x1  Data  Gb  main.o [2]
counter                 0x2000'0003    0x1  Data  Gb  main.o [2]
digit1Segments          0x2000'0126    0x1  Data  Gb  main.o [2]
digit1Value             0x2000'0124    0x1  Data  Gb  main.o [2]
digit2Segments          0x2000'0127    0x1  Data  Gb  main.o [2]
digit2Value             0x2000'0125    0x1  Data  Gb  main.o [2]
dpOn                    0x2000'0002    0x1  Data  Gb  main.o [2]
exit                     0x800'1c23    0x8  Code  Gb  exit.o [7]
hlpuart1                0x2000'0004   0x84  Data  Gb  main.o [2]
hundred_mS_Counter      0x2000'00b8    0x2  Data  Gb  stm32l0xx_it.o [2]
hundred_mS_Flag         0x2000'00b2    0x1  Data  Gb  stm32l0xx_it.o [2]
inputBuffer             0x2000'0088    0xc  Data  Gb  serial_user.o [3]
lastButton              0x2000'0001    0x1  Data  Gb  main.o [2]
main                     0x800'1179  0x142  Code  Gb  main.o [2]
memset                   0x800'1551   0x14  Code  Gb  memset.o [8]
one_S_Counter           0x2000'00ba    0x2  Data  Gb  stm32l0xx_it.o [2]
one_S_Flag              0x2000'00b3    0x1  Data  Gb  stm32l0xx_it.o [2]
outputBuffer            0x2000'0094    0xc  Data  Gb  serial_user.o [3]
rxBuffer                0x2000'00bc   0x34  Data  Gb  serial_user.o [3]
ten_mS_Counter          0x2000'00b4    0x2  Data  Gb  stm32l0xx_it.o [2]
ten_mS_Flag             0x2000'00b0    0x1  Data  Gb  stm32l0xx_it.o [2]
twentyfive_mS_Counter   0x2000'00b6    0x2  Data  Gb  stm32l0xx_it.o [2]
twentyfive_mS_Flag      0x2000'00b1    0x1  Data  Gb  stm32l0xx_it.o [2]
txBuffer                0x2000'00f0   0x34  Data  Gb  serial_user.o [3]
uwTick                  0x2000'00a4    0x4  Data  Gb  stm32l0xx_hal.o [5]
uwTickFreq              0x2000'00a0    0x1  Data  Gb  stm32l0xx_hal.o [5]
uwTickPrio              0x2000'00a8    0x4  Data  Gb  stm32l0xx_hal.o [5]


[1] = C:\GitHub\SCU-Work\ELEN_509\Mod-DIG_Device\EWARM\Mod-DIG_Device\Obj\Application\EWARM
[2] = C:\GitHub\SCU-Work\ELEN_509\Mod-DIG_Device\EWARM\Mod-DIG_Device\Obj\Application\User\Core
[3] = C:\GitHub\SCU-Work\ELEN_509\Mod-DIG_Device\EWARM\Mod-DIG_Device\Obj\Application\User\Modules
[4] = C:\GitHub\SCU-Work\ELEN_509\Mod-DIG_Device\EWARM\Mod-DIG_Device\Obj\Drivers\CMSIS
[5] = C:\GitHub\SCU-Work\ELEN_509\Mod-DIG_Device\EWARM\Mod-DIG_Device\Obj\Drivers\STM32L0xx_HAL_Driver
[6] = C:\GitHub\SCU-Work\ELEN_509\Mod-DIG_Device\EWARM\Mod-DIG_Device\Obj\Drivers\STM32L0xx_LL
[7] = dl6M_tln.a
[8] = rt6M_tl.a
[9] = shb_l.a

  7'262 bytes of readonly  code memory
     83 bytes of readonly  data memory
  1'321 bytes of readwrite data memory

Errors: none
Warnings: none
