###############################################################################
#
# IAR ELF Linker V8.50.1.245/W32 for ARM                  29/Sep/2021  23:58:19
# Copyright 2007-2020 IAR Systems AB.
#
#    Output file  =
#        C:\Users\VinDa\OneDrive\Documents\IAR\ELEN501L\Lab2\EWARM\Lab2\Exe\Lab2.out
#    Map file     =
#        C:\Users\VinDa\OneDrive\Documents\IAR\ELEN501L\Lab2\EWARM\Lab2\List\Lab2.map
#    Command line =
#        -f C:\Users\VinDa\AppData\Local\Temp\EW667A.tmp
#        (C:\Users\VinDa\OneDrive\Documents\IAR\ELEN501L\Lab2\EWARM\Lab2\Obj\main.o
#        C:\Users\VinDa\OneDrive\Documents\IAR\ELEN501L\Lab2\EWARM\Lab2\Obj\startup_stm32g070xx.o
#        C:\Users\VinDa\OneDrive\Documents\IAR\ELEN501L\Lab2\EWARM\Lab2\Obj\stm32g0xx_hal.o
#        C:\Users\VinDa\OneDrive\Documents\IAR\ELEN501L\Lab2\EWARM\Lab2\Obj\stm32g0xx_hal_adc.o
#        C:\Users\VinDa\OneDrive\Documents\IAR\ELEN501L\Lab2\EWARM\Lab2\Obj\stm32g0xx_hal_adc_ex.o
#        C:\Users\VinDa\OneDrive\Documents\IAR\ELEN501L\Lab2\EWARM\Lab2\Obj\stm32g0xx_hal_cortex.o
#        C:\Users\VinDa\OneDrive\Documents\IAR\ELEN501L\Lab2\EWARM\Lab2\Obj\stm32g0xx_hal_dma.o
#        C:\Users\VinDa\OneDrive\Documents\IAR\ELEN501L\Lab2\EWARM\Lab2\Obj\stm32g0xx_hal_dma_ex.o
#        C:\Users\VinDa\OneDrive\Documents\IAR\ELEN501L\Lab2\EWARM\Lab2\Obj\stm32g0xx_hal_exti.o
#        C:\Users\VinDa\OneDrive\Documents\IAR\ELEN501L\Lab2\EWARM\Lab2\Obj\stm32g0xx_hal_flash.o
#        C:\Users\VinDa\OneDrive\Documents\IAR\ELEN501L\Lab2\EWARM\Lab2\Obj\stm32g0xx_hal_flash_ex.o
#        C:\Users\VinDa\OneDrive\Documents\IAR\ELEN501L\Lab2\EWARM\Lab2\Obj\stm32g0xx_hal_gpio.o
#        C:\Users\VinDa\OneDrive\Documents\IAR\ELEN501L\Lab2\EWARM\Lab2\Obj\stm32g0xx_hal_msp.o
#        C:\Users\VinDa\OneDrive\Documents\IAR\ELEN501L\Lab2\EWARM\Lab2\Obj\stm32g0xx_hal_pwr.o
#        C:\Users\VinDa\OneDrive\Documents\IAR\ELEN501L\Lab2\EWARM\Lab2\Obj\stm32g0xx_hal_pwr_ex.o
#        C:\Users\VinDa\OneDrive\Documents\IAR\ELEN501L\Lab2\EWARM\Lab2\Obj\stm32g0xx_hal_rcc.o
#        C:\Users\VinDa\OneDrive\Documents\IAR\ELEN501L\Lab2\EWARM\Lab2\Obj\stm32g0xx_hal_rcc_ex.o
#        C:\Users\VinDa\OneDrive\Documents\IAR\ELEN501L\Lab2\EWARM\Lab2\Obj\stm32g0xx_hal_tim.o
#        C:\Users\VinDa\OneDrive\Documents\IAR\ELEN501L\Lab2\EWARM\Lab2\Obj\stm32g0xx_hal_tim_ex.o
#        C:\Users\VinDa\OneDrive\Documents\IAR\ELEN501L\Lab2\EWARM\Lab2\Obj\stm32g0xx_it.o
#        C:\Users\VinDa\OneDrive\Documents\IAR\ELEN501L\Lab2\EWARM\Lab2\Obj\stm32g0xx_ll_adc.o
#        C:\Users\VinDa\OneDrive\Documents\IAR\ELEN501L\Lab2\EWARM\Lab2\Obj\stm32g0xx_ll_dma.o
#        C:\Users\VinDa\OneDrive\Documents\IAR\ELEN501L\Lab2\EWARM\Lab2\Obj\stm32g0xx_ll_rcc.o
#        C:\Users\VinDa\OneDrive\Documents\IAR\ELEN501L\Lab2\EWARM\Lab2\Obj\system_stm32g0xx.o
#        --no_out_extension -o
#        C:\Users\VinDa\OneDrive\Documents\IAR\ELEN501L\Lab2\EWARM\Lab2\Exe\Lab2.out
#        --redirect _Printf=_PrintfFullNoMb --redirect _Scanf=_ScanfFullNoMb
#        --map
#        C:\Users\VinDa\OneDrive\Documents\IAR\ELEN501L\Lab2\EWARM\Lab2\List\Lab2.map
#        --config
#        C:\Users\VinDa\OneDrive\Documents\IAR\ELEN501L\Lab2\EWARM/stm32g070xx_flash.icf
#        --semihosting --entry __iar_program_start --vfe --text_out locale)
#
###############################################################################

*******************************************************************************
*** RUNTIME MODEL ATTRIBUTES
***

CppFlavor       = *
__SystemLibrary = DLib
__dlib_version  = 6


*******************************************************************************
*** HEAP SELECTION
***

The basic heap was selected because no calls to memory allocation
functions were found in the application outside of system library
functions, and there are calls to deallocation functions in the
application.


*******************************************************************************
*** PLACEMENT SUMMARY
***

"A0":  place at address 0x800'0000 { ro section .intvec };
"P1":  place in [from 0x800'0000 to 0x801'ffff] { ro };
define block CSTACK with size = 1K, alignment = 8 { };
define block HEAP with size = 512, alignment = 8 { };
"P2":  place in [from 0x2000'0000 to 0x2000'8fff] {
          rw, block CSTACK, block HEAP };
initialize by copy { rw };

  Section            Kind         Address    Size  Object
  -------            ----         -------    ----  ------
"A0":                                        0xb8
  .intvec            ro code   0x800'0000    0xb8  startup_stm32g070xx.o [1]
                             - 0x800'00b8    0xb8

"P1":                                      0x17f7
  .text              ro code   0x800'00b8   0x7a8  stm32g0xx_hal_adc.o [1]
  .text              ro code   0x800'0860    0xa4  stm32g0xx_hal_msp.o [1]
  .text              ro code   0x800'0904    0x36  I32DivMod.o [3]
  .text              ro code   0x800'093a     0x2  stm32g0xx_hal_adc_ex.o [1]
  .text              ro code   0x800'093c     0x2  stm32g0xx_hal_adc.o [1]
  .text              ro code   0x800'093e     0x2  stm32g0xx_hal_adc.o [1]
  .text              ro code   0x800'0940     0x2  stm32g0xx_hal_adc_ex.o [1]
  .text              ro code   0x800'0942     0x2  stm32g0xx_hal_adc_ex.o [1]
  .text              ro code   0x800'0944     0x2  stm32g0xx_hal_adc.o [1]
  .text              ro code   0x800'0946     0x2  stm32g0xx_hal_adc_ex.o [1]
  .text              ro code   0x800'0948     0xc  stm32g0xx_hal.o [1]
  .text              ro code   0x800'0954    0x40  stm32g0xx_hal.o [1]
  .text              ro code   0x800'0994    0x14  memset.o [3]
  .text              ro code   0x800'09a8   0x180  stm32g0xx_hal_gpio.o [1]
  .text              ro code   0x800'0b28    0x90  stm32g0xx_hal_cortex.o [1]
  .text              ro code   0x800'0bb8     0x2  IntDivZer.o [3]
  .text              ro code   0x800'0bba     0x2  startup_stm32g070xx.o [1]
  .text              ro code   0x800'0bbc    0x4c  stm32g0xx_hal.o [1]
  .text              ro code   0x800'0c08    0x4e  ABImemset.o [3]
  .text              ro code   0x800'0c56     0x2  startup_stm32g070xx.o [1]
  .text              ro code   0x800'0c58   0x5d8  stm32g0xx_hal_rcc.o [1]
  .text              ro code   0x800'1230   0x2d2  main.o [1]
  .text              ro code   0x800'1502     0x2  startup_stm32g070xx.o [1]
  .text              ro code   0x800'1504    0x4c  stm32g0xx_hal_pwr_ex.o [1]
  .text              ro code   0x800'1550   0x164  stm32g0xx_hal_rcc_ex.o [1]
  .text              ro code   0x800'16b4    0x78  stm32g0xx_it.o [1]
  .text              ro code   0x800'172c    0x10  stm32g0xx_hal.o [1]
  .rodata            const     0x800'173c    0x40  system_stm32g0xx.o [1]
  .text              ro code   0x800'177c    0x3c  packbits_init_single.o [3]
  .text              ro code   0x800'17b8    0x28  data_init.o [3]
  .iar.init_table    const     0x800'17e0    0x10  - Linker created -
  .text              ro code   0x800'17f0    0x1e  cmain.o [3]
  .text              ro code   0x800'180e     0x4  low_level_init.o [2]
  .text              ro code   0x800'1812     0x8  exit.o [2]
  .text              ro code   0x800'181a     0x2  startup_stm32g070xx.o [1]
  .text              ro code   0x800'181c     0xa  cexit.o [3]
  .text              ro code   0x800'1826     0x2  startup_stm32g070xx.o [1]
  .text              ro code   0x800'1828    0x14  exit.o [4]
  .text              ro code   0x800'183c    0x10  startup_stm32g070xx.o [1]
  .text              ro code   0x800'184c    0x10  system_stm32g0xx.o [1]
  .text              ro code   0x800'185c     0xc  cstartup_M.o [3]
  .text              ro code   0x800'1868     0x2  startup_stm32g070xx.o [1]
  .text              ro code   0x800'186a     0x2  startup_stm32g070xx.o [1]
  .text              ro code   0x800'186c     0x2  startup_stm32g070xx.o [1]
  .text              ro code   0x800'186e     0x2  startup_stm32g070xx.o [1]
  .text              ro code   0x800'1870     0x2  startup_stm32g070xx.o [1]
  .text              ro code   0x800'1872     0x2  startup_stm32g070xx.o [1]
  .text              ro code   0x800'1874     0x2  startup_stm32g070xx.o [1]
  .text              ro code   0x800'1876     0x2  startup_stm32g070xx.o [1]
  .text              ro code   0x800'1878     0x2  startup_stm32g070xx.o [1]
  .text              ro code   0x800'187a     0x2  startup_stm32g070xx.o [1]
  .text              ro code   0x800'187c     0x2  startup_stm32g070xx.o [1]
  .text              ro code   0x800'187e     0x2  startup_stm32g070xx.o [1]
  .text              ro code   0x800'1880     0x2  startup_stm32g070xx.o [1]
  .text              ro code   0x800'1882     0x2  startup_stm32g070xx.o [1]
  .text              ro code   0x800'1884     0x2  startup_stm32g070xx.o [1]
  .text              ro code   0x800'1886     0x2  startup_stm32g070xx.o [1]
  .text              ro code   0x800'1888     0x2  startup_stm32g070xx.o [1]
  .text              ro code   0x800'188a     0x2  startup_stm32g070xx.o [1]
  .text              ro code   0x800'188c     0x2  startup_stm32g070xx.o [1]
  .text              ro code   0x800'188e     0x2  startup_stm32g070xx.o [1]
  .text              ro code   0x800'1890     0x2  startup_stm32g070xx.o [1]
  .rodata            const     0x800'1892     0x0  packbits_init_single.o [3]
  Initializer bytes  const     0x800'1892    0x1d  <for P2-1>
                             - 0x800'18af  0x17f7

"P2", part 1 of 2:                           0x86
  P2-1                        0x2000'0000    0x86  <Init block>
    .data            inited   0x2000'0000    0x66  main.o [1]
    .data            inited   0x2000'0068     0xc  stm32g0xx_hal.o [1]
    .data            inited   0x2000'0074     0x4  system_stm32g0xx.o [1]
    .data            inited   0x2000'0078     0xc  stm32g0xx_it.o [1]
    .bss             inited   0x2000'0084     0x2  main.o [1]
                            - 0x2000'0086    0x86

"P2", part 2 of 2:                          0x400
  CSTACK                      0x2000'0088   0x400  <Block>
    CSTACK           uninit   0x2000'0088   0x400  <Block tail>
                            - 0x2000'0488   0x400

Unused ranges:

         From           To      Size
         ----           --      ----
   0x800'18af   0x801'ffff  0x1'e751
  0x2000'0086  0x2000'0087       0x2
  0x2000'0488  0x2000'8fff    0x8b78


*******************************************************************************
*** INIT TABLE
***

          Address      Size
          -------      ----
Copy/packbits (__iar_packbits_init_single3)
    1 source range, total size 0x1d (21% of destination):
           0x800'1892  0x1d
    1 destination range, total size 0x86:
          0x2000'0000  0x86



*******************************************************************************
*** MODULE SUMMARY
***

    Module                  ro code  ro data  rw data
    ------                  -------  -------  -------
command line/config:
    -------------------------------------------------
    Total:

C:\Users\VinDa\OneDrive\Documents\IAR\ELEN501L\Lab2\EWARM\Lab2\Obj: [1]
    main.o                      722       22      104
    startup_stm32g070xx.o       252
    stm32g0xx_hal.o             168        3       12
    stm32g0xx_hal_adc.o       1'966
    stm32g0xx_hal_adc_ex.o        8
    stm32g0xx_hal_cortex.o      144
    stm32g0xx_hal_gpio.o        384
    stm32g0xx_hal_msp.o         164
    stm32g0xx_hal_pwr_ex.o       76
    stm32g0xx_hal_rcc.o       1'496
    stm32g0xx_hal_rcc_ex.o      356
    stm32g0xx_it.o              120        3       12
    system_stm32g0xx.o           16       64        4
    -------------------------------------------------
    Total:                    5'872       92      132

dl6M_tln.a: [2]
    exit.o                        8
    low_level_init.o              4
    -------------------------------------------------
    Total:                       12

rt6M_tl.a: [3]
    ABImemset.o                  78
    I32DivMod.o                  54
    IntDivZer.o                   2
    cexit.o                      10
    cmain.o                      30
    cstartup_M.o                 12
    data_init.o                  40
    memset.o                     20
    packbits_init_single.o       60
    -------------------------------------------------
    Total:                      306

shb_l.a: [4]
    exit.o                       20
    -------------------------------------------------
    Total:                       20

    Gaps                                            2
    Linker created                        17    1'024
-----------------------------------------------------
    Grand Total:              6'210      109    1'158


*******************************************************************************
*** ENTRY LIST
***

Entry                       Address   Size  Type      Object
-----                       -------   ----  ----      ------
.iar.init_table$$Base    0x800'17e0          --   Gb  - Linker created -
.iar.init_table$$Limit   0x800'17f0          --   Gb  - Linker created -
?main                    0x800'17f1         Code  Gb  cmain.o [3]
ADC1_IRQHandler          0x800'1705   0x16  Code  Gb  stm32g0xx_it.o [1]
ADC_Enable               0x800'07bd   0x8e  Code  Gb  stm32g0xx_hal_adc.o [1]
AHBPrescTable            0x800'173c   0x40  Data  Gb  system_stm32g0xx.o [1]
CSTACK$$Base            0x2000'0088          --   Gb  - Linker created -
CSTACK$$Limit           0x2000'0488          --   Gb  - Linker created -
Error_Handler            0x800'14ff    0x4  Code  Gb  main.o [1]
HAL_ADCEx_ChannelConfigReadyCallback
                         0x800'0947    0x2  Code  Wk  stm32g0xx_hal_adc_ex.o [1]
HAL_ADCEx_EndOfSamplingCallback
                         0x800'093b    0x2  Code  Wk  stm32g0xx_hal_adc_ex.o [1]
HAL_ADCEx_LevelOutOfWindow2Callback
                         0x800'0941    0x2  Code  Wk  stm32g0xx_hal_adc_ex.o [1]
HAL_ADCEx_LevelOutOfWindow3Callback
                         0x800'0943    0x2  Code  Wk  stm32g0xx_hal_adc_ex.o [1]
HAL_ADC_ConfigChannel    0x800'0529  0x262  Code  Gb  stm32g0xx_hal_adc.o [1]
HAL_ADC_GetValue         0x800'03d5    0x6  Code  Gb  stm32g0xx_hal_adc.o [1]
HAL_ADC_IRQHandler       0x800'03db  0x142  Code  Gb  stm32g0xx_hal_adc.o [1]
HAL_ADC_Init             0x800'00df  0x238  Code  Gb  stm32g0xx_hal_adc.o [1]
HAL_ADC_MspInit          0x800'0891   0x66  Code  Gb  stm32g0xx_hal_msp.o [1]
HAL_ADC_Start_IT         0x800'0345   0x7a  Code  Gb  stm32g0xx_hal_adc.o [1]
HAL_GPIO_Init            0x800'09a9  0x150  Code  Gb  stm32g0xx_hal_gpio.o [1]
HAL_GPIO_ReadPin         0x800'0af9    0xc  Code  Gb  stm32g0xx_hal_gpio.o [1]
HAL_GPIO_WritePin        0x800'0b05    0xc  Code  Gb  stm32g0xx_hal_gpio.o [1]
HAL_GetTick              0x800'0949    0xc  Code  Wk  stm32g0xx_hal.o [1]
HAL_IncTick              0x800'172d   0x10  Code  Wk  stm32g0xx_hal.o [1]
HAL_Init                 0x800'0955   0x24  Code  Gb  stm32g0xx_hal.o [1]
HAL_InitTick             0x800'0bbd   0x4c  Code  Wk  stm32g0xx_hal.o [1]
HAL_MspInit              0x800'0861   0x30  Code  Gb  stm32g0xx_hal_msp.o [1]
HAL_NVIC_EnableIRQ       0x800'0b6d   0x12  Code  Gb  stm32g0xx_hal_cortex.o [1]
HAL_NVIC_SetPriority     0x800'0b63    0x8  Code  Gb  stm32g0xx_hal_cortex.o [1]
HAL_PWREx_ControlVoltageScaling
                         0x800'1505   0x3a  Code  Gb  stm32g0xx_hal_pwr_ex.o [1]
HAL_RCCEx_PeriphCLKConfig
                         0x800'1551  0x142  Code  Gb  stm32g0xx_hal_rcc_ex.o [1]
HAL_RCC_ClockConfig      0x800'1029  0x14e  Code  Gb  stm32g0xx_hal_rcc.o [1]
HAL_RCC_GetSysClockFreq
                         0x800'1189   0x82  Code  Gb  stm32g0xx_hal_rcc.o [1]
HAL_RCC_OscConfig        0x800'0c59  0x3ba  Code  Gb  stm32g0xx_hal_rcc.o [1]
HAL_SYSCFG_StrobeDBattpinsConfig
                         0x800'0979    0xe  Code  Gb  stm32g0xx_hal.o [1]
HAL_SYSTICK_Config       0x800'0b7f   0x28  Code  Gb  stm32g0xx_hal_cortex.o [1]
HardFault_Handler        0x800'16b7    0x2  Code  Gb  stm32g0xx_it.o [1]
LL_ADC_REG_IsTriggerSourceSWStart
                         0x800'00cf   0x10  Code  Lc  stm32g0xx_hal_adc.o [1]
LL_ADC_SetSamplingTimeCommonChannels
                         0x800'00b9   0x16  Code  Lc  stm32g0xx_hal_adc.o [1]
NMI_Handler              0x800'16b5    0x2  Code  Gb  stm32g0xx_it.o [1]
PendSV_Handler           0x800'16bb    0x2  Code  Gb  stm32g0xx_it.o [1]
Region$$Table$$Base      0x800'17e0          --   Gb  - Linker created -
Region$$Table$$Limit     0x800'17f0          --   Gb  - Linker created -
SVC_Handler              0x800'16b9    0x2  Code  Gb  stm32g0xx_it.o [1]
SysTick_Handler          0x800'16bd   0x48  Code  Gb  stm32g0xx_it.o [1]
SystemClock_Config       0x800'1481   0x7e  Code  Gb  main.o [1]
SystemCoreClock         0x2000'0074    0x4  Data  Gb  system_stm32g0xx.o [1]
SystemInit               0x800'184d    0xa  Code  Gb  system_stm32g0xx.o [1]
__ICFEDIT_region_RAM_end__ {Abs}
                        0x2000'8fff         Data  Gb  <internal module>
__ICFEDIT_region_RAM_start__ {Abs}
                        0x2000'0000         Data  Gb  <internal module>
__NVIC_SetPriority       0x800'0b29   0x3a  Code  Lc  stm32g0xx_hal_cortex.o [1]
__aeabi_idiv0            0x800'0bb9         Code  Gb  IntDivZer.o [3]
__aeabi_memset           0x800'0c09         Code  Gb  ABImemset.o [3]
__cmain                  0x800'17f1         Code  Gb  cmain.o [3]
__exit                   0x800'1829   0x14  Code  Gb  exit.o [4]
__iar_Memset4_word       0x800'0c29         Code  Gb  ABImemset.o [3]
__iar_Memset_word        0x800'0c15         Code  Gb  ABImemset.o [3]
__iar_data_init3         0x800'17b9   0x28  Code  Gb  data_init.o [3]
__iar_packbits_init_single3
                         0x800'177d   0x3c  Code  Gb  packbits_init_single.o [3]
__iar_program_start      0x800'185d         Code  Gb  cstartup_M.o [3]
__iar_small_uidiv        0x800'0905         Code  Gb  I32DivMod.o [3]
__iar_small_uidivmod     0x800'0905         Code  Gb  I32DivMod.o [3]
__low_level_init         0x800'180f    0x4  Code  Gb  low_level_init.o [2]
__vector_table           0x800'0000         Data  Gb  startup_stm32g070xx.o [1]
_call_main               0x800'17fd         Code  Gb  cmain.o [3]
_exit                    0x800'181d         Code  Gb  cexit.o [3]
_main                    0x800'180b         Code  Gb  cmain.o [3]
adcValue                0x2000'0084    0x2  Data  Gb  main.o [1]
buttons                 0x2000'0065    0x1  Data  Gb  main.o [1]
exit                     0x800'1813    0x8  Code  Gb  exit.o [2]
hadc1                   0x2000'0000   0x64  Data  Gb  main.o [1]
hundred_mS_Counter      0x2000'0080    0x2  Data  Gb  stm32g0xx_it.o [1]
hundred_mS_Flag         0x2000'007a    0x1  Data  Gb  stm32g0xx_it.o [1]
ledSeq                  0x2000'0064    0x1  Data  Gb  main.o [1]
main                     0x800'1231  0x212  Code  Gb  main.o [1]
memset                   0x800'0995   0x14  Code  Gb  memset.o [3]
one_S_Counter           0x2000'0082    0x2  Data  Gb  stm32g0xx_it.o [1]
one_S_Flag              0x2000'007b    0x1  Data  Gb  stm32g0xx_it.o [1]
ten_mS_Counter          0x2000'007c    0x2  Data  Gb  stm32g0xx_it.o [1]
ten_mS_Flag             0x2000'0078    0x1  Data  Gb  stm32g0xx_it.o [1]
twentyfive_mS_Counter   0x2000'007e    0x2  Data  Gb  stm32g0xx_it.o [1]
twentyfive_mS_Flag      0x2000'0079    0x1  Data  Gb  stm32g0xx_it.o [1]
uwTick                  0x2000'006c    0x4  Data  Gb  stm32g0xx_hal.o [1]
uwTickFreq              0x2000'0068    0x1  Data  Gb  stm32g0xx_hal.o [1]
uwTickPrio              0x2000'0070    0x4  Data  Gb  stm32g0xx_hal.o [1]


[1] = C:\Users\VinDa\OneDrive\Documents\IAR\ELEN501L\Lab2\EWARM\Lab2\Obj
[2] = dl6M_tln.a
[3] = rt6M_tl.a
[4] = shb_l.a

  6'210 bytes of readonly  code memory
    109 bytes of readonly  data memory
  1'158 bytes of readwrite data memory

Errors: none
Warnings: none
