###############################################################################
#
# IAR ELF Linker V9.10.2.313/W64 for ARM                  26/Nov/2021  12:40:57
# Copyright 2007-2021 IAR Systems AB.
#
#    Output file  =
#        C:\GitHub\SCU-Work\ELEN_460\ELEN460_Final_Project_Main\EWARM\ELEN460_Final_Project_Main\Exe\ELEN460_Final_Project_Main.out
#    Map file     =
#        C:\GitHub\SCU-Work\ELEN_460\ELEN460_Final_Project_Main\EWARM\ELEN460_Final_Project_Main\List\ELEN460_Final_Project_Main.map
#    Command line =
#        -f
#        C:\GitHub\SCU-Work\ELEN_460\ELEN460_Final_Project_Main\EWARM\ELEN460_Final_Project_Main\Exe\ELEN460_Final_Project_Main.out.rsp
#        (C:\GitHub\SCU-Work\ELEN_460\ELEN460_Final_Project_Main\EWARM\ELEN460_Final_Project_Main\Obj\Application\User\Core\KeyboardHoldRepeat.o
#        C:\GitHub\SCU-Work\ELEN_460\ELEN460_Final_Project_Main\EWARM\ELEN460_Final_Project_Main\Obj\Application\User\Core\KeyboardHoldRepeat_User.o
#        C:\GitHub\SCU-Work\ELEN_460\ELEN460_Final_Project_Main\EWARM\ELEN460_Final_Project_Main\Obj\Application\User\Core\main.o
#        C:\GitHub\SCU-Work\ELEN_460\ELEN460_Final_Project_Main\EWARM\ELEN460_Final_Project_Main\Obj\Application\EWARM\startup_stm32g431xx.o
#        C:\GitHub\SCU-Work\ELEN_460\ELEN460_Final_Project_Main\EWARM\ELEN460_Final_Project_Main\Obj\Drivers\STM32G4xx_HAL_Driver\stm32g4xx_hal.o
#        C:\GitHub\SCU-Work\ELEN_460\ELEN460_Final_Project_Main\EWARM\ELEN460_Final_Project_Main\Obj\Drivers\STM32G4xx_HAL_Driver\stm32g4xx_hal_cortex.o
#        C:\GitHub\SCU-Work\ELEN_460\ELEN460_Final_Project_Main\EWARM\ELEN460_Final_Project_Main\Obj\Drivers\STM32G4xx_HAL_Driver\stm32g4xx_hal_dma.o
#        C:\GitHub\SCU-Work\ELEN_460\ELEN460_Final_Project_Main\EWARM\ELEN460_Final_Project_Main\Obj\Drivers\STM32G4xx_HAL_Driver\stm32g4xx_hal_dma_ex.o
#        C:\GitHub\SCU-Work\ELEN_460\ELEN460_Final_Project_Main\EWARM\ELEN460_Final_Project_Main\Obj\Drivers\STM32G4xx_HAL_Driver\stm32g4xx_hal_exti.o
#        C:\GitHub\SCU-Work\ELEN_460\ELEN460_Final_Project_Main\EWARM\ELEN460_Final_Project_Main\Obj\Drivers\STM32G4xx_HAL_Driver\stm32g4xx_hal_flash.o
#        C:\GitHub\SCU-Work\ELEN_460\ELEN460_Final_Project_Main\EWARM\ELEN460_Final_Project_Main\Obj\Drivers\STM32G4xx_HAL_Driver\stm32g4xx_hal_flash_ex.o
#        C:\GitHub\SCU-Work\ELEN_460\ELEN460_Final_Project_Main\EWARM\ELEN460_Final_Project_Main\Obj\Drivers\STM32G4xx_HAL_Driver\stm32g4xx_hal_flash_ramfunc.o
#        C:\GitHub\SCU-Work\ELEN_460\ELEN460_Final_Project_Main\EWARM\ELEN460_Final_Project_Main\Obj\Drivers\STM32G4xx_HAL_Driver\stm32g4xx_hal_gpio.o
#        C:\GitHub\SCU-Work\ELEN_460\ELEN460_Final_Project_Main\EWARM\ELEN460_Final_Project_Main\Obj\Drivers\STM32G4xx_HAL_Driver\stm32g4xx_hal_i2c.o
#        C:\GitHub\SCU-Work\ELEN_460\ELEN460_Final_Project_Main\EWARM\ELEN460_Final_Project_Main\Obj\Drivers\STM32G4xx_HAL_Driver\stm32g4xx_hal_i2c_ex.o
#        C:\GitHub\SCU-Work\ELEN_460\ELEN460_Final_Project_Main\EWARM\ELEN460_Final_Project_Main\Obj\Application\User\Core\stm32g4xx_hal_msp.o
#        C:\GitHub\SCU-Work\ELEN_460\ELEN460_Final_Project_Main\EWARM\ELEN460_Final_Project_Main\Obj\Drivers\STM32G4xx_HAL_Driver\stm32g4xx_hal_pwr.o
#        C:\GitHub\SCU-Work\ELEN_460\ELEN460_Final_Project_Main\EWARM\ELEN460_Final_Project_Main\Obj\Drivers\STM32G4xx_HAL_Driver\stm32g4xx_hal_pwr_ex.o
#        C:\GitHub\SCU-Work\ELEN_460\ELEN460_Final_Project_Main\EWARM\ELEN460_Final_Project_Main\Obj\Drivers\STM32G4xx_HAL_Driver\stm32g4xx_hal_rcc.o
#        C:\GitHub\SCU-Work\ELEN_460\ELEN460_Final_Project_Main\EWARM\ELEN460_Final_Project_Main\Obj\Drivers\STM32G4xx_HAL_Driver\stm32g4xx_hal_rcc_ex.o
#        C:\GitHub\SCU-Work\ELEN_460\ELEN460_Final_Project_Main\EWARM\ELEN460_Final_Project_Main\Obj\Drivers\STM32G4xx_HAL_Driver\stm32g4xx_hal_tim.o
#        C:\GitHub\SCU-Work\ELEN_460\ELEN460_Final_Project_Main\EWARM\ELEN460_Final_Project_Main\Obj\Drivers\STM32G4xx_HAL_Driver\stm32g4xx_hal_tim_ex.o
#        C:\GitHub\SCU-Work\ELEN_460\ELEN460_Final_Project_Main\EWARM\ELEN460_Final_Project_Main\Obj\Application\User\Core\stm32g4xx_it.o
#        C:\GitHub\SCU-Work\ELEN_460\ELEN460_Final_Project_Main\EWARM\ELEN460_Final_Project_Main\Obj\Drivers\CMSIS\system_stm32g4xx.o
#        --no_out_extension -o
#        C:\GitHub\SCU-Work\ELEN_460\ELEN460_Final_Project_Main\EWARM\ELEN460_Final_Project_Main\Exe\ELEN460_Final_Project_Main.out
#        --redirect _Printf=_PrintfFullNoMb --redirect _Scanf=_ScanfFullNoMb
#        --map
#        C:\GitHub\SCU-Work\ELEN_460\ELEN460_Final_Project_Main\EWARM\ELEN460_Final_Project_Main\List\ELEN460_Final_Project_Main.map
#        --config
#        C:\GitHub\SCU-Work\ELEN_460\ELEN460_Final_Project_Main\EWARM/stm32g431xx_flash.icf
#        --semihosting --entry __iar_program_start --vfe --text_out locale)
#
###############################################################################

*******************************************************************************
*** RUNTIME MODEL ATTRIBUTES
***

CppFlavor       = *
__SystemLibrary = DLib
__dlib_version  = 6


*******************************************************************************
*** HEAP SELECTION
***

The basic heap was selected because some modules are built with
size limitations (and not runtime checking), and --advanced_heap
was not specified.


*******************************************************************************
*** PLACEMENT SUMMARY
***

"A0":  place at address 0x800'0000 { ro section .intvec };
"P1":  place in [from 0x800'0000 to 0x801'ffff] { ro };
define block CSTACK with size = 1K, alignment = 8 { };
define block HEAP with size = 512, alignment = 8 { };
"P2":  place in [from 0x2000'0000 to 0x2000'7fff] {
          rw, block CSTACK, block HEAP };
initialize by copy { rw };

  Section            Kind         Address    Size  Object
  -------            ----         -------    ----  ------
"A0":                                       0x1d8
  .intvec            ro code   0x800'0000   0x1d8  startup_stm32g431xx.o [1]
                             - 0x800'01d8   0x1d8

"P1":                                      0x2102
  .text              ro code   0x800'01d8   0x664  stm32g4xx_hal_tim.o [4]
  .text              ro code   0x800'083c   0x15c  stm32g4xx_hal_msp.o [2]
  .text              ro code   0x800'0998    0xb0  stm32g4xx_hal_pwr_ex.o [4]
  .text              ro code   0x800'0a48    0x14  memset.o [7]
  .text              ro code   0x800'0a5c   0x1c0  stm32g4xx_hal_gpio.o [4]
  .text              ro code   0x800'0c1c    0x66  ABImemset.o [7]
  .text              ro code   0x800'0c82    0x3a  packbits_init_single.o [7]
  .text              ro code   0x800'0cbc   0x600  stm32g4xx_hal_rcc.o [4]
  .text              ro code   0x800'12bc     0xc  stm32g4xx_hal.o [4]
  .text              ro code   0x800'12c8    0x44  stm32g4xx_hal.o [4]
  .text              ro code   0x800'130c    0xac  stm32g4xx_hal_cortex.o [4]
  .text              ro code   0x800'13b8   0x4ae  main.o [2]
  .text              ro code   0x800'1868    0x1e  stm32g4xx_hal.o [4]
  .text              ro code   0x800'1888   0x144  stm32g4xx_hal_tim_ex.o [4]
  .text              ro code   0x800'19cc   0x388  stm32g4xx_hal_i2c.o [4]
  .text              ro code   0x800'1d54    0x7e  stm32g4xx_hal_i2c_ex.o [4]
  .text              ro code   0x800'1dd4   0x228  stm32g4xx_hal_rcc_ex.o [4]
  .text              ro code   0x800'1ffc    0x5c  stm32g4xx_it.o [2]
  .text              ro code   0x800'2058    0x10  stm32g4xx_hal.o [4]
  .text              ro code   0x800'2068    0x38  zero_init3.o [7]
  .text              ro code   0x800'20a0    0x28  data_init.o [7]
  .text              ro code   0x800'20c8    0x22  fpinit_M.o [6]
  .iar.init_table    const     0x800'20ec    0x20  - Linker created -
  .text              ro code   0x800'210c    0x20  system_stm32g4xx.o [3]
  .text              ro code   0x800'212c    0x1e  cmain.o [7]
  .text              ro code   0x800'214a     0x4  low_level_init.o [5]
  .text              ro code   0x800'214e     0x4  exit.o [5]
  .text              ro code   0x800'2154     0xa  cexit.o [7]
  .text              ro code   0x800'2160    0x14  exit.o [8]
  .text              ro code   0x800'2174    0x1c  cstartup_M.o [7]
  .text              ro code   0x800'2190    0x10  startup_stm32g431xx.o [1]
  .text              ro code   0x800'21a0     0x4  startup_stm32g431xx.o [1]
  .text              ro code   0x800'21a4     0x4  startup_stm32g431xx.o [1]
  .text              ro code   0x800'21a8     0x4  startup_stm32g431xx.o [1]
  .text              ro code   0x800'21ac     0x4  startup_stm32g431xx.o [1]
  .text              ro code   0x800'21b0     0x4  startup_stm32g431xx.o [1]
  .text              ro code   0x800'21b4     0x4  startup_stm32g431xx.o [1]
  .text              ro code   0x800'21b8     0x4  startup_stm32g431xx.o [1]
  .text              ro code   0x800'21bc     0x4  startup_stm32g431xx.o [1]
  .text              ro code   0x800'21c0     0x4  startup_stm32g431xx.o [1]
  .text              ro code   0x800'21c4     0x4  startup_stm32g431xx.o [1]
  .text              ro code   0x800'21c8     0x4  startup_stm32g431xx.o [1]
  .text              ro code   0x800'21cc     0x4  startup_stm32g431xx.o [1]
  .text              ro code   0x800'21d0     0x4  startup_stm32g431xx.o [1]
  .text              ro code   0x800'21d4     0x4  startup_stm32g431xx.o [1]
  .text              ro code   0x800'21d8     0x4  startup_stm32g431xx.o [1]
  .text              ro code   0x800'21dc     0x4  startup_stm32g431xx.o [1]
  .text              ro code   0x800'21e0     0x4  startup_stm32g431xx.o [1]
  .text              ro code   0x800'21e4     0x4  startup_stm32g431xx.o [1]
  .text              ro code   0x800'21e8     0x4  startup_stm32g431xx.o [1]
  .text              ro code   0x800'21ec     0x4  startup_stm32g431xx.o [1]
  .text              ro code   0x800'21f0     0x4  startup_stm32g431xx.o [1]
  .text              ro code   0x800'21f4     0x4  startup_stm32g431xx.o [1]
  .text              ro code   0x800'21f8     0x4  startup_stm32g431xx.o [1]
  .text              ro code   0x800'21fc     0x4  startup_stm32g431xx.o [1]
  .text              ro code   0x800'2200     0x4  startup_stm32g431xx.o [1]
  .text              ro code   0x800'2204     0x4  startup_stm32g431xx.o [1]
  .text              ro code   0x800'2208     0x4  startup_stm32g431xx.o [1]
  .text              ro code   0x800'220c     0x4  startup_stm32g431xx.o [1]
  .text              ro code   0x800'2210     0x4  startup_stm32g431xx.o [1]
  .text              ro code   0x800'2214     0x4  startup_stm32g431xx.o [1]
  .text              ro code   0x800'2218     0x4  startup_stm32g431xx.o [1]
  .text              ro code   0x800'221c     0x4  startup_stm32g431xx.o [1]
  .text              ro code   0x800'2220     0x4  startup_stm32g431xx.o [1]
  .text              ro code   0x800'2224     0x4  startup_stm32g431xx.o [1]
  .text              ro code   0x800'2228     0x4  startup_stm32g431xx.o [1]
  .text              ro code   0x800'222c     0x4  startup_stm32g431xx.o [1]
  .text              ro code   0x800'2230     0x4  startup_stm32g431xx.o [1]
  .text              ro code   0x800'2234     0x4  startup_stm32g431xx.o [1]
  .text              ro code   0x800'2238     0x4  startup_stm32g431xx.o [1]
  .text              ro code   0x800'223c     0x4  startup_stm32g431xx.o [1]
  .text              ro code   0x800'2240     0x4  startup_stm32g431xx.o [1]
  .text              ro code   0x800'2244     0x4  startup_stm32g431xx.o [1]
  .text              ro code   0x800'2248     0x4  startup_stm32g431xx.o [1]
  .text              ro code   0x800'224c     0x4  startup_stm32g431xx.o [1]
  .text              ro code   0x800'2250     0x4  startup_stm32g431xx.o [1]
  .text              ro code   0x800'2254     0x4  startup_stm32g431xx.o [1]
  .text              ro code   0x800'2258     0x4  startup_stm32g431xx.o [1]
  .text              ro code   0x800'225c     0x4  startup_stm32g431xx.o [1]
  .text              ro code   0x800'2260     0x4  startup_stm32g431xx.o [1]
  .text              ro code   0x800'2264     0x4  startup_stm32g431xx.o [1]
  .text              ro code   0x800'2268     0x4  startup_stm32g431xx.o [1]
  .text              ro code   0x800'226c     0x4  startup_stm32g431xx.o [1]
  .text              ro code   0x800'2270     0x4  startup_stm32g431xx.o [1]
  .text              ro code   0x800'2274     0x4  startup_stm32g431xx.o [1]
  .text              ro code   0x800'2278     0x4  startup_stm32g431xx.o [1]
  .text              ro code   0x800'227c     0x4  startup_stm32g431xx.o [1]
  .text              ro code   0x800'2280     0x4  startup_stm32g431xx.o [1]
  .text              ro code   0x800'2284     0x4  startup_stm32g431xx.o [1]
  .text              ro code   0x800'2288     0x4  startup_stm32g431xx.o [1]
  .text              ro code   0x800'228c     0x4  startup_stm32g431xx.o [1]
  .text              ro code   0x800'2290     0x4  startup_stm32g431xx.o [1]
  .text              ro code   0x800'2294     0x4  startup_stm32g431xx.o [1]
  .text              ro code   0x800'2298     0x4  startup_stm32g431xx.o [1]
  .text              ro code   0x800'229c     0x4  startup_stm32g431xx.o [1]
  .text              ro code   0x800'22a0     0x4  startup_stm32g431xx.o [1]
  .text              ro code   0x800'22a4     0x4  startup_stm32g431xx.o [1]
  .text              ro code   0x800'22a8     0x4  startup_stm32g431xx.o [1]
  .text              ro code   0x800'22ac     0x4  startup_stm32g431xx.o [1]
  .text              ro code   0x800'22b0     0x4  startup_stm32g431xx.o [1]
  .text              ro code   0x800'22b4     0x4  startup_stm32g431xx.o [1]
  .rodata            const     0x800'22b8     0x0  zero_init3.o [7]
  .rodata            const     0x800'22b8     0x0  packbits_init_single.o [7]
  Initializer bytes  const     0x800'22b8    0x22  <for P2-1>
                             - 0x800'22da  0x2102

"P2", part 1 of 3:                           0x78
  P2-1                        0x2000'0000    0x78  <Init block>
    .data            inited   0x2000'0000    0x5c  main.o [2]
    .data            inited   0x2000'005c     0xc  stm32g4xx_hal.o [4]
    .data            inited   0x2000'0068     0x4  system_stm32g4xx.o [3]
    .data            inited   0x2000'006c     0xc  stm32g4xx_it.o [2]
                            - 0x2000'0078    0x78

"P2", part 2 of 3:                           0x98
  .bss               zero     0x2000'0078    0x4c  main.o [2]
  .bss               zero     0x2000'00c4    0x4c  main.o [2]
                            - 0x2000'0110    0x98

"P2", part 3 of 3:                          0x400
  CSTACK                      0x2000'0110   0x400  <Block>
    CSTACK           uninit   0x2000'0110   0x400  <Block tail>
                            - 0x2000'0510   0x400

Unused ranges:

         From           To      Size
         ----           --      ----
   0x800'22da   0x801'ffff  0x1'dd26
  0x2000'0510  0x2000'7fff    0x7af0


*******************************************************************************
*** INIT TABLE
***

          Address      Size
          -------      ----
Zero (__iar_zero_init3)
    1 destination range, total size 0x98:
          0x2000'0078  0x98

Copy/packbits (__iar_packbits_init_single3)
    1 source range, total size 0x22 (28% of destination):
           0x800'22b8  0x22
    1 destination range, total size 0x78:
          0x2000'0000  0x78



*******************************************************************************
*** MODULE SUMMARY
***

    Module                  ro code  ro data  rw data
    ------                  -------  -------  -------
command line/config:
    -------------------------------------------------
    Total:

C:\GitHub\SCU-Work\ELEN_460\ELEN460_Final_Project_Main\EWARM\ELEN460_Final_Project_Main\Obj\Application\EWARM: [1]
    startup_stm32g431xx.o       768
    -------------------------------------------------
    Total:                      768

C:\GitHub\SCU-Work\ELEN_460\ELEN460_Final_Project_Main\EWARM\ELEN460_Final_Project_Main\Obj\Application\User\Core: [2]
    main.o                    1'198       26      244
    stm32g4xx_hal_msp.o         348
    stm32g4xx_it.o               92        4       12
    -------------------------------------------------
    Total:                    1'638       30      256

C:\GitHub\SCU-Work\ELEN_460\ELEN460_Final_Project_Main\EWARM\ELEN460_Final_Project_Main\Obj\Drivers\CMSIS: [3]
    system_stm32g4xx.o           32        1        4
    -------------------------------------------------
    Total:                       32        1        4

C:\GitHub\SCU-Work\ELEN_460\ELEN460_Final_Project_Main\EWARM\ELEN460_Final_Project_Main\Obj\Drivers\STM32G4xx_HAL_Driver: [4]
    stm32g4xx_hal.o             126        3       12
    stm32g4xx_hal_cortex.o      172
    stm32g4xx_hal_gpio.o        448
    stm32g4xx_hal_i2c.o         904
    stm32g4xx_hal_i2c_ex.o      126
    stm32g4xx_hal_pwr_ex.o      176
    stm32g4xx_hal_rcc.o       1'536
    stm32g4xx_hal_rcc_ex.o      552
    stm32g4xx_hal_tim.o       1'636
    stm32g4xx_hal_tim_ex.o      324
    -------------------------------------------------
    Total:                    6'000        3       12

dl7M_tlf.a: [5]
    exit.o                        4
    low_level_init.o              4
    -------------------------------------------------
    Total:                        8

m7M_tls.a: [6]
    fpinit_M.o                   34
    -------------------------------------------------
    Total:                       34

rt7M_tl.a: [7]
    ABImemset.o                 102
    cexit.o                      10
    cmain.o                      30
    cstartup_M.o                 28
    data_init.o                  40
    memset.o                     20
    packbits_init_single.o       58
    zero_init3.o                 56
    -------------------------------------------------
    Total:                      344

shb_l.a: [8]
    exit.o                       20
    -------------------------------------------------
    Total:                       20

    Gaps                         10        2
    Linker created                        32    1'024
-----------------------------------------------------
    Grand Total:              8'854       68    1'296


*******************************************************************************
*** ENTRY LIST
***

Entry                       Address   Size  Type      Object
-----                       -------   ----  ----      ------
.iar.init_table$$Base    0x800'20ec          --   Gb  - Linker created -
.iar.init_table$$Limit   0x800'210c          --   Gb  - Linker created -
?main                    0x800'212d         Code  Gb  cmain.o [7]
AHBPrescTable            0x800'211c   0x10  Data  Gb  system_stm32g4xx.o [3]
BusFault_Handler         0x800'2003    0x2  Code  Gb  stm32g4xx_it.o [2]
CSTACK$$Base            0x2000'0110          --   Gb  - Linker created -
CSTACK$$Limit           0x2000'0510          --   Gb  - Linker created -
DebugMon_Handler         0x800'2009    0x2  Code  Gb  stm32g4xx_it.o [2]
Display_Init             0x800'17ad   0x5e  Code  Gb  main.o [2]
Display_Set_Char         0x800'16cd   0xe0  Code  Gb  main.o [2]
Error_Handler            0x800'1861    0x4  Code  Gb  main.o [2]
HAL_GPIO_Init            0x800'0a5d  0x196  Code  Gb  stm32g4xx_hal_gpio.o [4]
HAL_GPIO_WritePin        0x800'0bf3    0xa  Code  Gb  stm32g4xx_hal_gpio.o [4]
HAL_GetTick              0x800'12bd    0xc  Code  Gb  stm32g4xx_hal.o [4]
HAL_I2CEx_ConfigAnalogFilter
                         0x800'1d55   0x2a  Code  Gb  stm32g4xx_hal_i2c_ex.o [4]
HAL_I2CEx_ConfigDigitalFilter
                         0x800'1d7f   0x26  Code  Gb  stm32g4xx_hal_i2c_ex.o [4]
HAL_I2C_Init             0x800'19cd   0xa0  Code  Gb  stm32g4xx_hal_i2c.o [4]
HAL_I2C_Master_Transmit
                         0x800'1a7d   0x8e  Code  Gb  stm32g4xx_hal_i2c.o [4]
HAL_I2C_MspInit          0x800'086b   0x62  Code  Gb  stm32g4xx_hal_msp.o [2]
HAL_IncTick              0x800'2059   0x10  Code  Gb  stm32g4xx_hal.o [4]
HAL_Init                 0x800'1869   0x1e  Code  Gb  stm32g4xx_hal.o [4]
HAL_InitTick             0x800'12c9   0x44  Code  Gb  stm32g4xx_hal.o [4]
HAL_MspInit              0x800'083d   0x2e  Code  Gb  stm32g4xx_hal_msp.o [2]
HAL_NVIC_SetPriority     0x800'1341   0x3a  Code  Gb  stm32g4xx_hal_cortex.o [4]
HAL_NVIC_SetPriorityGrouping
                         0x800'1327   0x1a  Code  Gb  stm32g4xx_hal_cortex.o [4]
HAL_PWREx_ControlVoltageScaling
                         0x800'0999   0x52  Code  Gb  stm32g4xx_hal_pwr_ex.o [4]
HAL_PWREx_DisableUCPDDeadBattery
                         0x800'0a27    0x2  Code  Gb  stm32g4xx_hal_pwr_ex.o [4]
HAL_RCCEx_PeriphCLKConfig
                         0x800'1dd5  0x20a  Code  Gb  stm32g4xx_hal_rcc_ex.o [4]
HAL_RCC_ClockConfig      0x800'107f  0x1a0  Code  Gb  stm32g4xx_hal_rcc.o [4]
HAL_RCC_GetSysClockFreq
                         0x800'122b   0x5e  Code  Gb  stm32g4xx_hal_rcc.o [4]
HAL_RCC_OscConfig        0x800'0cbd  0x3a6  Code  Gb  stm32g4xx_hal_rcc.o [4]
HAL_SYSTICK_Config       0x800'137d   0x28  Code  Gb  stm32g4xx_hal_cortex.o [4]
HAL_TIMEx_ConfigBreakDeadTime
                         0x800'190d   0xa4  Code  Gb  stm32g4xx_hal_tim_ex.o [4]
HAL_TIMEx_MasterConfigSynchronization
                         0x800'1889   0x80  Code  Gb  stm32g4xx_hal_tim_ex.o [4]
HAL_TIM_Base_Init        0x800'01d9   0x1a  Code  Gb  stm32g4xx_hal_tim.o [4]
HAL_TIM_Base_MspInit     0x800'08ef   0x22  Code  Gb  stm32g4xx_hal_msp.o [2]
HAL_TIM_MspPostInit      0x800'0911   0x48  Code  Gb  stm32g4xx_hal_msp.o [2]
HAL_TIM_PWM_ConfigChannel
                         0x800'03bd  0x102  Code  Gb  stm32g4xx_hal_tim.o [4]
HAL_TIM_PWM_Init         0x800'021d   0x1a  Code  Gb  stm32g4xx_hal_tim.o [4]
HAL_TIM_PWM_MspInit      0x800'08cd   0x22  Code  Gb  stm32g4xx_hal_msp.o [2]
HAL_TIM_PWM_Start_IT     0x800'025b   0xe8  Code  Gb  stm32g4xx_hal_tim.o [4]
HardFault_Handler        0x800'1fff    0x2  Code  Gb  stm32g4xx_it.o [2]
I2C_Flush_TXDR           0x800'1bd5   0x1c  Code  Lc  stm32g4xx_hal_i2c.o [4]
I2C_IsAcknowledgeFailed
                         0x800'1cbf   0x6c  Code  Lc  stm32g4xx_hal_i2c.o [4]
I2C_TransferConfig       0x800'1d2b   0x22  Code  Lc  stm32g4xx_hal_i2c.o [4]
I2C_WaitOnFlagUntilTimeout
                         0x800'1bf1   0x42  Code  Lc  stm32g4xx_hal_i2c.o [4]
I2C_WaitOnSTOPFlagUntilTimeout
                         0x800'1c83   0x34  Code  Lc  stm32g4xx_hal_i2c.o [4]
I2C_WaitOnTXISFlagUntilTimeout
                         0x800'1c33   0x38  Code  Lc  stm32g4xx_hal_i2c.o [4]
MemManage_Handler        0x800'2001    0x2  Code  Gb  stm32g4xx_it.o [2]
NMI_Handler              0x800'1ffd    0x2  Code  Gb  stm32g4xx_it.o [2]
PendSV_Handler           0x800'200b    0x2  Code  Gb  stm32g4xx_it.o [2]
Region$$Table$$Base      0x800'20ec          --   Gb  - Linker created -
Region$$Table$$Limit     0x800'210c          --   Gb  - Linker created -
SVC_Handler              0x800'2007    0x2  Code  Gb  stm32g4xx_it.o [2]
SysTick_Handler          0x800'200d   0x48  Code  Gb  stm32g4xx_it.o [2]
SystemClock_Config       0x800'164d   0x74  Code  Gb  main.o [2]
SystemCoreClock         0x2000'0068    0x4  Data  Gb  system_stm32g4xx.o [3]
SystemInit               0x800'210d    0xc  Code  Gb  system_stm32g4xx.o [3]
TIM_Base_SetConfig       0x800'04cb   0xa0  Code  Gb  stm32g4xx_hal_tim.o [4]
TIM_CCxChannelCmd        0x800'0821   0x16  Code  Gb  stm32g4xx_hal_tim.o [4]
TIM_OC1_SetConfig        0x800'056b   0x84  Code  Lc  stm32g4xx_hal_tim.o [4]
TIM_OC2_SetConfig        0x800'05ef   0x68  Code  Gb  stm32g4xx_hal_tim.o [4]
TIM_OC3_SetConfig        0x800'0657   0x70  Code  Lc  stm32g4xx_hal_tim.o [4]
TIM_OC4_SetConfig        0x800'06c9   0x68  Code  Lc  stm32g4xx_hal_tim.o [4]
TIM_OC5_SetConfig        0x800'0747   0x54  Code  Lc  stm32g4xx_hal_tim.o [4]
TIM_OC6_SetConfig        0x800'079d   0x56  Code  Lc  stm32g4xx_hal_tim.o [4]
UsageFault_Handler       0x800'2005    0x2  Code  Gb  stm32g4xx_it.o [2]
__NVIC_SetPriority       0x800'130d   0x1a  Code  Lc  stm32g4xx_hal_cortex.o [4]
__aeabi_memset           0x800'0c1d         Code  Gb  ABImemset.o [7]
__cmain                  0x800'212d         Code  Gb  cmain.o [7]
__exit                   0x800'2161   0x14  Code  Gb  exit.o [8]
__iar_Memset             0x800'0c1d         Code  Gb  ABImemset.o [7]
__iar_Memset_word        0x800'0c25         Code  Gb  ABImemset.o [7]
__iar_data_init3         0x800'20a1   0x28  Code  Gb  data_init.o [7]
__iar_init_vfp           0x800'20c9         Code  Gb  fpinit_M.o [6]
__iar_packbits_init_single3
                         0x800'0c83   0x3a  Code  Gb  packbits_init_single.o [7]
__iar_program_start      0x800'2175         Code  Gb  cstartup_M.o [7]
__iar_zero_init3         0x800'2069   0x38  Code  Gb  zero_init3.o [7]
__low_level_init         0x800'214b    0x4  Code  Gb  low_level_init.o [5]
__vector_table           0x800'0000         Data  Gb  startup_stm32g431xx.o [1]
_call_main               0x800'2139         Code  Gb  cmain.o [7]
_exit                    0x800'2155         Code  Gb  cexit.o [7]
arr                     0x2000'000c    0x4  Data  Gb  main.o [2]
buffer                  0x2000'0004    0x4  Data  Gb  main.o [2]
exit                     0x800'214f    0x4  Code  Gb  exit.o [5]
hi2c2                   0x2000'0010   0x4c  Data  Gb  main.o [2]
htim17                  0x2000'00c4   0x4c  Data  Gb  main.o [2]
htim3                   0x2000'0078   0x4c  Data  Gb  main.o [2]
hundred_mS_Counter      0x2000'0074    0x2  Data  Gb  stm32g4xx_it.o [2]
hundred_mS_Flag         0x2000'006e    0x1  Data  Gb  stm32g4xx_it.o [2]
main                     0x800'13b9  0x26e  Code  Gb  main.o [2]
memset                   0x800'0a49   0x14  Code  Gb  memset.o [7]
one_S_Counter           0x2000'0076    0x2  Data  Gb  stm32g4xx_it.o [2]
one_S_Flag              0x2000'006f    0x1  Data  Gb  stm32g4xx_it.o [2]
ram                     0x2000'0000    0x4  Data  Gb  main.o [2]
row0_7                  0x2000'0008    0x1  Data  Gb  main.o [2]
row8_15                 0x2000'0009    0x1  Data  Gb  main.o [2]
ten_mS_Counter          0x2000'0070    0x2  Data  Gb  stm32g4xx_it.o [2]
ten_mS_Flag             0x2000'006c    0x1  Data  Gb  stm32g4xx_it.o [2]
twentyfive_mS_Counter   0x2000'0072    0x2  Data  Gb  stm32g4xx_it.o [2]
twentyfive_mS_Flag      0x2000'006d    0x1  Data  Gb  stm32g4xx_it.o [2]
uwTick                  0x2000'005c    0x4  Data  Gb  stm32g4xx_hal.o [4]
uwTickFreq              0x2000'0064    0x4  Data  Gb  stm32g4xx_hal.o [4]
uwTickPrio              0x2000'0060    0x4  Data  Gb  stm32g4xx_hal.o [4]


[1] = C:\GitHub\SCU-Work\ELEN_460\ELEN460_Final_Project_Main\EWARM\ELEN460_Final_Project_Main\Obj\Application\EWARM
[2] = C:\GitHub\SCU-Work\ELEN_460\ELEN460_Final_Project_Main\EWARM\ELEN460_Final_Project_Main\Obj\Application\User\Core
[3] = C:\GitHub\SCU-Work\ELEN_460\ELEN460_Final_Project_Main\EWARM\ELEN460_Final_Project_Main\Obj\Drivers\CMSIS
[4] = C:\GitHub\SCU-Work\ELEN_460\ELEN460_Final_Project_Main\EWARM\ELEN460_Final_Project_Main\Obj\Drivers\STM32G4xx_HAL_Driver
[5] = dl7M_tlf.a
[6] = m7M_tls.a
[7] = rt7M_tl.a
[8] = shb_l.a

  8'854 bytes of readonly  code memory
     68 bytes of readonly  data memory
  1'296 bytes of readwrite data memory

Errors: none
Warnings: none
