###############################################################################
#
# IAR ELF Linker V9.10.2.313/W64 for ARM                  03/Dec/2021  23:59:57
# Copyright 2007-2021 IAR Systems AB.
#
#    Output file  =
#        C:\GitHub\SCU-Work\ELEN_460\ELEN460_Final_Project_Main\EWARM\ELEN460_Final_Project_Main\Exe\ELEN460_Final_Project_Main.out
#    Map file     =
#        C:\GitHub\SCU-Work\ELEN_460\ELEN460_Final_Project_Main\EWARM\ELEN460_Final_Project_Main\List\ELEN460_Final_Project_Main.map
#    Command line =
#        -f
#        C:\GitHub\SCU-Work\ELEN_460\ELEN460_Final_Project_Main\EWARM\ELEN460_Final_Project_Main\Exe\ELEN460_Final_Project_Main.out.rsp
#        (C:\GitHub\SCU-Work\ELEN_460\ELEN460_Final_Project_Main\EWARM\ELEN460_Final_Project_Main\Obj\Application\User\Core\KeyboardHoldRepeat.o
#        C:\GitHub\SCU-Work\ELEN_460\ELEN460_Final_Project_Main\EWARM\ELEN460_Final_Project_Main\Obj\Application\User\Core\KeyboardHoldRepeat_User.o
#        C:\GitHub\SCU-Work\ELEN_460\ELEN460_Final_Project_Main\EWARM\ELEN460_Final_Project_Main\Obj\Application\User\Core\main.o
#        C:\GitHub\SCU-Work\ELEN_460\ELEN460_Final_Project_Main\EWARM\ELEN460_Final_Project_Main\Obj\Application\EWARM\startup_stm32g431xx.o
#        C:\GitHub\SCU-Work\ELEN_460\ELEN460_Final_Project_Main\EWARM\ELEN460_Final_Project_Main\Obj\Drivers\STM32G4xx_HAL_Driver\stm32g4xx_hal.o
#        C:\GitHub\SCU-Work\ELEN_460\ELEN460_Final_Project_Main\EWARM\ELEN460_Final_Project_Main\Obj\Drivers\STM32G4xx_HAL_Driver\stm32g4xx_hal_cortex.o
#        C:\GitHub\SCU-Work\ELEN_460\ELEN460_Final_Project_Main\EWARM\ELEN460_Final_Project_Main\Obj\Drivers\STM32G4xx_HAL_Driver\stm32g4xx_hal_dma.o
#        C:\GitHub\SCU-Work\ELEN_460\ELEN460_Final_Project_Main\EWARM\ELEN460_Final_Project_Main\Obj\Drivers\STM32G4xx_HAL_Driver\stm32g4xx_hal_dma_ex.o
#        C:\GitHub\SCU-Work\ELEN_460\ELEN460_Final_Project_Main\EWARM\ELEN460_Final_Project_Main\Obj\Drivers\STM32G4xx_HAL_Driver\stm32g4xx_hal_exti.o
#        C:\GitHub\SCU-Work\ELEN_460\ELEN460_Final_Project_Main\EWARM\ELEN460_Final_Project_Main\Obj\Drivers\STM32G4xx_HAL_Driver\stm32g4xx_hal_flash.o
#        C:\GitHub\SCU-Work\ELEN_460\ELEN460_Final_Project_Main\EWARM\ELEN460_Final_Project_Main\Obj\Drivers\STM32G4xx_HAL_Driver\stm32g4xx_hal_flash_ex.o
#        C:\GitHub\SCU-Work\ELEN_460\ELEN460_Final_Project_Main\EWARM\ELEN460_Final_Project_Main\Obj\Drivers\STM32G4xx_HAL_Driver\stm32g4xx_hal_flash_ramfunc.o
#        C:\GitHub\SCU-Work\ELEN_460\ELEN460_Final_Project_Main\EWARM\ELEN460_Final_Project_Main\Obj\Drivers\STM32G4xx_HAL_Driver\stm32g4xx_hal_gpio.o
#        C:\GitHub\SCU-Work\ELEN_460\ELEN460_Final_Project_Main\EWARM\ELEN460_Final_Project_Main\Obj\Drivers\STM32G4xx_HAL_Driver\stm32g4xx_hal_i2c.o
#        C:\GitHub\SCU-Work\ELEN_460\ELEN460_Final_Project_Main\EWARM\ELEN460_Final_Project_Main\Obj\Drivers\STM32G4xx_HAL_Driver\stm32g4xx_hal_i2c_ex.o
#        C:\GitHub\SCU-Work\ELEN_460\ELEN460_Final_Project_Main\EWARM\ELEN460_Final_Project_Main\Obj\Application\User\Core\stm32g4xx_hal_msp.o
#        C:\GitHub\SCU-Work\ELEN_460\ELEN460_Final_Project_Main\EWARM\ELEN460_Final_Project_Main\Obj\Drivers\STM32G4xx_HAL_Driver\stm32g4xx_hal_pwr.o
#        C:\GitHub\SCU-Work\ELEN_460\ELEN460_Final_Project_Main\EWARM\ELEN460_Final_Project_Main\Obj\Drivers\STM32G4xx_HAL_Driver\stm32g4xx_hal_pwr_ex.o
#        C:\GitHub\SCU-Work\ELEN_460\ELEN460_Final_Project_Main\EWARM\ELEN460_Final_Project_Main\Obj\Drivers\STM32G4xx_HAL_Driver\stm32g4xx_hal_rcc.o
#        C:\GitHub\SCU-Work\ELEN_460\ELEN460_Final_Project_Main\EWARM\ELEN460_Final_Project_Main\Obj\Drivers\STM32G4xx_HAL_Driver\stm32g4xx_hal_rcc_ex.o
#        C:\GitHub\SCU-Work\ELEN_460\ELEN460_Final_Project_Main\EWARM\ELEN460_Final_Project_Main\Obj\Drivers\STM32G4xx_HAL_Driver\stm32g4xx_hal_tim.o
#        C:\GitHub\SCU-Work\ELEN_460\ELEN460_Final_Project_Main\EWARM\ELEN460_Final_Project_Main\Obj\Drivers\STM32G4xx_HAL_Driver\stm32g4xx_hal_tim_ex.o
#        C:\GitHub\SCU-Work\ELEN_460\ELEN460_Final_Project_Main\EWARM\ELEN460_Final_Project_Main\Obj\Application\User\Core\stm32g4xx_it.o
#        C:\GitHub\SCU-Work\ELEN_460\ELEN460_Final_Project_Main\EWARM\ELEN460_Final_Project_Main\Obj\Drivers\CMSIS\system_stm32g4xx.o
#        --no_out_extension -o
#        C:\GitHub\SCU-Work\ELEN_460\ELEN460_Final_Project_Main\EWARM\ELEN460_Final_Project_Main\Exe\ELEN460_Final_Project_Main.out
#        --redirect _Printf=_PrintfFullNoMb --redirect _Scanf=_ScanfFullNoMb
#        --map
#        C:\GitHub\SCU-Work\ELEN_460\ELEN460_Final_Project_Main\EWARM\ELEN460_Final_Project_Main\List\ELEN460_Final_Project_Main.map
#        --config
#        C:\GitHub\SCU-Work\ELEN_460\ELEN460_Final_Project_Main\EWARM/stm32g431xx_flash.icf
#        --semihosting --entry __iar_program_start --vfe --text_out locale)
#
###############################################################################

*******************************************************************************
*** RUNTIME MODEL ATTRIBUTES
***

CppFlavor       = *
__SystemLibrary = DLib
__dlib_version  = 6


*******************************************************************************
*** HEAP SELECTION
***

The basic heap was selected because some modules are built with
size limitations (and not runtime checking), and --advanced_heap
was not specified.


*******************************************************************************
*** PLACEMENT SUMMARY
***

"A0":  place at address 0x800'0000 { ro section .intvec };
"P1":  place in [from 0x800'0000 to 0x801'ffff] { ro };
define block CSTACK with size = 1K, alignment = 8 { };
define block HEAP with size = 512, alignment = 8 { };
"P2":  place in [from 0x2000'0000 to 0x2000'7fff] {
          rw, block CSTACK, block HEAP };
initialize by copy { rw };

  Section            Kind         Address    Size  Object
  -------            ----         -------    ----  ------
"A0":                                       0x1d8
  .intvec            ro code   0x800'0000   0x1d8  startup_stm32g431xx.o [1]
                             - 0x800'01d8   0x1d8

"P1":                                      0x25f3
  .text              ro code   0x800'01d8   0x7e8  stm32g4xx_hal_tim.o [4]
  .text              ro code   0x800'09c0   0x15c  stm32g4xx_hal_msp.o [2]
  .text              ro code   0x800'0b1c    0xb0  stm32g4xx_hal_pwr_ex.o [4]
  .text              ro code   0x800'0bcc    0x14  memset.o [7]
  .text              ro code   0x800'0be0   0x1cc  stm32g4xx_hal_gpio.o [4]
  .text              ro code   0x800'0dac    0x66  ABImemset.o [7]
  .text              ro code   0x800'0e12    0x3a  packbits_init_single.o [7]
  .text              ro code   0x800'0e4c   0x642  main.o [2]
  .text              ro code   0x800'1490    0x1e  stm32g4xx_hal.o [4]
  .text              ro code   0x800'14b0     0x6  ABImemclr4.o [7]
  .text              ro code   0x800'14b8   0x144  stm32g4xx_hal_tim_ex.o [4]
  .text              ro code   0x800'15fc   0x388  stm32g4xx_hal_i2c.o [4]
  .text              ro code   0x800'1984    0x7e  stm32g4xx_hal_i2c_ex.o [4]
  .text              ro code   0x800'1a04    0xe4  KeyboardHoldRepeat_User.o [2]
  .text              ro code   0x800'1ae8    0x78  KeyboardHoldRepeat.o [2]
  .text              ro code   0x800'1b60   0x600  stm32g4xx_hal_rcc.o [4]
  .text              ro code   0x800'2160   0x228  stm32g4xx_hal_rcc_ex.o [4]
  .text              ro code   0x800'2388    0xac  stm32g4xx_hal_cortex.o [4]
  .text              ro code   0x800'2434    0x44  stm32g4xx_hal.o [4]
  .text              ro code   0x800'2478    0x32  ABImemset48.o [7]
  .text              ro code   0x800'24ac     0xc  stm32g4xx_hal.o [4]
  .text              ro code   0x800'24b8    0x80  stm32g4xx_it.o [2]
  .text              ro code   0x800'2538    0x10  stm32g4xx_hal.o [4]
  .text              ro code   0x800'2548    0x38  zero_init3.o [7]
  .text              ro code   0x800'2580    0x28  data_init.o [7]
  .text              ro code   0x800'25a8    0x22  fpinit_M.o [6]
  .iar.init_table    const     0x800'25cc    0x20  - Linker created -
  .text              ro code   0x800'25ec    0x20  system_stm32g4xx.o [3]
  .text              ro code   0x800'260c    0x1e  cmain.o [7]
  .text              ro code   0x800'262a     0x4  low_level_init.o [5]
  .text              ro code   0x800'262e     0x4  exit.o [5]
  .text              ro code   0x800'2634     0xa  cexit.o [7]
  .text              ro code   0x800'2640    0x14  exit.o [8]
  .text              ro code   0x800'2654    0x1c  cstartup_M.o [7]
  .text              ro code   0x800'2670    0x10  startup_stm32g431xx.o [1]
  .text              ro code   0x800'2680     0x4  startup_stm32g431xx.o [1]
  .text              ro code   0x800'2684     0x4  startup_stm32g431xx.o [1]
  .text              ro code   0x800'2688     0x4  startup_stm32g431xx.o [1]
  .text              ro code   0x800'268c     0x4  startup_stm32g431xx.o [1]
  .text              ro code   0x800'2690     0x4  startup_stm32g431xx.o [1]
  .text              ro code   0x800'2694     0x4  startup_stm32g431xx.o [1]
  .text              ro code   0x800'2698     0x4  startup_stm32g431xx.o [1]
  .text              ro code   0x800'269c     0x4  startup_stm32g431xx.o [1]
  .text              ro code   0x800'26a0     0x4  startup_stm32g431xx.o [1]
  .text              ro code   0x800'26a4     0x4  startup_stm32g431xx.o [1]
  .text              ro code   0x800'26a8     0x4  startup_stm32g431xx.o [1]
  .text              ro code   0x800'26ac     0x4  startup_stm32g431xx.o [1]
  .text              ro code   0x800'26b0     0x4  startup_stm32g431xx.o [1]
  .text              ro code   0x800'26b4     0x4  startup_stm32g431xx.o [1]
  .text              ro code   0x800'26b8     0x4  startup_stm32g431xx.o [1]
  .text              ro code   0x800'26bc     0x4  startup_stm32g431xx.o [1]
  .text              ro code   0x800'26c0     0x4  startup_stm32g431xx.o [1]
  .text              ro code   0x800'26c4     0x4  startup_stm32g431xx.o [1]
  .text              ro code   0x800'26c8     0x4  startup_stm32g431xx.o [1]
  .text              ro code   0x800'26cc     0x4  startup_stm32g431xx.o [1]
  .text              ro code   0x800'26d0     0x4  startup_stm32g431xx.o [1]
  .text              ro code   0x800'26d4     0x4  startup_stm32g431xx.o [1]
  .text              ro code   0x800'26d8     0x4  startup_stm32g431xx.o [1]
  .text              ro code   0x800'26dc     0x4  startup_stm32g431xx.o [1]
  .text              ro code   0x800'26e0     0x4  startup_stm32g431xx.o [1]
  .text              ro code   0x800'26e4     0x4  startup_stm32g431xx.o [1]
  .text              ro code   0x800'26e8     0x4  startup_stm32g431xx.o [1]
  .text              ro code   0x800'26ec     0x4  startup_stm32g431xx.o [1]
  .text              ro code   0x800'26f0     0x4  startup_stm32g431xx.o [1]
  .text              ro code   0x800'26f4     0x4  startup_stm32g431xx.o [1]
  .text              ro code   0x800'26f8     0x4  startup_stm32g431xx.o [1]
  .text              ro code   0x800'26fc     0x4  startup_stm32g431xx.o [1]
  .text              ro code   0x800'2700     0x4  startup_stm32g431xx.o [1]
  .text              ro code   0x800'2704     0x4  startup_stm32g431xx.o [1]
  .text              ro code   0x800'2708     0x4  startup_stm32g431xx.o [1]
  .text              ro code   0x800'270c     0x4  startup_stm32g431xx.o [1]
  .text              ro code   0x800'2710     0x4  startup_stm32g431xx.o [1]
  .text              ro code   0x800'2714     0x4  startup_stm32g431xx.o [1]
  .text              ro code   0x800'2718     0x4  startup_stm32g431xx.o [1]
  .text              ro code   0x800'271c     0x4  startup_stm32g431xx.o [1]
  .text              ro code   0x800'2720     0x4  startup_stm32g431xx.o [1]
  .text              ro code   0x800'2724     0x4  startup_stm32g431xx.o [1]
  .text              ro code   0x800'2728     0x4  startup_stm32g431xx.o [1]
  .text              ro code   0x800'272c     0x4  startup_stm32g431xx.o [1]
  .text              ro code   0x800'2730     0x4  startup_stm32g431xx.o [1]
  .text              ro code   0x800'2734     0x4  startup_stm32g431xx.o [1]
  .text              ro code   0x800'2738     0x4  startup_stm32g431xx.o [1]
  .text              ro code   0x800'273c     0x4  startup_stm32g431xx.o [1]
  .text              ro code   0x800'2740     0x4  startup_stm32g431xx.o [1]
  .text              ro code   0x800'2744     0x4  startup_stm32g431xx.o [1]
  .text              ro code   0x800'2748     0x4  startup_stm32g431xx.o [1]
  .text              ro code   0x800'274c     0x4  startup_stm32g431xx.o [1]
  .text              ro code   0x800'2750     0x4  startup_stm32g431xx.o [1]
  .text              ro code   0x800'2754     0x4  startup_stm32g431xx.o [1]
  .text              ro code   0x800'2758     0x4  startup_stm32g431xx.o [1]
  .text              ro code   0x800'275c     0x4  startup_stm32g431xx.o [1]
  .text              ro code   0x800'2760     0x4  startup_stm32g431xx.o [1]
  .text              ro code   0x800'2764     0x4  startup_stm32g431xx.o [1]
  .text              ro code   0x800'2768     0x4  startup_stm32g431xx.o [1]
  .text              ro code   0x800'276c     0x4  startup_stm32g431xx.o [1]
  .text              ro code   0x800'2770     0x4  startup_stm32g431xx.o [1]
  .text              ro code   0x800'2774     0x4  startup_stm32g431xx.o [1]
  .text              ro code   0x800'2778     0x4  startup_stm32g431xx.o [1]
  .text              ro code   0x800'277c     0x4  startup_stm32g431xx.o [1]
  .text              ro code   0x800'2780     0x4  startup_stm32g431xx.o [1]
  .text              ro code   0x800'2784     0x4  startup_stm32g431xx.o [1]
  .text              ro code   0x800'2788     0x4  startup_stm32g431xx.o [1]
  .text              ro code   0x800'278c     0x4  startup_stm32g431xx.o [1]
  .text              ro code   0x800'2790     0x4  startup_stm32g431xx.o [1]
  .text              ro code   0x800'2794     0x4  startup_stm32g431xx.o [1]
  .rodata            const     0x800'2798     0x0  zero_init3.o [7]
  .rodata            const     0x800'2798     0x0  packbits_init_single.o [7]
  Initializer bytes  const     0x800'2798    0x33  <for P2-1>
                             - 0x800'27cb  0x25f3

"P2", part 1 of 3:                           0xea
  P2-1                        0x2000'0000    0xea  <Init block>
    .data            inited   0x2000'0000    0xc0  main.o [2]
    .data            inited   0x2000'00c0     0xc  stm32g4xx_hal.o [4]
    .data            inited   0x2000'00cc     0x4  system_stm32g4xx.o [3]
    .data            inited   0x2000'00d0    0x12  stm32g4xx_it.o [2]
    .data            inited   0x2000'00e2     0x8  KeyboardHoldRepeat.o [2]
                            - 0x2000'00ea    0xea

"P2", part 2 of 3:                           0x50
  .bss               zero     0x2000'00ec    0x4c  main.o [2]
  .bss               zero     0x2000'0138     0x1  main.o [2]
  .bss               zero     0x2000'0139     0x1  main.o [2]
                            - 0x2000'013a    0x4e

"P2", part 3 of 3:                          0x400
  CSTACK                      0x2000'0140   0x400  <Block>
    CSTACK           uninit   0x2000'0140   0x400  <Block tail>
                            - 0x2000'0540   0x400

Unused ranges:

         From           To      Size
         ----           --      ----
   0x800'27cb   0x801'ffff  0x1'd835
  0x2000'00ea  0x2000'00eb       0x2
  0x2000'013c  0x2000'013f       0x4
  0x2000'0540  0x2000'7fff    0x7ac0


*******************************************************************************
*** INIT TABLE
***

          Address      Size
          -------      ----
Zero (__iar_zero_init3)
    1 destination range, total size 0x4e:
          0x2000'00ec  0x4e

Copy/packbits (__iar_packbits_init_single3)
    1 source range, total size 0x33 (21% of destination):
           0x800'2798  0x33
    1 destination range, total size 0xea:
          0x2000'0000  0xea



*******************************************************************************
*** MODULE SUMMARY
***

    Module                     ro code  ro data  rw data
    ------                     -------  -------  -------
command line/config:
    ----------------------------------------------------
    Total:

C:\GitHub\SCU-Work\ELEN_460\ELEN460_Final_Project_Main\EWARM\ELEN460_Final_Project_Main\Obj\Application\EWARM: [1]
    startup_stm32g431xx.o          768
    ----------------------------------------------------
    Total:                         768

C:\GitHub\SCU-Work\ELEN_460\ELEN460_Final_Project_Main\EWARM\ELEN460_Final_Project_Main\Obj\Application\User\Core: [2]
    KeyboardHoldRepeat.o           120        2        8
    KeyboardHoldRepeat_User.o      228
    main.o                       1'602       41      270
    stm32g4xx_hal_msp.o            348
    stm32g4xx_it.o                 128        4       18
    ----------------------------------------------------
    Total:                       2'426       47      296

C:\GitHub\SCU-Work\ELEN_460\ELEN460_Final_Project_Main\EWARM\ELEN460_Final_Project_Main\Obj\Drivers\CMSIS: [3]
    system_stm32g4xx.o              32        1        4
    ----------------------------------------------------
    Total:                          32        1        4

C:\GitHub\SCU-Work\ELEN_460\ELEN460_Final_Project_Main\EWARM\ELEN460_Final_Project_Main\Obj\Drivers\STM32G4xx_HAL_Driver: [4]
    stm32g4xx_hal.o                126        3       12
    stm32g4xx_hal_cortex.o         172
    stm32g4xx_hal_gpio.o           460
    stm32g4xx_hal_i2c.o            904
    stm32g4xx_hal_i2c_ex.o         126
    stm32g4xx_hal_pwr_ex.o         176
    stm32g4xx_hal_rcc.o          1'536
    stm32g4xx_hal_rcc_ex.o         552
    stm32g4xx_hal_tim.o          2'024
    stm32g4xx_hal_tim_ex.o         324
    ----------------------------------------------------
    Total:                       6'400        3       12

dl7M_tlf.a: [5]
    exit.o                           4
    low_level_init.o                 4
    ----------------------------------------------------
    Total:                           8

m7M_tls.a: [6]
    fpinit_M.o                      34
    ----------------------------------------------------
    Total:                          34

rt7M_tl.a: [7]
    ABImemclr4.o                     6
    ABImemset.o                    102
    ABImemset48.o                   50
    cexit.o                         10
    cmain.o                         30
    cstartup_M.o                    28
    data_init.o                     40
    memset.o                        20
    packbits_init_single.o          58
    zero_init3.o                    56
    ----------------------------------------------------
    Total:                         400

shb_l.a: [8]
    exit.o                          20
    ----------------------------------------------------
    Total:                          20

    Gaps                            14        2
    Linker created                           32    1'024
--------------------------------------------------------
    Grand Total:                10'102       85    1'336


*******************************************************************************
*** ENTRY LIST
***

Entry                       Address   Size  Type      Object
-----                       -------   ----  ----      ------
.iar.init_table$$Base    0x800'25cc          --   Gb  - Linker created -
.iar.init_table$$Limit   0x800'25ec          --   Gb  - Linker created -
?main                    0x800'260d         Code  Gb  cmain.o [7]
AHBPrescTable            0x800'25fc   0x10  Data  Gb  system_stm32g4xx.o [3]
BusFault_Handler         0x800'24bf    0x2  Code  Gb  stm32g4xx_it.o [2]
CSTACK$$Base            0x2000'0140          --   Gb  - Linker created -
CSTACK$$Limit           0x2000'0540          --   Gb  - Linker created -
DebounceKeyCode          0x800'1ae9   0x78  Code  Gb  KeyboardHoldRepeat.o [2]
DebugMon_Handler         0x800'24c5    0x2  Code  Gb  stm32g4xx_it.o [2]
Display_Init             0x800'1325   0x5e  Code  Gb  main.o [2]
Display_Set              0x800'13ab   0x5e  Code  Gb  main.o [2]
Display_Set_Char         0x800'1231   0xf4  Code  Gb  main.o [2]
Display_Update_All       0x800'1453   0x28  Code  Gb  main.o [2]
Error_Handler            0x800'147b    0x4  Code  Gb  main.o [2]
HAL_GPIO_Init            0x800'0be1  0x196  Code  Gb  stm32g4xx_hal_gpio.o [4]
HAL_GPIO_ReadPin         0x800'0d77    0xc  Code  Gb  stm32g4xx_hal_gpio.o [4]
HAL_GPIO_WritePin        0x800'0d83    0xa  Code  Gb  stm32g4xx_hal_gpio.o [4]
HAL_GetTick              0x800'24ad    0xc  Code  Gb  stm32g4xx_hal.o [4]
HAL_I2CEx_ConfigAnalogFilter
                         0x800'1985   0x2a  Code  Gb  stm32g4xx_hal_i2c_ex.o [4]
HAL_I2CEx_ConfigDigitalFilter
                         0x800'19af   0x26  Code  Gb  stm32g4xx_hal_i2c_ex.o [4]
HAL_I2C_Init             0x800'15fd   0xa0  Code  Gb  stm32g4xx_hal_i2c.o [4]
HAL_I2C_Master_Transmit
                         0x800'16ad   0x8e  Code  Gb  stm32g4xx_hal_i2c.o [4]
HAL_I2C_MspInit          0x800'09ef   0x62  Code  Gb  stm32g4xx_hal_msp.o [2]
HAL_IncTick              0x800'2539   0x10  Code  Gb  stm32g4xx_hal.o [4]
HAL_Init                 0x800'1491   0x1e  Code  Gb  stm32g4xx_hal.o [4]
HAL_InitTick             0x800'2435   0x44  Code  Gb  stm32g4xx_hal.o [4]
HAL_MspInit              0x800'09c1   0x2e  Code  Gb  stm32g4xx_hal_msp.o [2]
HAL_NVIC_SetPriority     0x800'23bd   0x3a  Code  Gb  stm32g4xx_hal_cortex.o [4]
HAL_NVIC_SetPriorityGrouping
                         0x800'23a3   0x1a  Code  Gb  stm32g4xx_hal_cortex.o [4]
HAL_PWREx_ControlVoltageScaling
                         0x800'0b1d   0x52  Code  Gb  stm32g4xx_hal_pwr_ex.o [4]
HAL_PWREx_DisableUCPDDeadBattery
                         0x800'0bab    0x2  Code  Gb  stm32g4xx_hal_pwr_ex.o [4]
HAL_RCCEx_PeriphCLKConfig
                         0x800'2161  0x20a  Code  Gb  stm32g4xx_hal_rcc_ex.o [4]
HAL_RCC_ClockConfig      0x800'1f23  0x1a0  Code  Gb  stm32g4xx_hal_rcc.o [4]
HAL_RCC_GetSysClockFreq
                         0x800'20cf   0x5e  Code  Gb  stm32g4xx_hal_rcc.o [4]
HAL_RCC_OscConfig        0x800'1b61  0x3a6  Code  Gb  stm32g4xx_hal_rcc.o [4]
HAL_SYSTICK_Config       0x800'23f9   0x28  Code  Gb  stm32g4xx_hal_cortex.o [4]
HAL_TIMEx_ConfigBreakDeadTime
                         0x800'153d   0xa4  Code  Gb  stm32g4xx_hal_tim_ex.o [4]
HAL_TIMEx_MasterConfigSynchronization
                         0x800'14b9   0x80  Code  Gb  stm32g4xx_hal_tim_ex.o [4]
HAL_TIM_Base_Init        0x800'01d9   0x1a  Code  Gb  stm32g4xx_hal_tim.o [4]
HAL_TIM_Base_MspInit     0x800'0a73   0x22  Code  Gb  stm32g4xx_hal_msp.o [2]
HAL_TIM_MspPostInit      0x800'0a95   0x48  Code  Gb  stm32g4xx_hal_msp.o [2]
HAL_TIM_PWM_ConfigChannel
                         0x800'0541  0x102  Code  Gb  stm32g4xx_hal_tim.o [4]
HAL_TIM_PWM_Init         0x800'021d   0x1a  Code  Gb  stm32g4xx_hal_tim.o [4]
HAL_TIM_PWM_MspInit      0x800'0a51   0x22  Code  Gb  stm32g4xx_hal_msp.o [2]
HAL_TIM_PWM_Start        0x800'0237   0xc0  Code  Gb  stm32g4xx_hal_tim.o [4]
HAL_TIM_PWM_Start_IT     0x800'03df   0xe8  Code  Gb  stm32g4xx_hal_tim.o [4]
HAL_TIM_PWM_Stop         0x800'031b   0x7c  Code  Gb  stm32g4xx_hal_tim.o [4]
HardFault_Handler        0x800'24bb    0x2  Code  Gb  stm32g4xx_it.o [2]
I2C_Flush_TXDR           0x800'1805   0x1c  Code  Lc  stm32g4xx_hal_i2c.o [4]
I2C_IsAcknowledgeFailed
                         0x800'18ef   0x6c  Code  Lc  stm32g4xx_hal_i2c.o [4]
I2C_TransferConfig       0x800'195b   0x22  Code  Lc  stm32g4xx_hal_i2c.o [4]
I2C_WaitOnFlagUntilTimeout
                         0x800'1821   0x42  Code  Lc  stm32g4xx_hal_i2c.o [4]
I2C_WaitOnSTOPFlagUntilTimeout
                         0x800'18b3   0x34  Code  Lc  stm32g4xx_hal_i2c.o [4]
I2C_WaitOnTXISFlagUntilTimeout
                         0x800'1863   0x38  Code  Lc  stm32g4xx_hal_i2c.o [4]
MemManage_Handler        0x800'24bd    0x2  Code  Gb  stm32g4xx_it.o [2]
Motor_Set_AIN1           0x800'11bd   0x24  Code  Gb  main.o [2]
Motor_Set_AIN2           0x800'11eb   0x28  Code  Gb  main.o [2]
Motor_Set_State          0x800'1195   0x28  Code  Gb  main.o [2]
NMI_Handler              0x800'24b9    0x2  Code  Gb  stm32g4xx_it.o [2]
PendSV_Handler           0x800'24c7    0x2  Code  Gb  stm32g4xx_it.o [2]
ProcessKeyCode           0x800'1a05   0x56  Code  Gb  KeyboardHoldRepeat_User.o [2]
Region$$Table$$Base      0x800'25cc          --   Gb  - Linker created -
Region$$Table$$Limit     0x800'25ec          --   Gb  - Linker created -
SVC_Handler              0x800'24c3    0x2  Code  Gb  stm32g4xx_it.o [2]
ScanKeyboard             0x800'1a7b   0x3c  Code  Gb  KeyboardHoldRepeat_User.o [2]
SysTick_Handler          0x800'24c9   0x6a  Code  Gb  stm32g4xx_it.o [2]
SystemClock_Config       0x800'1125   0x70  Code  Gb  main.o [2]
SystemCoreClock         0x2000'00cc    0x4  Data  Gb  system_stm32g4xx.o [3]
SystemInit               0x800'25ed    0xc  Code  Gb  system_stm32g4xx.o [3]
TIM_Base_SetConfig       0x800'064f   0xa0  Code  Gb  stm32g4xx_hal_tim.o [4]
TIM_CCxChannelCmd        0x800'09a5   0x16  Code  Gb  stm32g4xx_hal_tim.o [4]
TIM_OC1_SetConfig        0x800'06ef   0x84  Code  Lc  stm32g4xx_hal_tim.o [4]
TIM_OC2_SetConfig        0x800'0773   0x68  Code  Gb  stm32g4xx_hal_tim.o [4]
TIM_OC3_SetConfig        0x800'07db   0x70  Code  Lc  stm32g4xx_hal_tim.o [4]
TIM_OC4_SetConfig        0x800'084d   0x68  Code  Lc  stm32g4xx_hal_tim.o [4]
TIM_OC5_SetConfig        0x800'08cb   0x54  Code  Lc  stm32g4xx_hal_tim.o [4]
TIM_OC6_SetConfig        0x800'0921   0x56  Code  Lc  stm32g4xx_hal_tim.o [4]
UsageFault_Handler       0x800'24c1    0x2  Code  Gb  stm32g4xx_it.o [2]
ValidKeyCode             0x800'1a5b   0x20  Code  Gb  KeyboardHoldRepeat_User.o [2]
__NVIC_SetPriority       0x800'2389   0x1a  Code  Lc  stm32g4xx_hal_cortex.o [4]
__aeabi_memclr4          0x800'14b1         Code  Gb  ABImemclr4.o [7]
__aeabi_memset           0x800'0dad         Code  Gb  ABImemset.o [7]
__cmain                  0x800'260d         Code  Gb  cmain.o [7]
__exit                   0x800'2641   0x14  Code  Gb  exit.o [8]
__iar_Memset             0x800'0dad         Code  Gb  ABImemset.o [7]
__iar_Memset4_word       0x800'2479         Code  Gb  ABImemset48.o [7]
__iar_Memset8_word       0x800'2479         Code  Gb  ABImemset48.o [7]
__iar_Memset_word        0x800'0db5         Code  Gb  ABImemset.o [7]
__iar_data_init3         0x800'2581   0x28  Code  Gb  data_init.o [7]
__iar_init_vfp           0x800'25a9         Code  Gb  fpinit_M.o [6]
__iar_packbits_init_single3
                         0x800'0e13   0x3a  Code  Gb  packbits_init_single.o [7]
__iar_program_start      0x800'2655         Code  Gb  cstartup_M.o [7]
__iar_zero_init3         0x800'2549   0x38  Code  Gb  zero_init3.o [7]
__low_level_init         0x800'262b    0x4  Code  Gb  low_level_init.o [5]
__vector_table           0x800'0000         Data  Gb  startup_stm32g431xx.o [1]
_call_main               0x800'2619         Code  Gb  cmain.o [7]
_exit                    0x800'2635         Code  Gb  cexit.o [7]
buffer                  0x2000'0008    0x4  Data  Gb  main.o [2]
buttonPressed           0x2000'0138    0x1  Data  Gb  main.o [2]
count                   0x2000'0139    0x1  Data  Gb  main.o [2]
displayString           0x2000'00b0   0x10  Data  Gb  main.o [2]
exit                     0x800'262f    0x4  Code  Gb  exit.o [5]
fireBusy                0x2000'0014    0x1  Data  Gb  main.o [2]
fireRequest             0x2000'0013    0x1  Data  Gb  main.o [2]
firstSend               0x2000'00e9    0x1  Data  Gb  KeyboardHoldRepeat.o [2]
five_hundred_mS_Counter
                        0x2000'00de    0x2  Data  Gb  stm32g4xx_it.o [2]
five_hundred_mS_Flag    0x2000'00d4    0x1  Data  Gb  stm32g4xx_it.o [2]
hi2c2                   0x2000'0018   0x4c  Data  Gb  main.o [2]
htim17                  0x2000'00ec   0x4c  Data  Gb  main.o [2]
htim3                   0x2000'0064   0x4c  Data  Gb  main.o [2]
hundred_mS_Counter      0x2000'00da    0x2  Data  Gb  stm32g4xx_it.o [2]
hundred_mS_Flag         0x2000'00d2    0x1  Data  Gb  stm32g4xx_it.o [2]
keyCode                 0x2000'000c    0x1  Data  Gb  main.o [2]
keyCodeDebounceCounter  0x2000'00e2    0x1  Data  Gb  KeyboardHoldRepeat.o [2]
keyCodeDebounced        0x2000'00e3    0x1  Data  Gb  KeyboardHoldRepeat.o [2]
keyCodeHoldCounter      0x2000'00e4    0x1  Data  Gb  KeyboardHoldRepeat.o [2]
keyCodeProcessed        0x2000'00e7    0x1  Data  Gb  KeyboardHoldRepeat.o [2]
keyCodeRepeatDelayCounter
                        0x2000'00e5    0x1  Data  Gb  KeyboardHoldRepeat.o [2]
lastKeyCode             0x2000'00e8    0x1  Data  Gb  KeyboardHoldRepeat.o [2]
limitLeftSwitch         0x2000'0010    0x1  Data  Gb  main.o [2]
limitRightSwitch        0x2000'000f    0x1  Data  Gb  main.o [2]
main                     0x800'0e4d  0x2c2  Code  Gb  main.o [2]
memset                   0x800'0bcd   0x14  Code  Gb  memset.o [7]
motorLeftRequest        0x2000'000e    0x1  Data  Gb  main.o [2]
motorRightRequest       0x2000'000d    0x1  Data  Gb  main.o [2]
one_S_Counter           0x2000'00e0    0x2  Data  Gb  stm32g4xx_it.o [2]
one_S_Flag              0x2000'00d5    0x1  Data  Gb  stm32g4xx_it.o [2]
processKeyCode          0x2000'00e6    0x1  Data  Gb  KeyboardHoldRepeat.o [2]
ram                     0x2000'0000    0x8  Data  Gb  main.o [2]
row0_7                  0x2000'0011    0x1  Data  Gb  main.o [2]
row8_15                 0x2000'0012    0x1  Data  Gb  main.o [2]
ten_mS_Counter          0x2000'00d6    0x2  Data  Gb  stm32g4xx_it.o [2]
ten_mS_Flag             0x2000'00d0    0x1  Data  Gb  stm32g4xx_it.o [2]
twentyfive_mS_Counter   0x2000'00d8    0x2  Data  Gb  stm32g4xx_it.o [2]
twentyfive_mS_Flag      0x2000'00d1    0x1  Data  Gb  stm32g4xx_it.o [2]
twohundred_fifty_mS_Counter
                        0x2000'00dc    0x2  Data  Gb  stm32g4xx_it.o [2]
twohundred_fifty_mS_Flag
                        0x2000'00d3    0x1  Data  Gb  stm32g4xx_it.o [2]
uwTick                  0x2000'00c0    0x4  Data  Gb  stm32g4xx_hal.o [4]
uwTickFreq              0x2000'00c8    0x4  Data  Gb  stm32g4xx_hal.o [4]
uwTickPrio              0x2000'00c4    0x4  Data  Gb  stm32g4xx_hal.o [4]


[1] = C:\GitHub\SCU-Work\ELEN_460\ELEN460_Final_Project_Main\EWARM\ELEN460_Final_Project_Main\Obj\Application\EWARM
[2] = C:\GitHub\SCU-Work\ELEN_460\ELEN460_Final_Project_Main\EWARM\ELEN460_Final_Project_Main\Obj\Application\User\Core
[3] = C:\GitHub\SCU-Work\ELEN_460\ELEN460_Final_Project_Main\EWARM\ELEN460_Final_Project_Main\Obj\Drivers\CMSIS
[4] = C:\GitHub\SCU-Work\ELEN_460\ELEN460_Final_Project_Main\EWARM\ELEN460_Final_Project_Main\Obj\Drivers\STM32G4xx_HAL_Driver
[5] = dl7M_tlf.a
[6] = m7M_tls.a
[7] = rt7M_tl.a
[8] = shb_l.a

  10'102 bytes of readonly  code memory
      85 bytes of readonly  data memory
   1'336 bytes of readwrite data memory

Errors: none
Warnings: none
