###############################################################################
#
# IAR ELF Linker V9.10.2.313/W64 for ARM                  28/Nov/2021  23:26:09
# Copyright 2007-2021 IAR Systems AB.
#
#    Output file  =
#        C:\GitHub\SCU-Work\ELEN_460\ELEN460_Final_Project_Main\EWARM\ELEN460_Final_Project_Main\Exe\ELEN460_Final_Project_Main.out
#    Map file     =
#        C:\GitHub\SCU-Work\ELEN_460\ELEN460_Final_Project_Main\EWARM\ELEN460_Final_Project_Main\List\ELEN460_Final_Project_Main.map
#    Command line =
#        -f
#        C:\GitHub\SCU-Work\ELEN_460\ELEN460_Final_Project_Main\EWARM\ELEN460_Final_Project_Main\Exe\ELEN460_Final_Project_Main.out.rsp
#        (C:\GitHub\SCU-Work\ELEN_460\ELEN460_Final_Project_Main\EWARM\ELEN460_Final_Project_Main\Obj\Application\User\Core\KeyboardHoldRepeat.o
#        C:\GitHub\SCU-Work\ELEN_460\ELEN460_Final_Project_Main\EWARM\ELEN460_Final_Project_Main\Obj\Application\User\Core\KeyboardHoldRepeat_User.o
#        C:\GitHub\SCU-Work\ELEN_460\ELEN460_Final_Project_Main\EWARM\ELEN460_Final_Project_Main\Obj\Application\User\Core\main.o
#        C:\GitHub\SCU-Work\ELEN_460\ELEN460_Final_Project_Main\EWARM\ELEN460_Final_Project_Main\Obj\Application\EWARM\startup_stm32g431xx.o
#        C:\GitHub\SCU-Work\ELEN_460\ELEN460_Final_Project_Main\EWARM\ELEN460_Final_Project_Main\Obj\Drivers\STM32G4xx_HAL_Driver\stm32g4xx_hal.o
#        C:\GitHub\SCU-Work\ELEN_460\ELEN460_Final_Project_Main\EWARM\ELEN460_Final_Project_Main\Obj\Drivers\STM32G4xx_HAL_Driver\stm32g4xx_hal_cortex.o
#        C:\GitHub\SCU-Work\ELEN_460\ELEN460_Final_Project_Main\EWARM\ELEN460_Final_Project_Main\Obj\Drivers\STM32G4xx_HAL_Driver\stm32g4xx_hal_dma.o
#        C:\GitHub\SCU-Work\ELEN_460\ELEN460_Final_Project_Main\EWARM\ELEN460_Final_Project_Main\Obj\Drivers\STM32G4xx_HAL_Driver\stm32g4xx_hal_dma_ex.o
#        C:\GitHub\SCU-Work\ELEN_460\ELEN460_Final_Project_Main\EWARM\ELEN460_Final_Project_Main\Obj\Drivers\STM32G4xx_HAL_Driver\stm32g4xx_hal_exti.o
#        C:\GitHub\SCU-Work\ELEN_460\ELEN460_Final_Project_Main\EWARM\ELEN460_Final_Project_Main\Obj\Drivers\STM32G4xx_HAL_Driver\stm32g4xx_hal_flash.o
#        C:\GitHub\SCU-Work\ELEN_460\ELEN460_Final_Project_Main\EWARM\ELEN460_Final_Project_Main\Obj\Drivers\STM32G4xx_HAL_Driver\stm32g4xx_hal_flash_ex.o
#        C:\GitHub\SCU-Work\ELEN_460\ELEN460_Final_Project_Main\EWARM\ELEN460_Final_Project_Main\Obj\Drivers\STM32G4xx_HAL_Driver\stm32g4xx_hal_flash_ramfunc.o
#        C:\GitHub\SCU-Work\ELEN_460\ELEN460_Final_Project_Main\EWARM\ELEN460_Final_Project_Main\Obj\Drivers\STM32G4xx_HAL_Driver\stm32g4xx_hal_gpio.o
#        C:\GitHub\SCU-Work\ELEN_460\ELEN460_Final_Project_Main\EWARM\ELEN460_Final_Project_Main\Obj\Drivers\STM32G4xx_HAL_Driver\stm32g4xx_hal_i2c.o
#        C:\GitHub\SCU-Work\ELEN_460\ELEN460_Final_Project_Main\EWARM\ELEN460_Final_Project_Main\Obj\Drivers\STM32G4xx_HAL_Driver\stm32g4xx_hal_i2c_ex.o
#        C:\GitHub\SCU-Work\ELEN_460\ELEN460_Final_Project_Main\EWARM\ELEN460_Final_Project_Main\Obj\Application\User\Core\stm32g4xx_hal_msp.o
#        C:\GitHub\SCU-Work\ELEN_460\ELEN460_Final_Project_Main\EWARM\ELEN460_Final_Project_Main\Obj\Drivers\STM32G4xx_HAL_Driver\stm32g4xx_hal_pwr.o
#        C:\GitHub\SCU-Work\ELEN_460\ELEN460_Final_Project_Main\EWARM\ELEN460_Final_Project_Main\Obj\Drivers\STM32G4xx_HAL_Driver\stm32g4xx_hal_pwr_ex.o
#        C:\GitHub\SCU-Work\ELEN_460\ELEN460_Final_Project_Main\EWARM\ELEN460_Final_Project_Main\Obj\Drivers\STM32G4xx_HAL_Driver\stm32g4xx_hal_rcc.o
#        C:\GitHub\SCU-Work\ELEN_460\ELEN460_Final_Project_Main\EWARM\ELEN460_Final_Project_Main\Obj\Drivers\STM32G4xx_HAL_Driver\stm32g4xx_hal_rcc_ex.o
#        C:\GitHub\SCU-Work\ELEN_460\ELEN460_Final_Project_Main\EWARM\ELEN460_Final_Project_Main\Obj\Drivers\STM32G4xx_HAL_Driver\stm32g4xx_hal_tim.o
#        C:\GitHub\SCU-Work\ELEN_460\ELEN460_Final_Project_Main\EWARM\ELEN460_Final_Project_Main\Obj\Drivers\STM32G4xx_HAL_Driver\stm32g4xx_hal_tim_ex.o
#        C:\GitHub\SCU-Work\ELEN_460\ELEN460_Final_Project_Main\EWARM\ELEN460_Final_Project_Main\Obj\Application\User\Core\stm32g4xx_it.o
#        C:\GitHub\SCU-Work\ELEN_460\ELEN460_Final_Project_Main\EWARM\ELEN460_Final_Project_Main\Obj\Drivers\CMSIS\system_stm32g4xx.o
#        --no_out_extension -o
#        C:\GitHub\SCU-Work\ELEN_460\ELEN460_Final_Project_Main\EWARM\ELEN460_Final_Project_Main\Exe\ELEN460_Final_Project_Main.out
#        --redirect _Printf=_PrintfFullNoMb --redirect _Scanf=_ScanfFullNoMb
#        --map
#        C:\GitHub\SCU-Work\ELEN_460\ELEN460_Final_Project_Main\EWARM\ELEN460_Final_Project_Main\List\ELEN460_Final_Project_Main.map
#        --config
#        C:\GitHub\SCU-Work\ELEN_460\ELEN460_Final_Project_Main\EWARM/stm32g431xx_flash.icf
#        --semihosting --entry __iar_program_start --vfe --text_out locale)
#
###############################################################################

*******************************************************************************
*** RUNTIME MODEL ATTRIBUTES
***

CppFlavor       = *
__SystemLibrary = DLib
__dlib_version  = 6


*******************************************************************************
*** HEAP SELECTION
***

The basic heap was selected because some modules are built with
size limitations (and not runtime checking), and --advanced_heap
was not specified.


*******************************************************************************
*** PLACEMENT SUMMARY
***

"A0":  place at address 0x800'0000 { ro section .intvec };
"P1":  place in [from 0x800'0000 to 0x801'ffff] { ro };
define block CSTACK with size = 1K, alignment = 8 { };
define block HEAP with size = 512, alignment = 8 { };
"P2":  place in [from 0x2000'0000 to 0x2000'7fff] {
          rw, block CSTACK, block HEAP };
initialize by copy { rw };

  Section            Kind         Address    Size  Object
  -------            ----         -------    ----  ------
"A0":                                       0x1d8
  .intvec            ro code   0x800'0000   0x1d8  startup_stm32g431xx.o [1]
                             - 0x800'01d8   0x1d8

"P1":                                      0x1f4d
  .text              ro code   0x800'01d8   0x7e8  stm32g4xx_hal_tim.o [4]
  .text              ro code   0x800'09c0   0x15c  stm32g4xx_hal_msp.o [2]
  .text              ro code   0x800'0b1c    0xb0  stm32g4xx_hal_pwr_ex.o [4]
  .text              ro code   0x800'0bcc    0x14  memset.o [7]
  .text              ro code   0x800'0be0   0x1cc  stm32g4xx_hal_gpio.o [4]
  .text              ro code   0x800'0dac    0x66  ABImemset.o [7]
  .text              ro code   0x800'0e12    0x3a  packbits_init_single.o [7]
  .text              ro code   0x800'0e4c   0x600  stm32g4xx_hal_rcc.o [4]
  .text              ro code   0x800'144c     0xc  stm32g4xx_hal.o [4]
  .text              ro code   0x800'1458    0x44  stm32g4xx_hal.o [4]
  .text              ro code   0x800'149c    0xac  stm32g4xx_hal_cortex.o [4]
  .text              ro code   0x800'1548   0x3b8  main.o [2]
  .text              ro code   0x800'1900    0x1e  stm32g4xx_hal.o [4]
  .text              ro code   0x800'1920   0x144  stm32g4xx_hal_tim_ex.o [4]
  .text              ro code   0x800'1a64    0xb0  stm32g4xx_hal_i2c.o [4]
  .text              ro code   0x800'1b14    0x7e  stm32g4xx_hal_i2c_ex.o [4]
  .text              ro code   0x800'1b94    0x34  KeyboardHoldRepeat_User.o [2]
  .text              ro code   0x800'1bc8    0x58  KeyboardHoldRepeat.o [2]
  .text              ro code   0x800'1c20   0x228  stm32g4xx_hal_rcc_ex.o [4]
  .text              ro code   0x800'1e48    0x5c  stm32g4xx_it.o [2]
  .text              ro code   0x800'1ea4    0x10  stm32g4xx_hal.o [4]
  .text              ro code   0x800'1eb4    0x38  zero_init3.o [7]
  .text              ro code   0x800'1eec    0x28  data_init.o [7]
  .text              ro code   0x800'1f14    0x22  fpinit_M.o [6]
  .iar.init_table    const     0x800'1f38    0x20  - Linker created -
  .text              ro code   0x800'1f58    0x20  system_stm32g4xx.o [3]
  .text              ro code   0x800'1f78    0x1e  cmain.o [7]
  .text              ro code   0x800'1f96     0x4  low_level_init.o [5]
  .text              ro code   0x800'1f9a     0x4  exit.o [5]
  .text              ro code   0x800'1fa0     0xa  cexit.o [7]
  .text              ro code   0x800'1fac    0x14  exit.o [8]
  .text              ro code   0x800'1fc0    0x1c  cstartup_M.o [7]
  .text              ro code   0x800'1fdc    0x10  startup_stm32g431xx.o [1]
  .text              ro code   0x800'1fec     0x4  startup_stm32g431xx.o [1]
  .text              ro code   0x800'1ff0     0x4  startup_stm32g431xx.o [1]
  .text              ro code   0x800'1ff4     0x4  startup_stm32g431xx.o [1]
  .text              ro code   0x800'1ff8     0x4  startup_stm32g431xx.o [1]
  .text              ro code   0x800'1ffc     0x4  startup_stm32g431xx.o [1]
  .text              ro code   0x800'2000     0x4  startup_stm32g431xx.o [1]
  .text              ro code   0x800'2004     0x4  startup_stm32g431xx.o [1]
  .text              ro code   0x800'2008     0x4  startup_stm32g431xx.o [1]
  .text              ro code   0x800'200c     0x4  startup_stm32g431xx.o [1]
  .text              ro code   0x800'2010     0x4  startup_stm32g431xx.o [1]
  .text              ro code   0x800'2014     0x4  startup_stm32g431xx.o [1]
  .text              ro code   0x800'2018     0x4  startup_stm32g431xx.o [1]
  .text              ro code   0x800'201c     0x4  startup_stm32g431xx.o [1]
  .text              ro code   0x800'2020     0x4  startup_stm32g431xx.o [1]
  .text              ro code   0x800'2024     0x4  startup_stm32g431xx.o [1]
  .text              ro code   0x800'2028     0x4  startup_stm32g431xx.o [1]
  .text              ro code   0x800'202c     0x4  startup_stm32g431xx.o [1]
  .text              ro code   0x800'2030     0x4  startup_stm32g431xx.o [1]
  .text              ro code   0x800'2034     0x4  startup_stm32g431xx.o [1]
  .text              ro code   0x800'2038     0x4  startup_stm32g431xx.o [1]
  .text              ro code   0x800'203c     0x4  startup_stm32g431xx.o [1]
  .text              ro code   0x800'2040     0x4  startup_stm32g431xx.o [1]
  .text              ro code   0x800'2044     0x4  startup_stm32g431xx.o [1]
  .text              ro code   0x800'2048     0x4  startup_stm32g431xx.o [1]
  .text              ro code   0x800'204c     0x4  startup_stm32g431xx.o [1]
  .text              ro code   0x800'2050     0x4  startup_stm32g431xx.o [1]
  .text              ro code   0x800'2054     0x4  startup_stm32g431xx.o [1]
  .text              ro code   0x800'2058     0x4  startup_stm32g431xx.o [1]
  .text              ro code   0x800'205c     0x4  startup_stm32g431xx.o [1]
  .text              ro code   0x800'2060     0x4  startup_stm32g431xx.o [1]
  .text              ro code   0x800'2064     0x4  startup_stm32g431xx.o [1]
  .text              ro code   0x800'2068     0x4  startup_stm32g431xx.o [1]
  .text              ro code   0x800'206c     0x4  startup_stm32g431xx.o [1]
  .text              ro code   0x800'2070     0x4  startup_stm32g431xx.o [1]
  .text              ro code   0x800'2074     0x4  startup_stm32g431xx.o [1]
  .text              ro code   0x800'2078     0x4  startup_stm32g431xx.o [1]
  .text              ro code   0x800'207c     0x4  startup_stm32g431xx.o [1]
  .text              ro code   0x800'2080     0x4  startup_stm32g431xx.o [1]
  .text              ro code   0x800'2084     0x4  startup_stm32g431xx.o [1]
  .text              ro code   0x800'2088     0x4  startup_stm32g431xx.o [1]
  .text              ro code   0x800'208c     0x4  startup_stm32g431xx.o [1]
  .text              ro code   0x800'2090     0x4  startup_stm32g431xx.o [1]
  .text              ro code   0x800'2094     0x4  startup_stm32g431xx.o [1]
  .text              ro code   0x800'2098     0x4  startup_stm32g431xx.o [1]
  .text              ro code   0x800'209c     0x4  startup_stm32g431xx.o [1]
  .text              ro code   0x800'20a0     0x4  startup_stm32g431xx.o [1]
  .text              ro code   0x800'20a4     0x4  startup_stm32g431xx.o [1]
  .text              ro code   0x800'20a8     0x4  startup_stm32g431xx.o [1]
  .text              ro code   0x800'20ac     0x4  startup_stm32g431xx.o [1]
  .text              ro code   0x800'20b0     0x4  startup_stm32g431xx.o [1]
  .text              ro code   0x800'20b4     0x4  startup_stm32g431xx.o [1]
  .text              ro code   0x800'20b8     0x4  startup_stm32g431xx.o [1]
  .text              ro code   0x800'20bc     0x4  startup_stm32g431xx.o [1]
  .text              ro code   0x800'20c0     0x4  startup_stm32g431xx.o [1]
  .text              ro code   0x800'20c4     0x4  startup_stm32g431xx.o [1]
  .text              ro code   0x800'20c8     0x4  startup_stm32g431xx.o [1]
  .text              ro code   0x800'20cc     0x4  startup_stm32g431xx.o [1]
  .text              ro code   0x800'20d0     0x4  startup_stm32g431xx.o [1]
  .text              ro code   0x800'20d4     0x4  startup_stm32g431xx.o [1]
  .text              ro code   0x800'20d8     0x4  startup_stm32g431xx.o [1]
  .text              ro code   0x800'20dc     0x4  startup_stm32g431xx.o [1]
  .text              ro code   0x800'20e0     0x4  startup_stm32g431xx.o [1]
  .text              ro code   0x800'20e4     0x4  startup_stm32g431xx.o [1]
  .text              ro code   0x800'20e8     0x4  startup_stm32g431xx.o [1]
  .text              ro code   0x800'20ec     0x4  startup_stm32g431xx.o [1]
  .text              ro code   0x800'20f0     0x4  startup_stm32g431xx.o [1]
  .text              ro code   0x800'20f4     0x4  startup_stm32g431xx.o [1]
  .text              ro code   0x800'20f8     0x4  startup_stm32g431xx.o [1]
  .text              ro code   0x800'20fc     0x4  startup_stm32g431xx.o [1]
  .text              ro code   0x800'2100     0x4  startup_stm32g431xx.o [1]
  .rodata            const     0x800'2104     0x0  zero_init3.o [7]
  .rodata            const     0x800'2104     0x0  packbits_init_single.o [7]
  Initializer bytes  const     0x800'2104    0x21  <for P2-1>
                             - 0x800'2125  0x1f4d

"P2", part 1 of 3:                           0x74
  P2-1                        0x2000'0000    0x74  <Init block>
    .data            inited   0x2000'0000    0x50  main.o [2]
    .data            inited   0x2000'0050     0xc  stm32g4xx_hal.o [4]
    .data            inited   0x2000'005c     0x4  system_stm32g4xx.o [3]
    .data            inited   0x2000'0060     0xc  stm32g4xx_it.o [2]
    .data            inited   0x2000'006c     0x8  KeyboardHoldRepeat.o [2]
                            - 0x2000'0074    0x74

"P2", part 2 of 3:                           0x98
  .bss               zero     0x2000'0074    0x4c  main.o [2]
  .bss               zero     0x2000'00c0    0x4c  main.o [2]
                            - 0x2000'010c    0x98

"P2", part 3 of 3:                          0x400
  CSTACK                      0x2000'0110   0x400  <Block>
    CSTACK           uninit   0x2000'0110   0x400  <Block tail>
                            - 0x2000'0510   0x400

Unused ranges:

         From           To      Size
         ----           --      ----
   0x800'2125   0x801'ffff  0x1'dedb
  0x2000'010c  0x2000'010f       0x4
  0x2000'0510  0x2000'7fff    0x7af0


*******************************************************************************
*** INIT TABLE
***

          Address      Size
          -------      ----
Zero (__iar_zero_init3)
    1 destination range, total size 0x98:
          0x2000'0074  0x98

Copy/packbits (__iar_packbits_init_single3)
    1 source range, total size 0x21 (28% of destination):
           0x800'2104  0x21
    1 destination range, total size 0x74:
          0x2000'0000  0x74



*******************************************************************************
*** MODULE SUMMARY
***

    Module                     ro code  ro data  rw data
    ------                     -------  -------  -------
command line/config:
    ----------------------------------------------------
    Total:

C:\GitHub\SCU-Work\ELEN_460\ELEN460_Final_Project_Main\EWARM\ELEN460_Final_Project_Main\Obj\Application\EWARM: [1]
    startup_stm32g431xx.o          768
    ----------------------------------------------------
    Total:                         768

C:\GitHub\SCU-Work\ELEN_460\ELEN460_Final_Project_Main\EWARM\ELEN460_Final_Project_Main\Obj\Application\User\Core: [2]
    KeyboardHoldRepeat.o            88        3        8
    KeyboardHoldRepeat_User.o       52
    main.o                         952       22      232
    stm32g4xx_hal_msp.o            348
    stm32g4xx_it.o                  92        3       12
    ----------------------------------------------------
    Total:                       1'532       28      252

C:\GitHub\SCU-Work\ELEN_460\ELEN460_Final_Project_Main\EWARM\ELEN460_Final_Project_Main\Obj\Drivers\CMSIS: [3]
    system_stm32g4xx.o              32        1        4
    ----------------------------------------------------
    Total:                          32        1        4

C:\GitHub\SCU-Work\ELEN_460\ELEN460_Final_Project_Main\EWARM\ELEN460_Final_Project_Main\Obj\Drivers\STM32G4xx_HAL_Driver: [4]
    stm32g4xx_hal.o                126        4       12
    stm32g4xx_hal_cortex.o         172
    stm32g4xx_hal_gpio.o           460
    stm32g4xx_hal_i2c.o            176
    stm32g4xx_hal_i2c_ex.o         126
    stm32g4xx_hal_pwr_ex.o         176
    stm32g4xx_hal_rcc.o          1'536
    stm32g4xx_hal_rcc_ex.o         552
    stm32g4xx_hal_tim.o          2'024
    stm32g4xx_hal_tim_ex.o         324
    ----------------------------------------------------
    Total:                       5'672        4       12

dl7M_tlf.a: [5]
    exit.o                           4
    low_level_init.o                 4
    ----------------------------------------------------
    Total:                           8

m7M_tls.a: [6]
    fpinit_M.o                      34
    ----------------------------------------------------
    Total:                          34

rt7M_tl.a: [7]
    ABImemset.o                    102
    cexit.o                         10
    cmain.o                         30
    cstartup_M.o                    28
    data_init.o                     40
    memset.o                        20
    packbits_init_single.o          58
    zero_init3.o                    56
    ----------------------------------------------------
    Total:                         344

shb_l.a: [8]
    exit.o                          20
    ----------------------------------------------------
    Total:                          20

    Gaps                             8        2
    Linker created                           32    1'024
--------------------------------------------------------
    Grand Total:                 8'418       67    1'292


*******************************************************************************
*** ENTRY LIST
***

Entry                       Address   Size  Type      Object
-----                       -------   ----  ----      ------
.iar.init_table$$Base    0x800'1f38          --   Gb  - Linker created -
.iar.init_table$$Limit   0x800'1f58          --   Gb  - Linker created -
?main                    0x800'1f79         Code  Gb  cmain.o [7]
AHBPrescTable            0x800'1f68   0x10  Data  Gb  system_stm32g4xx.o [3]
BusFault_Handler         0x800'1e4f    0x2  Code  Gb  stm32g4xx_it.o [2]
CSTACK$$Base            0x2000'0110          --   Gb  - Linker created -
CSTACK$$Limit           0x2000'0510          --   Gb  - Linker created -
DebounceKeyCode          0x800'1bc9   0x58  Code  Gb  KeyboardHoldRepeat.o [2]
DebugMon_Handler         0x800'1e55    0x2  Code  Gb  stm32g4xx_it.o [2]
Error_Handler            0x800'18fd    0x4  Code  Gb  main.o [2]
HAL_GPIO_Init            0x800'0be1  0x196  Code  Gb  stm32g4xx_hal_gpio.o [4]
HAL_GPIO_ReadPin         0x800'0d77    0xc  Code  Gb  stm32g4xx_hal_gpio.o [4]
HAL_GPIO_WritePin        0x800'0d83    0xa  Code  Gb  stm32g4xx_hal_gpio.o [4]
HAL_GetTick              0x800'144d    0xc  Code  Gb  stm32g4xx_hal.o [4]
HAL_I2CEx_ConfigAnalogFilter
                         0x800'1b15   0x2a  Code  Gb  stm32g4xx_hal_i2c_ex.o [4]
HAL_I2CEx_ConfigDigitalFilter
                         0x800'1b3f   0x26  Code  Gb  stm32g4xx_hal_i2c_ex.o [4]
HAL_I2C_Init             0x800'1a65   0xa0  Code  Gb  stm32g4xx_hal_i2c.o [4]
HAL_I2C_MspInit          0x800'09ef   0x62  Code  Gb  stm32g4xx_hal_msp.o [2]
HAL_IncTick              0x800'1ea5   0x10  Code  Gb  stm32g4xx_hal.o [4]
HAL_Init                 0x800'1901   0x1e  Code  Gb  stm32g4xx_hal.o [4]
HAL_InitTick             0x800'1459   0x44  Code  Gb  stm32g4xx_hal.o [4]
HAL_MspInit              0x800'09c1   0x2e  Code  Gb  stm32g4xx_hal_msp.o [2]
HAL_NVIC_SetPriority     0x800'14d1   0x3a  Code  Gb  stm32g4xx_hal_cortex.o [4]
HAL_NVIC_SetPriorityGrouping
                         0x800'14b7   0x1a  Code  Gb  stm32g4xx_hal_cortex.o [4]
HAL_PWREx_ControlVoltageScaling
                         0x800'0b1d   0x52  Code  Gb  stm32g4xx_hal_pwr_ex.o [4]
HAL_PWREx_DisableUCPDDeadBattery
                         0x800'0bab    0x2  Code  Gb  stm32g4xx_hal_pwr_ex.o [4]
HAL_RCCEx_PeriphCLKConfig
                         0x800'1c21  0x20a  Code  Gb  stm32g4xx_hal_rcc_ex.o [4]
HAL_RCC_ClockConfig      0x800'120f  0x1a0  Code  Gb  stm32g4xx_hal_rcc.o [4]
HAL_RCC_GetSysClockFreq
                         0x800'13bb   0x5e  Code  Gb  stm32g4xx_hal_rcc.o [4]
HAL_RCC_OscConfig        0x800'0e4d  0x3a6  Code  Gb  stm32g4xx_hal_rcc.o [4]
HAL_SYSTICK_Config       0x800'150d   0x28  Code  Gb  stm32g4xx_hal_cortex.o [4]
HAL_TIMEx_ConfigBreakDeadTime
                         0x800'19a5   0xa4  Code  Gb  stm32g4xx_hal_tim_ex.o [4]
HAL_TIMEx_MasterConfigSynchronization
                         0x800'1921   0x80  Code  Gb  stm32g4xx_hal_tim_ex.o [4]
HAL_TIM_Base_Init        0x800'01d9   0x1a  Code  Gb  stm32g4xx_hal_tim.o [4]
HAL_TIM_Base_MspInit     0x800'0a73   0x22  Code  Gb  stm32g4xx_hal_msp.o [2]
HAL_TIM_MspPostInit      0x800'0a95   0x48  Code  Gb  stm32g4xx_hal_msp.o [2]
HAL_TIM_PWM_ConfigChannel
                         0x800'0541  0x102  Code  Gb  stm32g4xx_hal_tim.o [4]
HAL_TIM_PWM_Init         0x800'021d   0x1a  Code  Gb  stm32g4xx_hal_tim.o [4]
HAL_TIM_PWM_MspInit      0x800'0a51   0x22  Code  Gb  stm32g4xx_hal_msp.o [2]
HAL_TIM_PWM_Start        0x800'0237   0xc0  Code  Gb  stm32g4xx_hal_tim.o [4]
HAL_TIM_PWM_Start_IT     0x800'03df   0xe8  Code  Gb  stm32g4xx_hal_tim.o [4]
HAL_TIM_PWM_Stop         0x800'031b   0x7c  Code  Gb  stm32g4xx_hal_tim.o [4]
HardFault_Handler        0x800'1e4b    0x2  Code  Gb  stm32g4xx_it.o [2]
MemManage_Handler        0x800'1e4d    0x2  Code  Gb  stm32g4xx_it.o [2]
Motor_Set_AIN1           0x800'186b   0x10  Code  Gb  main.o [2]
Motor_Set_AIN2           0x800'1887    0xe  Code  Gb  main.o [2]
Motor_Set_State          0x800'1843   0x28  Code  Gb  main.o [2]
NMI_Handler              0x800'1e49    0x2  Code  Gb  stm32g4xx_it.o [2]
PendSV_Handler           0x800'1e57    0x2  Code  Gb  stm32g4xx_it.o [2]
ProcessKeyCode           0x800'1b95   0x12  Code  Gb  KeyboardHoldRepeat_User.o [2]
Region$$Table$$Base      0x800'1f38          --   Gb  - Linker created -
Region$$Table$$Limit     0x800'1f58          --   Gb  - Linker created -
SVC_Handler              0x800'1e53    0x2  Code  Gb  stm32g4xx_it.o [2]
ScanKeyboard             0x800'1bb1    0x8  Code  Gb  KeyboardHoldRepeat_User.o [2]
SysTick_Handler          0x800'1e59   0x48  Code  Gb  stm32g4xx_it.o [2]
SystemClock_Config       0x800'17cf   0x74  Code  Gb  main.o [2]
SystemCoreClock         0x2000'005c    0x4  Data  Gb  system_stm32g4xx.o [3]
SystemInit               0x800'1f59    0xc  Code  Gb  system_stm32g4xx.o [3]
TIM_Base_SetConfig       0x800'064f   0xa0  Code  Gb  stm32g4xx_hal_tim.o [4]
TIM_CCxChannelCmd        0x800'09a5   0x16  Code  Gb  stm32g4xx_hal_tim.o [4]
TIM_OC1_SetConfig        0x800'06ef   0x84  Code  Lc  stm32g4xx_hal_tim.o [4]
TIM_OC2_SetConfig        0x800'0773   0x68  Code  Gb  stm32g4xx_hal_tim.o [4]
TIM_OC3_SetConfig        0x800'07db   0x70  Code  Lc  stm32g4xx_hal_tim.o [4]
TIM_OC4_SetConfig        0x800'084d   0x68  Code  Lc  stm32g4xx_hal_tim.o [4]
TIM_OC5_SetConfig        0x800'08cb   0x54  Code  Lc  stm32g4xx_hal_tim.o [4]
TIM_OC6_SetConfig        0x800'0921   0x56  Code  Lc  stm32g4xx_hal_tim.o [4]
UsageFault_Handler       0x800'1e51    0x2  Code  Gb  stm32g4xx_it.o [2]
ValidKeyCode             0x800'1ba7    0xa  Code  Gb  KeyboardHoldRepeat_User.o [2]
__NVIC_SetPriority       0x800'149d   0x1a  Code  Lc  stm32g4xx_hal_cortex.o [4]
__aeabi_memset           0x800'0dad         Code  Gb  ABImemset.o [7]
__cmain                  0x800'1f79         Code  Gb  cmain.o [7]
__exit                   0x800'1fad   0x14  Code  Gb  exit.o [8]
__iar_Memset             0x800'0dad         Code  Gb  ABImemset.o [7]
__iar_Memset_word        0x800'0db5         Code  Gb  ABImemset.o [7]
__iar_data_init3         0x800'1eed   0x28  Code  Gb  data_init.o [7]
__iar_init_vfp           0x800'1f15         Code  Gb  fpinit_M.o [6]
__iar_packbits_init_single3
                         0x800'0e13   0x3a  Code  Gb  packbits_init_single.o [7]
__iar_program_start      0x800'1fc1         Code  Gb  cstartup_M.o [7]
__iar_zero_init3         0x800'1eb5   0x38  Code  Gb  zero_init3.o [7]
__low_level_init         0x800'1f97    0x4  Code  Gb  low_level_init.o [5]
__vector_table           0x800'0000         Data  Gb  startup_stm32g431xx.o [1]
_call_main               0x800'1f85         Code  Gb  cmain.o [7]
_exit                    0x800'1fa1         Code  Gb  cexit.o [7]
buttonPressed           0x2000'0001    0x1  Data  Gb  main.o [2]
exit                     0x800'1f9b    0x4  Code  Gb  exit.o [5]
firstSend               0x2000'0073    0x1  Data  Gb  KeyboardHoldRepeat.o [2]
hi2c2                   0x2000'0004   0x4c  Data  Gb  main.o [2]
htim17                  0x2000'00c0   0x4c  Data  Gb  main.o [2]
htim3                   0x2000'0074   0x4c  Data  Gb  main.o [2]
hundred_mS_Counter      0x2000'0068    0x2  Data  Gb  stm32g4xx_it.o [2]
hundred_mS_Flag         0x2000'0062    0x1  Data  Gb  stm32g4xx_it.o [2]
keyCode                 0x2000'0000    0x1  Data  Gb  main.o [2]
keyCodeDebounceCounter  0x2000'006c    0x1  Data  Gb  KeyboardHoldRepeat.o [2]
keyCodeDebounced        0x2000'006d    0x1  Data  Gb  KeyboardHoldRepeat.o [2]
keyCodeHoldCounter      0x2000'006e    0x1  Data  Gb  KeyboardHoldRepeat.o [2]
keyCodeProcessed        0x2000'0071    0x1  Data  Gb  KeyboardHoldRepeat.o [2]
keyCodeRepeatDelayCounter
                        0x2000'006f    0x1  Data  Gb  KeyboardHoldRepeat.o [2]
lastKeyCode             0x2000'0072    0x1  Data  Gb  KeyboardHoldRepeat.o [2]
main                     0x800'1549  0x26c  Code  Gb  main.o [2]
memset                   0x800'0bcd   0x14  Code  Gb  memset.o [7]
motorDir                0x2000'0002    0x1  Data  Gb  main.o [2]
one_S_Counter           0x2000'006a    0x2  Data  Gb  stm32g4xx_it.o [2]
one_S_Flag              0x2000'0063    0x1  Data  Gb  stm32g4xx_it.o [2]
processKeyCode          0x2000'0070    0x1  Data  Gb  KeyboardHoldRepeat.o [2]
ten_mS_Counter          0x2000'0064    0x2  Data  Gb  stm32g4xx_it.o [2]
ten_mS_Flag             0x2000'0060    0x1  Data  Gb  stm32g4xx_it.o [2]
twentyfive_mS_Counter   0x2000'0066    0x2  Data  Gb  stm32g4xx_it.o [2]
twentyfive_mS_Flag      0x2000'0061    0x1  Data  Gb  stm32g4xx_it.o [2]
uwTick                  0x2000'0050    0x4  Data  Gb  stm32g4xx_hal.o [4]
uwTickFreq              0x2000'0058    0x4  Data  Gb  stm32g4xx_hal.o [4]
uwTickPrio              0x2000'0054    0x4  Data  Gb  stm32g4xx_hal.o [4]


[1] = C:\GitHub\SCU-Work\ELEN_460\ELEN460_Final_Project_Main\EWARM\ELEN460_Final_Project_Main\Obj\Application\EWARM
[2] = C:\GitHub\SCU-Work\ELEN_460\ELEN460_Final_Project_Main\EWARM\ELEN460_Final_Project_Main\Obj\Application\User\Core
[3] = C:\GitHub\SCU-Work\ELEN_460\ELEN460_Final_Project_Main\EWARM\ELEN460_Final_Project_Main\Obj\Drivers\CMSIS
[4] = C:\GitHub\SCU-Work\ELEN_460\ELEN460_Final_Project_Main\EWARM\ELEN460_Final_Project_Main\Obj\Drivers\STM32G4xx_HAL_Driver
[5] = dl7M_tlf.a
[6] = m7M_tls.a
[7] = rt7M_tl.a
[8] = shb_l.a

  8'418 bytes of readonly  code memory
     67 bytes of readonly  data memory
  1'292 bytes of readwrite data memory

Errors: none
Warnings: none
