###############################################################################
#
# IAR ELF Linker V9.10.2.313/W64 for ARM                  02/Dec/2021  23:56:51
# Copyright 2007-2021 IAR Systems AB.
#
#    Output file  =
#        C:\GitHub\SCU-Work\ELEN_460\ELEN460_Final_Project_Main\EWARM\ELEN460_Final_Project_Main\Exe\ELEN460_Final_Project_Main.out
#    Map file     =
#        C:\GitHub\SCU-Work\ELEN_460\ELEN460_Final_Project_Main\EWARM\ELEN460_Final_Project_Main\List\ELEN460_Final_Project_Main.map
#    Command line =
#        -f
#        C:\GitHub\SCU-Work\ELEN_460\ELEN460_Final_Project_Main\EWARM\ELEN460_Final_Project_Main\Exe\ELEN460_Final_Project_Main.out.rsp
#        (C:\GitHub\SCU-Work\ELEN_460\ELEN460_Final_Project_Main\EWARM\ELEN460_Final_Project_Main\Obj\Application\User\Core\KeyboardHoldRepeat.o
#        C:\GitHub\SCU-Work\ELEN_460\ELEN460_Final_Project_Main\EWARM\ELEN460_Final_Project_Main\Obj\Application\User\Core\KeyboardHoldRepeat_User.o
#        C:\GitHub\SCU-Work\ELEN_460\ELEN460_Final_Project_Main\EWARM\ELEN460_Final_Project_Main\Obj\Application\User\Core\main.o
#        C:\GitHub\SCU-Work\ELEN_460\ELEN460_Final_Project_Main\EWARM\ELEN460_Final_Project_Main\Obj\Application\EWARM\startup_stm32g431xx.o
#        C:\GitHub\SCU-Work\ELEN_460\ELEN460_Final_Project_Main\EWARM\ELEN460_Final_Project_Main\Obj\Drivers\STM32G4xx_HAL_Driver\stm32g4xx_hal.o
#        C:\GitHub\SCU-Work\ELEN_460\ELEN460_Final_Project_Main\EWARM\ELEN460_Final_Project_Main\Obj\Drivers\STM32G4xx_HAL_Driver\stm32g4xx_hal_cortex.o
#        C:\GitHub\SCU-Work\ELEN_460\ELEN460_Final_Project_Main\EWARM\ELEN460_Final_Project_Main\Obj\Drivers\STM32G4xx_HAL_Driver\stm32g4xx_hal_dma.o
#        C:\GitHub\SCU-Work\ELEN_460\ELEN460_Final_Project_Main\EWARM\ELEN460_Final_Project_Main\Obj\Drivers\STM32G4xx_HAL_Driver\stm32g4xx_hal_dma_ex.o
#        C:\GitHub\SCU-Work\ELEN_460\ELEN460_Final_Project_Main\EWARM\ELEN460_Final_Project_Main\Obj\Drivers\STM32G4xx_HAL_Driver\stm32g4xx_hal_exti.o
#        C:\GitHub\SCU-Work\ELEN_460\ELEN460_Final_Project_Main\EWARM\ELEN460_Final_Project_Main\Obj\Drivers\STM32G4xx_HAL_Driver\stm32g4xx_hal_flash.o
#        C:\GitHub\SCU-Work\ELEN_460\ELEN460_Final_Project_Main\EWARM\ELEN460_Final_Project_Main\Obj\Drivers\STM32G4xx_HAL_Driver\stm32g4xx_hal_flash_ex.o
#        C:\GitHub\SCU-Work\ELEN_460\ELEN460_Final_Project_Main\EWARM\ELEN460_Final_Project_Main\Obj\Drivers\STM32G4xx_HAL_Driver\stm32g4xx_hal_flash_ramfunc.o
#        C:\GitHub\SCU-Work\ELEN_460\ELEN460_Final_Project_Main\EWARM\ELEN460_Final_Project_Main\Obj\Drivers\STM32G4xx_HAL_Driver\stm32g4xx_hal_gpio.o
#        C:\GitHub\SCU-Work\ELEN_460\ELEN460_Final_Project_Main\EWARM\ELEN460_Final_Project_Main\Obj\Drivers\STM32G4xx_HAL_Driver\stm32g4xx_hal_i2c.o
#        C:\GitHub\SCU-Work\ELEN_460\ELEN460_Final_Project_Main\EWARM\ELEN460_Final_Project_Main\Obj\Drivers\STM32G4xx_HAL_Driver\stm32g4xx_hal_i2c_ex.o
#        C:\GitHub\SCU-Work\ELEN_460\ELEN460_Final_Project_Main\EWARM\ELEN460_Final_Project_Main\Obj\Application\User\Core\stm32g4xx_hal_msp.o
#        C:\GitHub\SCU-Work\ELEN_460\ELEN460_Final_Project_Main\EWARM\ELEN460_Final_Project_Main\Obj\Drivers\STM32G4xx_HAL_Driver\stm32g4xx_hal_pwr.o
#        C:\GitHub\SCU-Work\ELEN_460\ELEN460_Final_Project_Main\EWARM\ELEN460_Final_Project_Main\Obj\Drivers\STM32G4xx_HAL_Driver\stm32g4xx_hal_pwr_ex.o
#        C:\GitHub\SCU-Work\ELEN_460\ELEN460_Final_Project_Main\EWARM\ELEN460_Final_Project_Main\Obj\Drivers\STM32G4xx_HAL_Driver\stm32g4xx_hal_rcc.o
#        C:\GitHub\SCU-Work\ELEN_460\ELEN460_Final_Project_Main\EWARM\ELEN460_Final_Project_Main\Obj\Drivers\STM32G4xx_HAL_Driver\stm32g4xx_hal_rcc_ex.o
#        C:\GitHub\SCU-Work\ELEN_460\ELEN460_Final_Project_Main\EWARM\ELEN460_Final_Project_Main\Obj\Drivers\STM32G4xx_HAL_Driver\stm32g4xx_hal_tim.o
#        C:\GitHub\SCU-Work\ELEN_460\ELEN460_Final_Project_Main\EWARM\ELEN460_Final_Project_Main\Obj\Drivers\STM32G4xx_HAL_Driver\stm32g4xx_hal_tim_ex.o
#        C:\GitHub\SCU-Work\ELEN_460\ELEN460_Final_Project_Main\EWARM\ELEN460_Final_Project_Main\Obj\Application\User\Core\stm32g4xx_it.o
#        C:\GitHub\SCU-Work\ELEN_460\ELEN460_Final_Project_Main\EWARM\ELEN460_Final_Project_Main\Obj\Drivers\CMSIS\system_stm32g4xx.o
#        --no_out_extension -o
#        C:\GitHub\SCU-Work\ELEN_460\ELEN460_Final_Project_Main\EWARM\ELEN460_Final_Project_Main\Exe\ELEN460_Final_Project_Main.out
#        --redirect _Printf=_PrintfFullNoMb --redirect _Scanf=_ScanfFullNoMb
#        --map
#        C:\GitHub\SCU-Work\ELEN_460\ELEN460_Final_Project_Main\EWARM\ELEN460_Final_Project_Main\List\ELEN460_Final_Project_Main.map
#        --config
#        C:\GitHub\SCU-Work\ELEN_460\ELEN460_Final_Project_Main\EWARM/stm32g431xx_flash.icf
#        --semihosting --entry __iar_program_start --vfe --text_out locale)
#
###############################################################################

*******************************************************************************
*** RUNTIME MODEL ATTRIBUTES
***

CppFlavor       = *
__SystemLibrary = DLib
__dlib_version  = 6


*******************************************************************************
*** HEAP SELECTION
***

The basic heap was selected because some modules are built with
size limitations (and not runtime checking), and --advanced_heap
was not specified.


*******************************************************************************
*** PLACEMENT SUMMARY
***

"A0":  place at address 0x800'0000 { ro section .intvec };
"P1":  place in [from 0x800'0000 to 0x801'ffff] { ro };
define block CSTACK with size = 1K, alignment = 8 { };
define block HEAP with size = 512, alignment = 8 { };
"P2":  place in [from 0x2000'0000 to 0x2000'7fff] {
          rw, block CSTACK, block HEAP };
initialize by copy { rw };

  Section            Kind         Address    Size  Object
  -------            ----         -------    ----  ------
"A0":                                       0x1d8
  .intvec            ro code   0x800'0000   0x1d8  startup_stm32g431xx.o [1]
                             - 0x800'01d8   0x1d8

"P1":                                      0x23f5
  .text              ro code   0x800'01d8   0x7e8  stm32g4xx_hal_tim.o [4]
  .text              ro code   0x800'09c0   0x15c  stm32g4xx_hal_msp.o [2]
  .text              ro code   0x800'0b1c    0xb0  stm32g4xx_hal_pwr_ex.o [4]
  .text              ro code   0x800'0bcc    0x14  memset.o [7]
  .text              ro code   0x800'0be0   0x1cc  stm32g4xx_hal_gpio.o [4]
  .text              ro code   0x800'0dac    0x66  ABImemset.o [7]
  .text              ro code   0x800'0e12    0x3a  packbits_init_single.o [7]
  .text              ro code   0x800'0e4c   0x600  stm32g4xx_hal_rcc.o [4]
  .text              ro code   0x800'144c     0xc  stm32g4xx_hal.o [4]
  .text              ro code   0x800'1458    0x44  stm32g4xx_hal.o [4]
  .text              ro code   0x800'149c    0xac  stm32g4xx_hal_cortex.o [4]
  .text              ro code   0x800'1548   0x482  main.o [2]
  .text              ro code   0x800'19cc    0x1e  stm32g4xx_hal.o [4]
  .text              ro code   0x800'19ec   0x144  stm32g4xx_hal_tim_ex.o [4]
  .text              ro code   0x800'1b30   0x388  stm32g4xx_hal_i2c.o [4]
  .text              ro code   0x800'1eb8    0x7e  stm32g4xx_hal_i2c_ex.o [4]
  .text              ro code   0x800'1f38    0xe4  KeyboardHoldRepeat_User.o [2]
  .text              ro code   0x800'201c    0x78  KeyboardHoldRepeat.o [2]
  .text              ro code   0x800'2094   0x228  stm32g4xx_hal_rcc_ex.o [4]
  .text              ro code   0x800'22bc    0x80  stm32g4xx_it.o [2]
  .text              ro code   0x800'233c    0x10  stm32g4xx_hal.o [4]
  .text              ro code   0x800'234c    0x38  zero_init3.o [7]
  .text              ro code   0x800'2384    0x28  data_init.o [7]
  .text              ro code   0x800'23ac    0x22  fpinit_M.o [6]
  .iar.init_table    const     0x800'23d0    0x20  - Linker created -
  .text              ro code   0x800'23f0    0x20  system_stm32g4xx.o [3]
  .text              ro code   0x800'2410    0x1e  cmain.o [7]
  .text              ro code   0x800'242e     0x4  low_level_init.o [5]
  .text              ro code   0x800'2432     0x4  exit.o [5]
  .text              ro code   0x800'2438     0xa  cexit.o [7]
  .text              ro code   0x800'2444    0x14  exit.o [8]
  .text              ro code   0x800'2458    0x1c  cstartup_M.o [7]
  .text              ro code   0x800'2474    0x10  startup_stm32g431xx.o [1]
  .text              ro code   0x800'2484     0x4  startup_stm32g431xx.o [1]
  .text              ro code   0x800'2488     0x4  startup_stm32g431xx.o [1]
  .text              ro code   0x800'248c     0x4  startup_stm32g431xx.o [1]
  .text              ro code   0x800'2490     0x4  startup_stm32g431xx.o [1]
  .text              ro code   0x800'2494     0x4  startup_stm32g431xx.o [1]
  .text              ro code   0x800'2498     0x4  startup_stm32g431xx.o [1]
  .text              ro code   0x800'249c     0x4  startup_stm32g431xx.o [1]
  .text              ro code   0x800'24a0     0x4  startup_stm32g431xx.o [1]
  .text              ro code   0x800'24a4     0x4  startup_stm32g431xx.o [1]
  .text              ro code   0x800'24a8     0x4  startup_stm32g431xx.o [1]
  .text              ro code   0x800'24ac     0x4  startup_stm32g431xx.o [1]
  .text              ro code   0x800'24b0     0x4  startup_stm32g431xx.o [1]
  .text              ro code   0x800'24b4     0x4  startup_stm32g431xx.o [1]
  .text              ro code   0x800'24b8     0x4  startup_stm32g431xx.o [1]
  .text              ro code   0x800'24bc     0x4  startup_stm32g431xx.o [1]
  .text              ro code   0x800'24c0     0x4  startup_stm32g431xx.o [1]
  .text              ro code   0x800'24c4     0x4  startup_stm32g431xx.o [1]
  .text              ro code   0x800'24c8     0x4  startup_stm32g431xx.o [1]
  .text              ro code   0x800'24cc     0x4  startup_stm32g431xx.o [1]
  .text              ro code   0x800'24d0     0x4  startup_stm32g431xx.o [1]
  .text              ro code   0x800'24d4     0x4  startup_stm32g431xx.o [1]
  .text              ro code   0x800'24d8     0x4  startup_stm32g431xx.o [1]
  .text              ro code   0x800'24dc     0x4  startup_stm32g431xx.o [1]
  .text              ro code   0x800'24e0     0x4  startup_stm32g431xx.o [1]
  .text              ro code   0x800'24e4     0x4  startup_stm32g431xx.o [1]
  .text              ro code   0x800'24e8     0x4  startup_stm32g431xx.o [1]
  .text              ro code   0x800'24ec     0x4  startup_stm32g431xx.o [1]
  .text              ro code   0x800'24f0     0x4  startup_stm32g431xx.o [1]
  .text              ro code   0x800'24f4     0x4  startup_stm32g431xx.o [1]
  .text              ro code   0x800'24f8     0x4  startup_stm32g431xx.o [1]
  .text              ro code   0x800'24fc     0x4  startup_stm32g431xx.o [1]
  .text              ro code   0x800'2500     0x4  startup_stm32g431xx.o [1]
  .text              ro code   0x800'2504     0x4  startup_stm32g431xx.o [1]
  .text              ro code   0x800'2508     0x4  startup_stm32g431xx.o [1]
  .text              ro code   0x800'250c     0x4  startup_stm32g431xx.o [1]
  .text              ro code   0x800'2510     0x4  startup_stm32g431xx.o [1]
  .text              ro code   0x800'2514     0x4  startup_stm32g431xx.o [1]
  .text              ro code   0x800'2518     0x4  startup_stm32g431xx.o [1]
  .text              ro code   0x800'251c     0x4  startup_stm32g431xx.o [1]
  .text              ro code   0x800'2520     0x4  startup_stm32g431xx.o [1]
  .text              ro code   0x800'2524     0x4  startup_stm32g431xx.o [1]
  .text              ro code   0x800'2528     0x4  startup_stm32g431xx.o [1]
  .text              ro code   0x800'252c     0x4  startup_stm32g431xx.o [1]
  .text              ro code   0x800'2530     0x4  startup_stm32g431xx.o [1]
  .text              ro code   0x800'2534     0x4  startup_stm32g431xx.o [1]
  .text              ro code   0x800'2538     0x4  startup_stm32g431xx.o [1]
  .text              ro code   0x800'253c     0x4  startup_stm32g431xx.o [1]
  .text              ro code   0x800'2540     0x4  startup_stm32g431xx.o [1]
  .text              ro code   0x800'2544     0x4  startup_stm32g431xx.o [1]
  .text              ro code   0x800'2548     0x4  startup_stm32g431xx.o [1]
  .text              ro code   0x800'254c     0x4  startup_stm32g431xx.o [1]
  .text              ro code   0x800'2550     0x4  startup_stm32g431xx.o [1]
  .text              ro code   0x800'2554     0x4  startup_stm32g431xx.o [1]
  .text              ro code   0x800'2558     0x4  startup_stm32g431xx.o [1]
  .text              ro code   0x800'255c     0x4  startup_stm32g431xx.o [1]
  .text              ro code   0x800'2560     0x4  startup_stm32g431xx.o [1]
  .text              ro code   0x800'2564     0x4  startup_stm32g431xx.o [1]
  .text              ro code   0x800'2568     0x4  startup_stm32g431xx.o [1]
  .text              ro code   0x800'256c     0x4  startup_stm32g431xx.o [1]
  .text              ro code   0x800'2570     0x4  startup_stm32g431xx.o [1]
  .text              ro code   0x800'2574     0x4  startup_stm32g431xx.o [1]
  .text              ro code   0x800'2578     0x4  startup_stm32g431xx.o [1]
  .text              ro code   0x800'257c     0x4  startup_stm32g431xx.o [1]
  .text              ro code   0x800'2580     0x4  startup_stm32g431xx.o [1]
  .text              ro code   0x800'2584     0x4  startup_stm32g431xx.o [1]
  .text              ro code   0x800'2588     0x4  startup_stm32g431xx.o [1]
  .text              ro code   0x800'258c     0x4  startup_stm32g431xx.o [1]
  .text              ro code   0x800'2590     0x4  startup_stm32g431xx.o [1]
  .text              ro code   0x800'2594     0x4  startup_stm32g431xx.o [1]
  .text              ro code   0x800'2598     0x4  startup_stm32g431xx.o [1]
  .rodata            const     0x800'259c     0x0  zero_init3.o [7]
  .rodata            const     0x800'259c     0x0  packbits_init_single.o [7]
  Initializer bytes  const     0x800'259c    0x31  <for P2-1>
                             - 0x800'25cd  0x23f5

"P2", part 1 of 3:                           0x8e
  P2-1                        0x2000'0000    0x8e  <Init block>
    .data            inited   0x2000'0000    0x64  main.o [2]
    .data            inited   0x2000'0064     0xc  stm32g4xx_hal.o [4]
    .data            inited   0x2000'0070     0x4  system_stm32g4xx.o [3]
    .data            inited   0x2000'0074    0x12  stm32g4xx_it.o [2]
    .data            inited   0x2000'0086     0x8  KeyboardHoldRepeat.o [2]
                            - 0x2000'008e    0x8e

"P2", part 2 of 3:                           0x9c
  .bss               zero     0x2000'0090    0x4c  main.o [2]
  .bss               zero     0x2000'00dc    0x4c  main.o [2]
  .bss               zero     0x2000'0128     0x1  main.o [2]
  .bss               zero     0x2000'0129     0x1  main.o [2]
                            - 0x2000'012a    0x9a

"P2", part 3 of 3:                          0x400
  CSTACK                      0x2000'0130   0x400  <Block>
    CSTACK           uninit   0x2000'0130   0x400  <Block tail>
                            - 0x2000'0530   0x400

Unused ranges:

         From           To      Size
         ----           --      ----
   0x800'25cd   0x801'ffff  0x1'da33
  0x2000'008e  0x2000'008f       0x2
  0x2000'012c  0x2000'012f       0x4
  0x2000'0530  0x2000'7fff    0x7ad0


*******************************************************************************
*** INIT TABLE
***

          Address      Size
          -------      ----
Zero (__iar_zero_init3)
    1 destination range, total size 0x9a:
          0x2000'0090  0x9a

Copy/packbits (__iar_packbits_init_single3)
    1 source range, total size 0x31 (34% of destination):
           0x800'259c  0x31
    1 destination range, total size 0x8e:
          0x2000'0000  0x8e



*******************************************************************************
*** MODULE SUMMARY
***

    Module                     ro code  ro data  rw data
    ------                     -------  -------  -------
command line/config:
    ----------------------------------------------------
    Total:

C:\GitHub\SCU-Work\ELEN_460\ELEN460_Final_Project_Main\EWARM\ELEN460_Final_Project_Main\Obj\Application\EWARM: [1]
    startup_stm32g431xx.o          768
    ----------------------------------------------------
    Total:                         768

C:\GitHub\SCU-Work\ELEN_460\ELEN460_Final_Project_Main\EWARM\ELEN460_Final_Project_Main\Obj\Application\User\Core: [2]
    KeyboardHoldRepeat.o           120        3        8
    KeyboardHoldRepeat_User.o      228
    main.o                       1'154       34      254
    stm32g4xx_hal_msp.o            348
    stm32g4xx_it.o                 128        6       18
    ----------------------------------------------------
    Total:                       1'978       43      280

C:\GitHub\SCU-Work\ELEN_460\ELEN460_Final_Project_Main\EWARM\ELEN460_Final_Project_Main\Obj\Drivers\CMSIS: [3]
    system_stm32g4xx.o              32        2        4
    ----------------------------------------------------
    Total:                          32        2        4

C:\GitHub\SCU-Work\ELEN_460\ELEN460_Final_Project_Main\EWARM\ELEN460_Final_Project_Main\Obj\Drivers\STM32G4xx_HAL_Driver: [4]
    stm32g4xx_hal.o                126        4       12
    stm32g4xx_hal_cortex.o         172
    stm32g4xx_hal_gpio.o           460
    stm32g4xx_hal_i2c.o            904
    stm32g4xx_hal_i2c_ex.o         126
    stm32g4xx_hal_pwr_ex.o         176
    stm32g4xx_hal_rcc.o          1'536
    stm32g4xx_hal_rcc_ex.o         552
    stm32g4xx_hal_tim.o          2'024
    stm32g4xx_hal_tim_ex.o         324
    ----------------------------------------------------
    Total:                       6'400        4       12

dl7M_tlf.a: [5]
    exit.o                           4
    low_level_init.o                 4
    ----------------------------------------------------
    Total:                           8

m7M_tls.a: [6]
    fpinit_M.o                      34
    ----------------------------------------------------
    Total:                          34

rt7M_tl.a: [7]
    ABImemset.o                    102
    cexit.o                         10
    cmain.o                         30
    cstartup_M.o                    28
    data_init.o                     40
    memset.o                        20
    packbits_init_single.o          58
    zero_init3.o                    56
    ----------------------------------------------------
    Total:                         344

shb_l.a: [8]
    exit.o                          20
    ----------------------------------------------------
    Total:                          20

    Gaps                            10        2
    Linker created                           32    1'024
--------------------------------------------------------
    Grand Total:                 9'594       83    1'320


*******************************************************************************
*** ENTRY LIST
***

Entry                       Address   Size  Type      Object
-----                       -------   ----  ----      ------
.iar.init_table$$Base    0x800'23d0          --   Gb  - Linker created -
.iar.init_table$$Limit   0x800'23f0          --   Gb  - Linker created -
?main                    0x800'2411         Code  Gb  cmain.o [7]
AHBPrescTable            0x800'2400   0x10  Data  Gb  system_stm32g4xx.o [3]
BusFault_Handler         0x800'22c3    0x2  Code  Gb  stm32g4xx_it.o [2]
CSTACK$$Base            0x2000'0130          --   Gb  - Linker created -
CSTACK$$Limit           0x2000'0530          --   Gb  - Linker created -
DebounceKeyCode          0x800'201d   0x78  Code  Gb  KeyboardHoldRepeat.o [2]
DebugMon_Handler         0x800'22c9    0x2  Code  Gb  stm32g4xx_it.o [2]
Display_Init             0x800'18f9   0x5e  Code  Gb  main.o [2]
Error_Handler            0x800'19c1    0x4  Code  Gb  main.o [2]
HAL_GPIO_Init            0x800'0be1  0x196  Code  Gb  stm32g4xx_hal_gpio.o [4]
HAL_GPIO_ReadPin         0x800'0d77    0xc  Code  Gb  stm32g4xx_hal_gpio.o [4]
HAL_GPIO_WritePin        0x800'0d83    0xa  Code  Gb  stm32g4xx_hal_gpio.o [4]
HAL_GetTick              0x800'144d    0xc  Code  Gb  stm32g4xx_hal.o [4]
HAL_I2CEx_ConfigAnalogFilter
                         0x800'1eb9   0x2a  Code  Gb  stm32g4xx_hal_i2c_ex.o [4]
HAL_I2CEx_ConfigDigitalFilter
                         0x800'1ee3   0x26  Code  Gb  stm32g4xx_hal_i2c_ex.o [4]
HAL_I2C_Init             0x800'1b31   0xa0  Code  Gb  stm32g4xx_hal_i2c.o [4]
HAL_I2C_Master_Transmit
                         0x800'1be1   0x8e  Code  Gb  stm32g4xx_hal_i2c.o [4]
HAL_I2C_MspInit          0x800'09ef   0x62  Code  Gb  stm32g4xx_hal_msp.o [2]
HAL_IncTick              0x800'233d   0x10  Code  Gb  stm32g4xx_hal.o [4]
HAL_Init                 0x800'19cd   0x1e  Code  Gb  stm32g4xx_hal.o [4]
HAL_InitTick             0x800'1459   0x44  Code  Gb  stm32g4xx_hal.o [4]
HAL_MspInit              0x800'09c1   0x2e  Code  Gb  stm32g4xx_hal_msp.o [2]
HAL_NVIC_SetPriority     0x800'14d1   0x3a  Code  Gb  stm32g4xx_hal_cortex.o [4]
HAL_NVIC_SetPriorityGrouping
                         0x800'14b7   0x1a  Code  Gb  stm32g4xx_hal_cortex.o [4]
HAL_PWREx_ControlVoltageScaling
                         0x800'0b1d   0x52  Code  Gb  stm32g4xx_hal_pwr_ex.o [4]
HAL_PWREx_DisableUCPDDeadBattery
                         0x800'0bab    0x2  Code  Gb  stm32g4xx_hal_pwr_ex.o [4]
HAL_RCCEx_PeriphCLKConfig
                         0x800'2095  0x20a  Code  Gb  stm32g4xx_hal_rcc_ex.o [4]
HAL_RCC_ClockConfig      0x800'120f  0x1a0  Code  Gb  stm32g4xx_hal_rcc.o [4]
HAL_RCC_GetSysClockFreq
                         0x800'13bb   0x5e  Code  Gb  stm32g4xx_hal_rcc.o [4]
HAL_RCC_OscConfig        0x800'0e4d  0x3a6  Code  Gb  stm32g4xx_hal_rcc.o [4]
HAL_SYSTICK_Config       0x800'150d   0x28  Code  Gb  stm32g4xx_hal_cortex.o [4]
HAL_TIMEx_ConfigBreakDeadTime
                         0x800'1a71   0xa4  Code  Gb  stm32g4xx_hal_tim_ex.o [4]
HAL_TIMEx_MasterConfigSynchronization
                         0x800'19ed   0x80  Code  Gb  stm32g4xx_hal_tim_ex.o [4]
HAL_TIM_Base_Init        0x800'01d9   0x1a  Code  Gb  stm32g4xx_hal_tim.o [4]
HAL_TIM_Base_MspInit     0x800'0a73   0x22  Code  Gb  stm32g4xx_hal_msp.o [2]
HAL_TIM_MspPostInit      0x800'0a95   0x48  Code  Gb  stm32g4xx_hal_msp.o [2]
HAL_TIM_PWM_ConfigChannel
                         0x800'0541  0x102  Code  Gb  stm32g4xx_hal_tim.o [4]
HAL_TIM_PWM_Init         0x800'021d   0x1a  Code  Gb  stm32g4xx_hal_tim.o [4]
HAL_TIM_PWM_MspInit      0x800'0a51   0x22  Code  Gb  stm32g4xx_hal_msp.o [2]
HAL_TIM_PWM_Start        0x800'0237   0xc0  Code  Gb  stm32g4xx_hal_tim.o [4]
HAL_TIM_PWM_Start_IT     0x800'03df   0xe8  Code  Gb  stm32g4xx_hal_tim.o [4]
HAL_TIM_PWM_Stop         0x800'031b   0x7c  Code  Gb  stm32g4xx_hal_tim.o [4]
HardFault_Handler        0x800'22bf    0x2  Code  Gb  stm32g4xx_it.o [2]
I2C_Flush_TXDR           0x800'1d39   0x1c  Code  Lc  stm32g4xx_hal_i2c.o [4]
I2C_IsAcknowledgeFailed
                         0x800'1e23   0x6c  Code  Lc  stm32g4xx_hal_i2c.o [4]
I2C_TransferConfig       0x800'1e8f   0x22  Code  Lc  stm32g4xx_hal_i2c.o [4]
I2C_WaitOnFlagUntilTimeout
                         0x800'1d55   0x42  Code  Lc  stm32g4xx_hal_i2c.o [4]
I2C_WaitOnSTOPFlagUntilTimeout
                         0x800'1de7   0x34  Code  Lc  stm32g4xx_hal_i2c.o [4]
I2C_WaitOnTXISFlagUntilTimeout
                         0x800'1d97   0x38  Code  Lc  stm32g4xx_hal_i2c.o [4]
MemManage_Handler        0x800'22c1    0x2  Code  Gb  stm32g4xx_it.o [2]
Motor_Set_AIN1           0x800'189d   0x10  Code  Gb  main.o [2]
Motor_Set_AIN2           0x800'18b9    0xe  Code  Gb  main.o [2]
Motor_Set_State          0x800'1875   0x28  Code  Gb  main.o [2]
NMI_Handler              0x800'22bd    0x2  Code  Gb  stm32g4xx_it.o [2]
PendSV_Handler           0x800'22cb    0x2  Code  Gb  stm32g4xx_it.o [2]
ProcessKeyCode           0x800'1f39   0x56  Code  Gb  KeyboardHoldRepeat_User.o [2]
Region$$Table$$Base      0x800'23d0          --   Gb  - Linker created -
Region$$Table$$Limit     0x800'23f0          --   Gb  - Linker created -
SVC_Handler              0x800'22c7    0x2  Code  Gb  stm32g4xx_it.o [2]
ScanKeyboard             0x800'1faf   0x3c  Code  Gb  KeyboardHoldRepeat_User.o [2]
SysTick_Handler          0x800'22cd   0x6a  Code  Gb  stm32g4xx_it.o [2]
SystemClock_Config       0x800'1801   0x74  Code  Gb  main.o [2]
SystemCoreClock         0x2000'0070    0x4  Data  Gb  system_stm32g4xx.o [3]
SystemInit               0x800'23f1    0xc  Code  Gb  system_stm32g4xx.o [3]
TIM_Base_SetConfig       0x800'064f   0xa0  Code  Gb  stm32g4xx_hal_tim.o [4]
TIM_CCxChannelCmd        0x800'09a5   0x16  Code  Gb  stm32g4xx_hal_tim.o [4]
TIM_OC1_SetConfig        0x800'06ef   0x84  Code  Lc  stm32g4xx_hal_tim.o [4]
TIM_OC2_SetConfig        0x800'0773   0x68  Code  Gb  stm32g4xx_hal_tim.o [4]
TIM_OC3_SetConfig        0x800'07db   0x70  Code  Lc  stm32g4xx_hal_tim.o [4]
TIM_OC4_SetConfig        0x800'084d   0x68  Code  Lc  stm32g4xx_hal_tim.o [4]
TIM_OC5_SetConfig        0x800'08cb   0x54  Code  Lc  stm32g4xx_hal_tim.o [4]
TIM_OC6_SetConfig        0x800'0921   0x56  Code  Lc  stm32g4xx_hal_tim.o [4]
UsageFault_Handler       0x800'22c5    0x2  Code  Gb  stm32g4xx_it.o [2]
ValidKeyCode             0x800'1f8f   0x20  Code  Gb  KeyboardHoldRepeat_User.o [2]
__NVIC_SetPriority       0x800'149d   0x1a  Code  Lc  stm32g4xx_hal_cortex.o [4]
__aeabi_memset           0x800'0dad         Code  Gb  ABImemset.o [7]
__cmain                  0x800'2411         Code  Gb  cmain.o [7]
__exit                   0x800'2445   0x14  Code  Gb  exit.o [8]
__iar_Memset             0x800'0dad         Code  Gb  ABImemset.o [7]
__iar_Memset_word        0x800'0db5         Code  Gb  ABImemset.o [7]
__iar_data_init3         0x800'2385   0x28  Code  Gb  data_init.o [7]
__iar_init_vfp           0x800'23ad         Code  Gb  fpinit_M.o [6]
__iar_packbits_init_single3
                         0x800'0e13   0x3a  Code  Gb  packbits_init_single.o [7]
__iar_program_start      0x800'2459         Code  Gb  cstartup_M.o [7]
__iar_zero_init3         0x800'234d   0x38  Code  Gb  zero_init3.o [7]
__low_level_init         0x800'242f    0x4  Code  Gb  low_level_init.o [5]
__vector_table           0x800'0000         Data  Gb  startup_stm32g431xx.o [1]
_call_main               0x800'241d         Code  Gb  cmain.o [7]
_exit                    0x800'2439         Code  Gb  cexit.o [7]
buffer                  0x2000'0008    0x4  Data  Gb  main.o [2]
buttonPressed           0x2000'0128    0x1  Data  Gb  main.o [2]
count                   0x2000'0129    0x1  Data  Gb  main.o [2]
exit                     0x800'2433    0x4  Code  Gb  exit.o [5]
fireBusy                0x2000'0014    0x1  Data  Gb  main.o [2]
fireRequest             0x2000'0013    0x1  Data  Gb  main.o [2]
firstSend               0x2000'008d    0x1  Data  Gb  KeyboardHoldRepeat.o [2]
five_hundred_mS_Counter
                        0x2000'0082    0x2  Data  Gb  stm32g4xx_it.o [2]
five_hundred_mS_Flag    0x2000'0078    0x1  Data  Gb  stm32g4xx_it.o [2]
hi2c2                   0x2000'0018   0x4c  Data  Gb  main.o [2]
htim17                  0x2000'00dc   0x4c  Data  Gb  main.o [2]
htim3                   0x2000'0090   0x4c  Data  Gb  main.o [2]
hundred_mS_Counter      0x2000'007e    0x2  Data  Gb  stm32g4xx_it.o [2]
hundred_mS_Flag         0x2000'0076    0x1  Data  Gb  stm32g4xx_it.o [2]
keyCode                 0x2000'000c    0x1  Data  Gb  main.o [2]
keyCodeDebounceCounter  0x2000'0086    0x1  Data  Gb  KeyboardHoldRepeat.o [2]
keyCodeDebounced        0x2000'0087    0x1  Data  Gb  KeyboardHoldRepeat.o [2]
keyCodeHoldCounter      0x2000'0088    0x1  Data  Gb  KeyboardHoldRepeat.o [2]
keyCodeProcessed        0x2000'008b    0x1  Data  Gb  KeyboardHoldRepeat.o [2]
keyCodeRepeatDelayCounter
                        0x2000'0089    0x1  Data  Gb  KeyboardHoldRepeat.o [2]
lastKeyCode             0x2000'008c    0x1  Data  Gb  KeyboardHoldRepeat.o [2]
limitLeftSwitch         0x2000'0010    0x1  Data  Gb  main.o [2]
limitRightSwitch        0x2000'000f    0x1  Data  Gb  main.o [2]
main                     0x800'1549  0x2a2  Code  Gb  main.o [2]
memset                   0x800'0bcd   0x14  Code  Gb  memset.o [7]
motorLeftRequest        0x2000'000e    0x1  Data  Gb  main.o [2]
motorRightRequest       0x2000'000d    0x1  Data  Gb  main.o [2]
one_S_Counter           0x2000'0084    0x2  Data  Gb  stm32g4xx_it.o [2]
one_S_Flag              0x2000'0079    0x1  Data  Gb  stm32g4xx_it.o [2]
processKeyCode          0x2000'008a    0x1  Data  Gb  KeyboardHoldRepeat.o [2]
ram                     0x2000'0000    0x8  Data  Gb  main.o [2]
row0_7                  0x2000'0011    0x1  Data  Gb  main.o [2]
row8_15                 0x2000'0012    0x1  Data  Gb  main.o [2]
ten_mS_Counter          0x2000'007a    0x2  Data  Gb  stm32g4xx_it.o [2]
ten_mS_Flag             0x2000'0074    0x1  Data  Gb  stm32g4xx_it.o [2]
twentyfive_mS_Counter   0x2000'007c    0x2  Data  Gb  stm32g4xx_it.o [2]
twentyfive_mS_Flag      0x2000'0075    0x1  Data  Gb  stm32g4xx_it.o [2]
twohundred_fifty_mS_Counter
                        0x2000'0080    0x2  Data  Gb  stm32g4xx_it.o [2]
twohundred_fifty_mS_Flag
                        0x2000'0077    0x1  Data  Gb  stm32g4xx_it.o [2]
uwTick                  0x2000'0064    0x4  Data  Gb  stm32g4xx_hal.o [4]
uwTickFreq              0x2000'006c    0x4  Data  Gb  stm32g4xx_hal.o [4]
uwTickPrio              0x2000'0068    0x4  Data  Gb  stm32g4xx_hal.o [4]


[1] = C:\GitHub\SCU-Work\ELEN_460\ELEN460_Final_Project_Main\EWARM\ELEN460_Final_Project_Main\Obj\Application\EWARM
[2] = C:\GitHub\SCU-Work\ELEN_460\ELEN460_Final_Project_Main\EWARM\ELEN460_Final_Project_Main\Obj\Application\User\Core
[3] = C:\GitHub\SCU-Work\ELEN_460\ELEN460_Final_Project_Main\EWARM\ELEN460_Final_Project_Main\Obj\Drivers\CMSIS
[4] = C:\GitHub\SCU-Work\ELEN_460\ELEN460_Final_Project_Main\EWARM\ELEN460_Final_Project_Main\Obj\Drivers\STM32G4xx_HAL_Driver
[5] = dl7M_tlf.a
[6] = m7M_tls.a
[7] = rt7M_tl.a
[8] = shb_l.a

  9'594 bytes of readonly  code memory
     83 bytes of readonly  data memory
  1'320 bytes of readwrite data memory

Errors: none
Warnings: none
