###############################################################################
#
# IAR ELF Linker V9.10.2.313/W64 for ARM                  22/Nov/2021  23:54:16
# Copyright 2007-2021 IAR Systems AB.
#
#    Output file  =
#        C:\GitHub\SCU-Work\ELEN_460\ELEN460_Final_Project_Main\EWARM\ELEN460_Final_Project_Main\Exe\ELEN460_Final_Project_Main.out
#    Map file     =
#        C:\GitHub\SCU-Work\ELEN_460\ELEN460_Final_Project_Main\EWARM\ELEN460_Final_Project_Main\List\ELEN460_Final_Project_Main.map
#    Command line =
#        -f
#        C:\GitHub\SCU-Work\ELEN_460\ELEN460_Final_Project_Main\EWARM\ELEN460_Final_Project_Main\Exe\ELEN460_Final_Project_Main.out.rsp
#        (C:\GitHub\SCU-Work\ELEN_460\ELEN460_Final_Project_Main\EWARM\ELEN460_Final_Project_Main\Obj\Application\User\Core\KeyboardHoldRepeat.o
#        C:\GitHub\SCU-Work\ELEN_460\ELEN460_Final_Project_Main\EWARM\ELEN460_Final_Project_Main\Obj\Application\User\Core\KeyboardHoldRepeat_User.o
#        C:\GitHub\SCU-Work\ELEN_460\ELEN460_Final_Project_Main\EWARM\ELEN460_Final_Project_Main\Obj\Application\User\Core\main.o
#        C:\GitHub\SCU-Work\ELEN_460\ELEN460_Final_Project_Main\EWARM\ELEN460_Final_Project_Main\Obj\Application\EWARM\startup_stm32g431xx.o
#        C:\GitHub\SCU-Work\ELEN_460\ELEN460_Final_Project_Main\EWARM\ELEN460_Final_Project_Main\Obj\Drivers\STM32G4xx_HAL_Driver\stm32g4xx_hal.o
#        C:\GitHub\SCU-Work\ELEN_460\ELEN460_Final_Project_Main\EWARM\ELEN460_Final_Project_Main\Obj\Drivers\STM32G4xx_HAL_Driver\stm32g4xx_hal_cortex.o
#        C:\GitHub\SCU-Work\ELEN_460\ELEN460_Final_Project_Main\EWARM\ELEN460_Final_Project_Main\Obj\Drivers\STM32G4xx_HAL_Driver\stm32g4xx_hal_dma.o
#        C:\GitHub\SCU-Work\ELEN_460\ELEN460_Final_Project_Main\EWARM\ELEN460_Final_Project_Main\Obj\Drivers\STM32G4xx_HAL_Driver\stm32g4xx_hal_dma_ex.o
#        C:\GitHub\SCU-Work\ELEN_460\ELEN460_Final_Project_Main\EWARM\ELEN460_Final_Project_Main\Obj\Drivers\STM32G4xx_HAL_Driver\stm32g4xx_hal_exti.o
#        C:\GitHub\SCU-Work\ELEN_460\ELEN460_Final_Project_Main\EWARM\ELEN460_Final_Project_Main\Obj\Drivers\STM32G4xx_HAL_Driver\stm32g4xx_hal_flash.o
#        C:\GitHub\SCU-Work\ELEN_460\ELEN460_Final_Project_Main\EWARM\ELEN460_Final_Project_Main\Obj\Drivers\STM32G4xx_HAL_Driver\stm32g4xx_hal_flash_ex.o
#        C:\GitHub\SCU-Work\ELEN_460\ELEN460_Final_Project_Main\EWARM\ELEN460_Final_Project_Main\Obj\Drivers\STM32G4xx_HAL_Driver\stm32g4xx_hal_flash_ramfunc.o
#        C:\GitHub\SCU-Work\ELEN_460\ELEN460_Final_Project_Main\EWARM\ELEN460_Final_Project_Main\Obj\Drivers\STM32G4xx_HAL_Driver\stm32g4xx_hal_gpio.o
#        C:\GitHub\SCU-Work\ELEN_460\ELEN460_Final_Project_Main\EWARM\ELEN460_Final_Project_Main\Obj\Application\User\Core\stm32g4xx_hal_msp.o
#        C:\GitHub\SCU-Work\ELEN_460\ELEN460_Final_Project_Main\EWARM\ELEN460_Final_Project_Main\Obj\Drivers\STM32G4xx_HAL_Driver\stm32g4xx_hal_pwr.o
#        C:\GitHub\SCU-Work\ELEN_460\ELEN460_Final_Project_Main\EWARM\ELEN460_Final_Project_Main\Obj\Drivers\STM32G4xx_HAL_Driver\stm32g4xx_hal_pwr_ex.o
#        C:\GitHub\SCU-Work\ELEN_460\ELEN460_Final_Project_Main\EWARM\ELEN460_Final_Project_Main\Obj\Drivers\STM32G4xx_HAL_Driver\stm32g4xx_hal_rcc.o
#        C:\GitHub\SCU-Work\ELEN_460\ELEN460_Final_Project_Main\EWARM\ELEN460_Final_Project_Main\Obj\Drivers\STM32G4xx_HAL_Driver\stm32g4xx_hal_rcc_ex.o
#        C:\GitHub\SCU-Work\ELEN_460\ELEN460_Final_Project_Main\EWARM\ELEN460_Final_Project_Main\Obj\Drivers\STM32G4xx_HAL_Driver\stm32g4xx_hal_tim.o
#        C:\GitHub\SCU-Work\ELEN_460\ELEN460_Final_Project_Main\EWARM\ELEN460_Final_Project_Main\Obj\Drivers\STM32G4xx_HAL_Driver\stm32g4xx_hal_tim_ex.o
#        C:\GitHub\SCU-Work\ELEN_460\ELEN460_Final_Project_Main\EWARM\ELEN460_Final_Project_Main\Obj\Application\User\Core\stm32g4xx_it.o
#        C:\GitHub\SCU-Work\ELEN_460\ELEN460_Final_Project_Main\EWARM\ELEN460_Final_Project_Main\Obj\Drivers\CMSIS\system_stm32g4xx.o
#        --no_out_extension -o
#        C:\GitHub\SCU-Work\ELEN_460\ELEN460_Final_Project_Main\EWARM\ELEN460_Final_Project_Main\Exe\ELEN460_Final_Project_Main.out
#        --redirect _Printf=_PrintfFullNoMb --redirect _Scanf=_ScanfFullNoMb
#        --map
#        C:\GitHub\SCU-Work\ELEN_460\ELEN460_Final_Project_Main\EWARM\ELEN460_Final_Project_Main\List\ELEN460_Final_Project_Main.map
#        --config
#        C:\GitHub\SCU-Work\ELEN_460\ELEN460_Final_Project_Main\EWARM/stm32g431xx_flash.icf
#        --semihosting --entry __iar_program_start --vfe --text_out locale)
#
###############################################################################

*******************************************************************************
*** RUNTIME MODEL ATTRIBUTES
***

CppFlavor       = *
__SystemLibrary = DLib
__dlib_version  = 6


*******************************************************************************
*** HEAP SELECTION
***

The basic heap was selected because some modules are built with
size limitations (and not runtime checking), and --advanced_heap
was not specified.


*******************************************************************************
*** PLACEMENT SUMMARY
***

"A0":  place at address 0x800'0000 { ro section .intvec };
"P1":  place in [from 0x800'0000 to 0x801'ffff] { ro };
define block CSTACK with size = 1K, alignment = 8 { };
define block HEAP with size = 512, alignment = 8 { };
"P2":  place in [from 0x2000'0000 to 0x2000'7fff] {
          rw, block CSTACK, block HEAP };
initialize by copy { rw };

  Section            Kind         Address    Size  Object
  -------            ----         -------    ----  ------
"A0":                                       0x1d8
  .intvec            ro code   0x800'0000   0x1d8  startup_stm32g431xx.o [1]
                             - 0x800'01d8   0x1d8

"P1":                                      0x1b29
  .text              ro code   0x800'01d8   0x7e8  stm32g4xx_hal_tim.o [4]
  .text              ro code   0x800'09c0    0xf4  stm32g4xx_hal_msp.o [2]
  .text              ro code   0x800'0ab4    0xb0  stm32g4xx_hal_pwr_ex.o [4]
  .text              ro code   0x800'0b64    0x14  memset.o [7]
  .text              ro code   0x800'0b78   0x1cc  stm32g4xx_hal_gpio.o [4]
  .text              ro code   0x800'0d44    0x66  ABImemset.o [7]
  .text              ro code   0x800'0daa    0x3a  packbits_init_single.o [7]
  .text              ro code   0x800'0de4   0x600  stm32g4xx_hal_rcc.o [4]
  .text              ro code   0x800'13e4     0xc  stm32g4xx_hal.o [4]
  .text              ro code   0x800'13f0    0x44  stm32g4xx_hal.o [4]
  .text              ro code   0x800'1434    0xac  stm32g4xx_hal_cortex.o [4]
  .text              ro code   0x800'14e0   0x354  main.o [2]
  .text              ro code   0x800'1834    0x1e  stm32g4xx_hal.o [4]
  .text              ro code   0x800'1854   0x144  stm32g4xx_hal_tim_ex.o [4]
  .text              ro code   0x800'1998    0x34  KeyboardHoldRepeat_User.o [2]
  .text              ro code   0x800'19cc    0x58  KeyboardHoldRepeat.o [2]
  .text              ro code   0x800'1a24    0x5c  stm32g4xx_it.o [2]
  .text              ro code   0x800'1a80    0x10  stm32g4xx_hal.o [4]
  .text              ro code   0x800'1a90    0x38  zero_init3.o [7]
  .text              ro code   0x800'1ac8    0x28  data_init.o [7]
  .text              ro code   0x800'1af0    0x22  fpinit_M.o [6]
  .iar.init_table    const     0x800'1b14    0x20  - Linker created -
  .text              ro code   0x800'1b34    0x20  system_stm32g4xx.o [3]
  .text              ro code   0x800'1b54    0x1e  cmain.o [7]
  .text              ro code   0x800'1b72     0x4  low_level_init.o [5]
  .text              ro code   0x800'1b76     0x4  exit.o [5]
  .text              ro code   0x800'1b7c     0xa  cexit.o [7]
  .text              ro code   0x800'1b88    0x14  exit.o [8]
  .text              ro code   0x800'1b9c    0x1c  cstartup_M.o [7]
  .text              ro code   0x800'1bb8    0x10  startup_stm32g431xx.o [1]
  .text              ro code   0x800'1bc8     0x4  startup_stm32g431xx.o [1]
  .text              ro code   0x800'1bcc     0x4  startup_stm32g431xx.o [1]
  .text              ro code   0x800'1bd0     0x4  startup_stm32g431xx.o [1]
  .text              ro code   0x800'1bd4     0x4  startup_stm32g431xx.o [1]
  .text              ro code   0x800'1bd8     0x4  startup_stm32g431xx.o [1]
  .text              ro code   0x800'1bdc     0x4  startup_stm32g431xx.o [1]
  .text              ro code   0x800'1be0     0x4  startup_stm32g431xx.o [1]
  .text              ro code   0x800'1be4     0x4  startup_stm32g431xx.o [1]
  .text              ro code   0x800'1be8     0x4  startup_stm32g431xx.o [1]
  .text              ro code   0x800'1bec     0x4  startup_stm32g431xx.o [1]
  .text              ro code   0x800'1bf0     0x4  startup_stm32g431xx.o [1]
  .text              ro code   0x800'1bf4     0x4  startup_stm32g431xx.o [1]
  .text              ro code   0x800'1bf8     0x4  startup_stm32g431xx.o [1]
  .text              ro code   0x800'1bfc     0x4  startup_stm32g431xx.o [1]
  .text              ro code   0x800'1c00     0x4  startup_stm32g431xx.o [1]
  .text              ro code   0x800'1c04     0x4  startup_stm32g431xx.o [1]
  .text              ro code   0x800'1c08     0x4  startup_stm32g431xx.o [1]
  .text              ro code   0x800'1c0c     0x4  startup_stm32g431xx.o [1]
  .text              ro code   0x800'1c10     0x4  startup_stm32g431xx.o [1]
  .text              ro code   0x800'1c14     0x4  startup_stm32g431xx.o [1]
  .text              ro code   0x800'1c18     0x4  startup_stm32g431xx.o [1]
  .text              ro code   0x800'1c1c     0x4  startup_stm32g431xx.o [1]
  .text              ro code   0x800'1c20     0x4  startup_stm32g431xx.o [1]
  .text              ro code   0x800'1c24     0x4  startup_stm32g431xx.o [1]
  .text              ro code   0x800'1c28     0x4  startup_stm32g431xx.o [1]
  .text              ro code   0x800'1c2c     0x4  startup_stm32g431xx.o [1]
  .text              ro code   0x800'1c30     0x4  startup_stm32g431xx.o [1]
  .text              ro code   0x800'1c34     0x4  startup_stm32g431xx.o [1]
  .text              ro code   0x800'1c38     0x4  startup_stm32g431xx.o [1]
  .text              ro code   0x800'1c3c     0x4  startup_stm32g431xx.o [1]
  .text              ro code   0x800'1c40     0x4  startup_stm32g431xx.o [1]
  .text              ro code   0x800'1c44     0x4  startup_stm32g431xx.o [1]
  .text              ro code   0x800'1c48     0x4  startup_stm32g431xx.o [1]
  .text              ro code   0x800'1c4c     0x4  startup_stm32g431xx.o [1]
  .text              ro code   0x800'1c50     0x4  startup_stm32g431xx.o [1]
  .text              ro code   0x800'1c54     0x4  startup_stm32g431xx.o [1]
  .text              ro code   0x800'1c58     0x4  startup_stm32g431xx.o [1]
  .text              ro code   0x800'1c5c     0x4  startup_stm32g431xx.o [1]
  .text              ro code   0x800'1c60     0x4  startup_stm32g431xx.o [1]
  .text              ro code   0x800'1c64     0x4  startup_stm32g431xx.o [1]
  .text              ro code   0x800'1c68     0x4  startup_stm32g431xx.o [1]
  .text              ro code   0x800'1c6c     0x4  startup_stm32g431xx.o [1]
  .text              ro code   0x800'1c70     0x4  startup_stm32g431xx.o [1]
  .text              ro code   0x800'1c74     0x4  startup_stm32g431xx.o [1]
  .text              ro code   0x800'1c78     0x4  startup_stm32g431xx.o [1]
  .text              ro code   0x800'1c7c     0x4  startup_stm32g431xx.o [1]
  .text              ro code   0x800'1c80     0x4  startup_stm32g431xx.o [1]
  .text              ro code   0x800'1c84     0x4  startup_stm32g431xx.o [1]
  .text              ro code   0x800'1c88     0x4  startup_stm32g431xx.o [1]
  .text              ro code   0x800'1c8c     0x4  startup_stm32g431xx.o [1]
  .text              ro code   0x800'1c90     0x4  startup_stm32g431xx.o [1]
  .text              ro code   0x800'1c94     0x4  startup_stm32g431xx.o [1]
  .text              ro code   0x800'1c98     0x4  startup_stm32g431xx.o [1]
  .text              ro code   0x800'1c9c     0x4  startup_stm32g431xx.o [1]
  .text              ro code   0x800'1ca0     0x4  startup_stm32g431xx.o [1]
  .text              ro code   0x800'1ca4     0x4  startup_stm32g431xx.o [1]
  .text              ro code   0x800'1ca8     0x4  startup_stm32g431xx.o [1]
  .text              ro code   0x800'1cac     0x4  startup_stm32g431xx.o [1]
  .text              ro code   0x800'1cb0     0x4  startup_stm32g431xx.o [1]
  .text              ro code   0x800'1cb4     0x4  startup_stm32g431xx.o [1]
  .text              ro code   0x800'1cb8     0x4  startup_stm32g431xx.o [1]
  .text              ro code   0x800'1cbc     0x4  startup_stm32g431xx.o [1]
  .text              ro code   0x800'1cc0     0x4  startup_stm32g431xx.o [1]
  .text              ro code   0x800'1cc4     0x4  startup_stm32g431xx.o [1]
  .text              ro code   0x800'1cc8     0x4  startup_stm32g431xx.o [1]
  .text              ro code   0x800'1ccc     0x4  startup_stm32g431xx.o [1]
  .text              ro code   0x800'1cd0     0x4  startup_stm32g431xx.o [1]
  .text              ro code   0x800'1cd4     0x4  startup_stm32g431xx.o [1]
  .text              ro code   0x800'1cd8     0x4  startup_stm32g431xx.o [1]
  .text              ro code   0x800'1cdc     0x4  startup_stm32g431xx.o [1]
  .rodata            const     0x800'1ce0     0x0  zero_init3.o [7]
  .rodata            const     0x800'1ce0     0x0  packbits_init_single.o [7]
  Initializer bytes  const     0x800'1ce0    0x21  <for P2-1>
                             - 0x800'1d01  0x1b29

"P2", part 1 of 3:                           0x74
  P2-1                        0x2000'0000    0x74  <Init block>
    .data            inited   0x2000'0000    0x50  main.o [2]
    .data            inited   0x2000'0050     0xc  stm32g4xx_hal.o [4]
    .data            inited   0x2000'005c     0x4  system_stm32g4xx.o [3]
    .data            inited   0x2000'0060     0xc  stm32g4xx_it.o [2]
    .data            inited   0x2000'006c     0x8  KeyboardHoldRepeat.o [2]
                            - 0x2000'0074    0x74

"P2", part 2 of 3:                           0x4c
  .bss               zero     0x2000'0074    0x4c  main.o [2]
                            - 0x2000'00c0    0x4c

"P2", part 3 of 3:                          0x400
  CSTACK                      0x2000'00c0   0x400  <Block>
    CSTACK           uninit   0x2000'00c0   0x400  <Block tail>
                            - 0x2000'04c0   0x400

Unused ranges:

         From           To      Size
         ----           --      ----
   0x800'1d01   0x801'ffff  0x1'e2ff
  0x2000'04c0  0x2000'7fff    0x7b40


*******************************************************************************
*** INIT TABLE
***

          Address      Size
          -------      ----
Zero (__iar_zero_init3)
    1 destination range, total size 0x4c:
          0x2000'0074  0x4c

Copy/packbits (__iar_packbits_init_single3)
    1 source range, total size 0x21 (28% of destination):
           0x800'1ce0  0x21
    1 destination range, total size 0x74:
          0x2000'0000  0x74



*******************************************************************************
*** MODULE SUMMARY
***

    Module                     ro code  ro data  rw data
    ------                     -------  -------  -------
command line/config:
    ----------------------------------------------------
    Total:

C:\GitHub\SCU-Work\ELEN_460\ELEN460_Final_Project_Main\EWARM\ELEN460_Final_Project_Main\Obj\Application\EWARM: [1]
    startup_stm32g431xx.o          768
    ----------------------------------------------------
    Total:                         768

C:\GitHub\SCU-Work\ELEN_460\ELEN460_Final_Project_Main\EWARM\ELEN460_Final_Project_Main\Obj\Application\User\Core: [2]
    KeyboardHoldRepeat.o            88        3        8
    KeyboardHoldRepeat_User.o       52
    main.o                         852       22      156
    stm32g4xx_hal_msp.o            244
    stm32g4xx_it.o                  92        3       12
    ----------------------------------------------------
    Total:                       1'328       28      176

C:\GitHub\SCU-Work\ELEN_460\ELEN460_Final_Project_Main\EWARM\ELEN460_Final_Project_Main\Obj\Drivers\CMSIS: [3]
    system_stm32g4xx.o              32        1        4
    ----------------------------------------------------
    Total:                          32        1        4

C:\GitHub\SCU-Work\ELEN_460\ELEN460_Final_Project_Main\EWARM\ELEN460_Final_Project_Main\Obj\Drivers\STM32G4xx_HAL_Driver: [4]
    stm32g4xx_hal.o                126        4       12
    stm32g4xx_hal_cortex.o         172
    stm32g4xx_hal_gpio.o           460
    stm32g4xx_hal_pwr_ex.o         176
    stm32g4xx_hal_rcc.o          1'536
    stm32g4xx_hal_tim.o          2'024
    stm32g4xx_hal_tim_ex.o         324
    ----------------------------------------------------
    Total:                       4'818        4       12

dl7M_tlf.a: [5]
    exit.o                           4
    low_level_init.o                 4
    ----------------------------------------------------
    Total:                           8

m7M_tls.a: [6]
    fpinit_M.o                      34
    ----------------------------------------------------
    Total:                          34

rt7M_tl.a: [7]
    ABImemset.o                    102
    cexit.o                         10
    cmain.o                         30
    cstartup_M.o                    28
    data_init.o                     40
    memset.o                        20
    packbits_init_single.o          58
    zero_init3.o                    56
    ----------------------------------------------------
    Total:                         344

shb_l.a: [8]
    exit.o                          20
    ----------------------------------------------------
    Total:                          20

    Gaps                             6        2
    Linker created                           32    1'024
--------------------------------------------------------
    Grand Total:                 7'358       67    1'216


*******************************************************************************
*** ENTRY LIST
***

Entry                       Address   Size  Type      Object
-----                       -------   ----  ----      ------
.iar.init_table$$Base    0x800'1b14          --   Gb  - Linker created -
.iar.init_table$$Limit   0x800'1b34          --   Gb  - Linker created -
?main                    0x800'1b55         Code  Gb  cmain.o [7]
AHBPrescTable            0x800'1b44   0x10  Data  Gb  system_stm32g4xx.o [3]
BusFault_Handler         0x800'1a2b    0x2  Code  Gb  stm32g4xx_it.o [2]
CSTACK$$Base            0x2000'00c0          --   Gb  - Linker created -
CSTACK$$Limit           0x2000'04c0          --   Gb  - Linker created -
DebounceKeyCode          0x800'19cd   0x58  Code  Gb  KeyboardHoldRepeat.o [2]
DebugMon_Handler         0x800'1a31    0x2  Code  Gb  stm32g4xx_it.o [2]
Error_Handler            0x800'1831    0x4  Code  Gb  main.o [2]
HAL_GPIO_Init            0x800'0b79  0x196  Code  Gb  stm32g4xx_hal_gpio.o [4]
HAL_GPIO_ReadPin         0x800'0d0f    0xc  Code  Gb  stm32g4xx_hal_gpio.o [4]
HAL_GPIO_WritePin        0x800'0d1b    0xa  Code  Gb  stm32g4xx_hal_gpio.o [4]
HAL_GetTick              0x800'13e5    0xc  Code  Gb  stm32g4xx_hal.o [4]
HAL_IncTick              0x800'1a81   0x10  Code  Gb  stm32g4xx_hal.o [4]
HAL_Init                 0x800'1835   0x1e  Code  Gb  stm32g4xx_hal.o [4]
HAL_InitTick             0x800'13f1   0x44  Code  Gb  stm32g4xx_hal.o [4]
HAL_MspInit              0x800'09c1   0x2e  Code  Gb  stm32g4xx_hal_msp.o [2]
HAL_NVIC_SetPriority     0x800'1469   0x3a  Code  Gb  stm32g4xx_hal_cortex.o [4]
HAL_NVIC_SetPriorityGrouping
                         0x800'144f   0x1a  Code  Gb  stm32g4xx_hal_cortex.o [4]
HAL_PWREx_ControlVoltageScaling
                         0x800'0ab5   0x52  Code  Gb  stm32g4xx_hal_pwr_ex.o [4]
HAL_PWREx_DisableUCPDDeadBattery
                         0x800'0b43    0x2  Code  Gb  stm32g4xx_hal_pwr_ex.o [4]
HAL_RCC_ClockConfig      0x800'11a7  0x1a0  Code  Gb  stm32g4xx_hal_rcc.o [4]
HAL_RCC_GetSysClockFreq
                         0x800'1353   0x5e  Code  Gb  stm32g4xx_hal_rcc.o [4]
HAL_RCC_OscConfig        0x800'0de5  0x3a6  Code  Gb  stm32g4xx_hal_rcc.o [4]
HAL_SYSTICK_Config       0x800'14a5   0x28  Code  Gb  stm32g4xx_hal_cortex.o [4]
HAL_TIMEx_ConfigBreakDeadTime
                         0x800'18d9   0xa4  Code  Gb  stm32g4xx_hal_tim_ex.o [4]
HAL_TIMEx_MasterConfigSynchronization
                         0x800'1855   0x80  Code  Gb  stm32g4xx_hal_tim_ex.o [4]
HAL_TIM_Base_Init        0x800'01d9   0x1a  Code  Gb  stm32g4xx_hal_tim.o [4]
HAL_TIM_Base_MspInit     0x800'0a11   0x22  Code  Gb  stm32g4xx_hal_msp.o [2]
HAL_TIM_MspPostInit      0x800'0a33   0x48  Code  Gb  stm32g4xx_hal_msp.o [2]
HAL_TIM_PWM_ConfigChannel
                         0x800'0541  0x102  Code  Gb  stm32g4xx_hal_tim.o [4]
HAL_TIM_PWM_Init         0x800'021d   0x1a  Code  Gb  stm32g4xx_hal_tim.o [4]
HAL_TIM_PWM_MspInit      0x800'09ef   0x22  Code  Gb  stm32g4xx_hal_msp.o [2]
HAL_TIM_PWM_Start        0x800'0237   0xc0  Code  Gb  stm32g4xx_hal_tim.o [4]
HAL_TIM_PWM_Start_IT     0x800'03df   0xe8  Code  Gb  stm32g4xx_hal_tim.o [4]
HAL_TIM_PWM_Stop         0x800'031b   0x7c  Code  Gb  stm32g4xx_hal_tim.o [4]
HardFault_Handler        0x800'1a27    0x2  Code  Gb  stm32g4xx_it.o [2]
MemManage_Handler        0x800'1a29    0x2  Code  Gb  stm32g4xx_it.o [2]
Motor_Set_AIN1           0x800'1795   0x24  Code  Gb  main.o [2]
Motor_Set_AIN2           0x800'17c5   0x22  Code  Gb  main.o [2]
Motor_Set_State          0x800'1769   0x2c  Code  Gb  main.o [2]
NMI_Handler              0x800'1a25    0x2  Code  Gb  stm32g4xx_it.o [2]
PendSV_Handler           0x800'1a33    0x2  Code  Gb  stm32g4xx_it.o [2]
ProcessKeyCode           0x800'1999   0x12  Code  Gb  KeyboardHoldRepeat_User.o [2]
Region$$Table$$Base      0x800'1b14          --   Gb  - Linker created -
Region$$Table$$Limit     0x800'1b34          --   Gb  - Linker created -
SVC_Handler              0x800'1a2f    0x2  Code  Gb  stm32g4xx_it.o [2]
ScanKeyboard             0x800'19b5    0x8  Code  Gb  KeyboardHoldRepeat_User.o [2]
SysTick_Handler          0x800'1a35   0x48  Code  Gb  stm32g4xx_it.o [2]
SystemClock_Config       0x800'170d   0x5c  Code  Gb  main.o [2]
SystemCoreClock         0x2000'005c    0x4  Data  Gb  system_stm32g4xx.o [3]
SystemInit               0x800'1b35    0xc  Code  Gb  system_stm32g4xx.o [3]
TIM_Base_SetConfig       0x800'064f   0xa0  Code  Gb  stm32g4xx_hal_tim.o [4]
TIM_CCxChannelCmd        0x800'09a5   0x16  Code  Gb  stm32g4xx_hal_tim.o [4]
TIM_OC1_SetConfig        0x800'06ef   0x84  Code  Lc  stm32g4xx_hal_tim.o [4]
TIM_OC2_SetConfig        0x800'0773   0x68  Code  Gb  stm32g4xx_hal_tim.o [4]
TIM_OC3_SetConfig        0x800'07db   0x70  Code  Lc  stm32g4xx_hal_tim.o [4]
TIM_OC4_SetConfig        0x800'084d   0x68  Code  Lc  stm32g4xx_hal_tim.o [4]
TIM_OC5_SetConfig        0x800'08cb   0x54  Code  Lc  stm32g4xx_hal_tim.o [4]
TIM_OC6_SetConfig        0x800'0921   0x56  Code  Lc  stm32g4xx_hal_tim.o [4]
UsageFault_Handler       0x800'1a2d    0x2  Code  Gb  stm32g4xx_it.o [2]
ValidKeyCode             0x800'19ab    0xa  Code  Gb  KeyboardHoldRepeat_User.o [2]
__NVIC_SetPriority       0x800'1435   0x1a  Code  Lc  stm32g4xx_hal_cortex.o [4]
__aeabi_memset           0x800'0d45         Code  Gb  ABImemset.o [7]
__cmain                  0x800'1b55         Code  Gb  cmain.o [7]
__exit                   0x800'1b89   0x14  Code  Gb  exit.o [8]
__iar_Memset             0x800'0d45         Code  Gb  ABImemset.o [7]
__iar_Memset_word        0x800'0d4d         Code  Gb  ABImemset.o [7]
__iar_data_init3         0x800'1ac9   0x28  Code  Gb  data_init.o [7]
__iar_init_vfp           0x800'1af1         Code  Gb  fpinit_M.o [6]
__iar_packbits_init_single3
                         0x800'0dab   0x3a  Code  Gb  packbits_init_single.o [7]
__iar_program_start      0x800'1b9d         Code  Gb  cstartup_M.o [7]
__iar_zero_init3         0x800'1a91   0x38  Code  Gb  zero_init3.o [7]
__low_level_init         0x800'1b73    0x4  Code  Gb  low_level_init.o [5]
__vector_table           0x800'0000         Data  Gb  startup_stm32g431xx.o [1]
_call_main               0x800'1b61         Code  Gb  cmain.o [7]
_exit                    0x800'1b7d         Code  Gb  cexit.o [7]
buttonPressed           0x2000'0001    0x1  Data  Gb  main.o [2]
exit                     0x800'1b77    0x4  Code  Gb  exit.o [5]
firstSend               0x2000'0073    0x1  Data  Gb  KeyboardHoldRepeat.o [2]
htim17                  0x2000'0074   0x4c  Data  Gb  main.o [2]
htim3                   0x2000'0004   0x4c  Data  Gb  main.o [2]
hundred_mS_Counter      0x2000'0068    0x2  Data  Gb  stm32g4xx_it.o [2]
hundred_mS_Flag         0x2000'0062    0x1  Data  Gb  stm32g4xx_it.o [2]
keyCode                 0x2000'0000    0x1  Data  Gb  main.o [2]
keyCodeDebounceCounter  0x2000'006c    0x1  Data  Gb  KeyboardHoldRepeat.o [2]
keyCodeDebounced        0x2000'006d    0x1  Data  Gb  KeyboardHoldRepeat.o [2]
keyCodeHoldCounter      0x2000'006e    0x1  Data  Gb  KeyboardHoldRepeat.o [2]
keyCodeProcessed        0x2000'0071    0x1  Data  Gb  KeyboardHoldRepeat.o [2]
keyCodeRepeatDelayCounter
                        0x2000'006f    0x1  Data  Gb  KeyboardHoldRepeat.o [2]
lastKeyCode             0x2000'0072    0x1  Data  Gb  KeyboardHoldRepeat.o [2]
main                     0x800'14e1  0x20a  Code  Gb  main.o [2]
memset                   0x800'0b65   0x14  Code  Gb  memset.o [7]
motorDir                0x2000'0002    0x1  Data  Gb  main.o [2]
one_S_Counter           0x2000'006a    0x2  Data  Gb  stm32g4xx_it.o [2]
one_S_Flag              0x2000'0063    0x1  Data  Gb  stm32g4xx_it.o [2]
processKeyCode          0x2000'0070    0x1  Data  Gb  KeyboardHoldRepeat.o [2]
ten_mS_Counter          0x2000'0064    0x2  Data  Gb  stm32g4xx_it.o [2]
ten_mS_Flag             0x2000'0060    0x1  Data  Gb  stm32g4xx_it.o [2]
twentyfive_mS_Counter   0x2000'0066    0x2  Data  Gb  stm32g4xx_it.o [2]
twentyfive_mS_Flag      0x2000'0061    0x1  Data  Gb  stm32g4xx_it.o [2]
uwTick                  0x2000'0050    0x4  Data  Gb  stm32g4xx_hal.o [4]
uwTickFreq              0x2000'0058    0x4  Data  Gb  stm32g4xx_hal.o [4]
uwTickPrio              0x2000'0054    0x4  Data  Gb  stm32g4xx_hal.o [4]


[1] = C:\GitHub\SCU-Work\ELEN_460\ELEN460_Final_Project_Main\EWARM\ELEN460_Final_Project_Main\Obj\Application\EWARM
[2] = C:\GitHub\SCU-Work\ELEN_460\ELEN460_Final_Project_Main\EWARM\ELEN460_Final_Project_Main\Obj\Application\User\Core
[3] = C:\GitHub\SCU-Work\ELEN_460\ELEN460_Final_Project_Main\EWARM\ELEN460_Final_Project_Main\Obj\Drivers\CMSIS
[4] = C:\GitHub\SCU-Work\ELEN_460\ELEN460_Final_Project_Main\EWARM\ELEN460_Final_Project_Main\Obj\Drivers\STM32G4xx_HAL_Driver
[5] = dl7M_tlf.a
[6] = m7M_tls.a
[7] = rt7M_tl.a
[8] = shb_l.a

  7'358 bytes of readonly  code memory
     67 bytes of readonly  data memory
  1'216 bytes of readwrite data memory

Errors: none
Warnings: none
